Archive member included to satisfy reference by file (symbol)

c:/st/stm32cubeide_1.10.1/stm32cubeide/plugins/com.st.stm32cube.ide.mcu.externaltools.gnu-tools-for-stm32.10.3-2021.10.win32_1.0.0.202111181127/tools/bin/../lib/gcc/arm-none-eabi/10.3.1/../../../../arm-none-eabi/lib/thumb/v7-m/nofp\libc_nano.a(lib_a-errno.o)
                              ./Core/Src/syscalls.o (__errno)
c:/st/stm32cubeide_1.10.1/stm32cubeide/plugins/com.st.stm32cube.ide.mcu.externaltools.gnu-tools-for-stm32.10.3-2021.10.win32_1.0.0.202111181127/tools/bin/../lib/gcc/arm-none-eabi/10.3.1/../../../../arm-none-eabi/lib/thumb/v7-m/nofp\libc_nano.a(lib_a-exit.o)
                              c:/st/stm32cubeide_1.10.1/stm32cubeide/plugins/com.st.stm32cube.ide.mcu.externaltools.gnu-tools-for-stm32.10.3-2021.10.win32_1.0.0.202111181127/tools/bin/../lib/gcc/arm-none-eabi/10.3.1/../../../../arm-none-eabi/lib/thumb/v7-m/nofp/crt0.o (exit)
c:/st/stm32cubeide_1.10.1/stm32cubeide/plugins/com.st.stm32cube.ide.mcu.externaltools.gnu-tools-for-stm32.10.3-2021.10.win32_1.0.0.202111181127/tools/bin/../lib/gcc/arm-none-eabi/10.3.1/../../../../arm-none-eabi/lib/thumb/v7-m/nofp\libc_nano.a(lib_a-impure.o)
                              c:/st/stm32cubeide_1.10.1/stm32cubeide/plugins/com.st.stm32cube.ide.mcu.externaltools.gnu-tools-for-stm32.10.3-2021.10.win32_1.0.0.202111181127/tools/bin/../lib/gcc/arm-none-eabi/10.3.1/../../../../arm-none-eabi/lib/thumb/v7-m/nofp\libc_nano.a(lib_a-exit.o) (_global_impure_ptr)
c:/st/stm32cubeide_1.10.1/stm32cubeide/plugins/com.st.stm32cube.ide.mcu.externaltools.gnu-tools-for-stm32.10.3-2021.10.win32_1.0.0.202111181127/tools/bin/../lib/gcc/arm-none-eabi/10.3.1/../../../../arm-none-eabi/lib/thumb/v7-m/nofp\libc_nano.a(lib_a-init.o)
                              c:/st/stm32cubeide_1.10.1/stm32cubeide/plugins/com.st.stm32cube.ide.mcu.externaltools.gnu-tools-for-stm32.10.3-2021.10.win32_1.0.0.202111181127/tools/bin/../lib/gcc/arm-none-eabi/10.3.1/../../../../arm-none-eabi/lib/thumb/v7-m/nofp/crt0.o (__libc_init_array)
c:/st/stm32cubeide_1.10.1/stm32cubeide/plugins/com.st.stm32cube.ide.mcu.externaltools.gnu-tools-for-stm32.10.3-2021.10.win32_1.0.0.202111181127/tools/bin/../lib/gcc/arm-none-eabi/10.3.1/../../../../arm-none-eabi/lib/thumb/v7-m/nofp\libc_nano.a(lib_a-memset.o)
                              c:/st/stm32cubeide_1.10.1/stm32cubeide/plugins/com.st.stm32cube.ide.mcu.externaltools.gnu-tools-for-stm32.10.3-2021.10.win32_1.0.0.202111181127/tools/bin/../lib/gcc/arm-none-eabi/10.3.1/../../../../arm-none-eabi/lib/thumb/v7-m/nofp/crt0.o (memset)
c:/st/stm32cubeide_1.10.1/stm32cubeide/plugins/com.st.stm32cube.ide.mcu.externaltools.gnu-tools-for-stm32.10.3-2021.10.win32_1.0.0.202111181127/tools/bin/../lib/gcc/arm-none-eabi/10.3.1/../../../../arm-none-eabi/lib/thumb/v7-m/nofp\libc_nano.a(lib_a-sprintf.o)
                              ./Core/Src/main.o (sprintf)
c:/st/stm32cubeide_1.10.1/stm32cubeide/plugins/com.st.stm32cube.ide.mcu.externaltools.gnu-tools-for-stm32.10.3-2021.10.win32_1.0.0.202111181127/tools/bin/../lib/gcc/arm-none-eabi/10.3.1/../../../../arm-none-eabi/lib/thumb/v7-m/nofp\libc_nano.a(lib_a-nano-svfprintf.o)
                              c:/st/stm32cubeide_1.10.1/stm32cubeide/plugins/com.st.stm32cube.ide.mcu.externaltools.gnu-tools-for-stm32.10.3-2021.10.win32_1.0.0.202111181127/tools/bin/../lib/gcc/arm-none-eabi/10.3.1/../../../../arm-none-eabi/lib/thumb/v7-m/nofp\libc_nano.a(lib_a-sprintf.o) (_svfprintf_r)
c:/st/stm32cubeide_1.10.1/stm32cubeide/plugins/com.st.stm32cube.ide.mcu.externaltools.gnu-tools-for-stm32.10.3-2021.10.win32_1.0.0.202111181127/tools/bin/../lib/gcc/arm-none-eabi/10.3.1/../../../../arm-none-eabi/lib/thumb/v7-m/nofp\libc_nano.a(lib_a-nano-vfprintf_i.o)
                              c:/st/stm32cubeide_1.10.1/stm32cubeide/plugins/com.st.stm32cube.ide.mcu.externaltools.gnu-tools-for-stm32.10.3-2021.10.win32_1.0.0.202111181127/tools/bin/../lib/gcc/arm-none-eabi/10.3.1/../../../../arm-none-eabi/lib/thumb/v7-m/nofp\libc_nano.a(lib_a-nano-svfprintf.o) (_printf_i)
c:/st/stm32cubeide_1.10.1/stm32cubeide/plugins/com.st.stm32cube.ide.mcu.externaltools.gnu-tools-for-stm32.10.3-2021.10.win32_1.0.0.202111181127/tools/bin/../lib/gcc/arm-none-eabi/10.3.1/../../../../arm-none-eabi/lib/thumb/v7-m/nofp\libc_nano.a(lib_a-memchr-stub.o)
                              c:/st/stm32cubeide_1.10.1/stm32cubeide/plugins/com.st.stm32cube.ide.mcu.externaltools.gnu-tools-for-stm32.10.3-2021.10.win32_1.0.0.202111181127/tools/bin/../lib/gcc/arm-none-eabi/10.3.1/../../../../arm-none-eabi/lib/thumb/v7-m/nofp\libc_nano.a(lib_a-nano-svfprintf.o) (memchr)
c:/st/stm32cubeide_1.10.1/stm32cubeide/plugins/com.st.stm32cube.ide.mcu.externaltools.gnu-tools-for-stm32.10.3-2021.10.win32_1.0.0.202111181127/tools/bin/../lib/gcc/arm-none-eabi/10.3.1/../../../../arm-none-eabi/lib/thumb/v7-m/nofp\libc_nano.a(lib_a-memcpy-stub.o)
[...]
Memory Configuration

Name             Origin             Length             Attributes
RAM              0x0000000020000000 0x0000000000010000 xrw
FLASH            0x0000000008000000 0x0000000000080000 xr
*default*        0x0000000000000000 0xffffffffffffffff

Linker script and memory map

LOAD c:/st/stm32cubeide_1.10.1/stm32cubeide/plugins/com.st.stm32cube.ide.mcu.externaltools.gnu-tools-for-stm32.10.3-2021.10.win32_1.0.0.202111181127/tools/bin/../lib/gcc/arm-none-eabi/10.3.1/thumb/v7-m/nofp/crti.o
LOAD c:/st/stm32cubeide_1.10.1/stm32cubeide/plugins/com.st.stm32cube.ide.mcu.externaltools.gnu-tools-for-stm32.10.3-2021.10.win32_1.0.0.202111181127/tools/bin/../lib/gcc/arm-none-eabi/10.3.1/thumb/v7-m/nofp/crtbegin.o
LOAD c:/st/stm32cubeide_1.10.1/stm32cubeide/plugins/com.st.stm32cube.ide.mcu.externaltools.gnu-tools-for-stm32.10.3-2021.10.win32_1.0.0.202111181127/tools/bin/../lib/gcc/arm-none-eabi/10.3.1/../../../../arm-none-eabi/lib/thumb/v7-m/nofp/crt0.o
LOAD ./Core/Src/lcd.o
LOAD ./Core/Src/main.o
LOAD ./Core/Src/stm32f1xx_hal_msp.o
LOAD ./Core/Src/stm32f1xx_it.o
LOAD ./Core/Src/syscalls.o
LOAD ./Core/Src/sysmem.o
LOAD ./Core/Src/system_stm32f1xx.o
LOAD ./Core/Startup/startup_stm32f103vetx.o
LOAD ./Drivers/STM32F1xx_HAL_Driver/Src/stm32f1xx_hal.o
LOAD ./Drivers/STM32F1xx_HAL_Driver/Src/stm32f1xx_hal_cortex.o
LOAD ./Drivers/STM32F1xx_HAL_Driver/Src/stm32f1xx_hal_dac.o
LOAD ./Drivers/STM32F1xx_HAL_Driver/Src/stm32f1xx_hal_dac_ex.o
LOAD ./Drivers/STM32F1xx_HAL_Driver/Src/stm32f1xx_hal_dma.o
LOAD ./Drivers/STM32F1xx_HAL_Driver/Src/stm32f1xx_hal_exti.o
LOAD ./Drivers/STM32F1xx_HAL_Driver/Src/stm32f1xx_hal_flash.o
LOAD ./Drivers/STM32F1xx_HAL_Driver/Src/stm32f1xx_hal_flash_ex.o
LOAD ./Drivers/STM32F1xx_HAL_Driver/Src/stm32f1xx_hal_gpio.o
LOAD ./Drivers/STM32F1xx_HAL_Driver/Src/stm32f1xx_hal_gpio_ex.o
LOAD ./Drivers/STM32F1xx_HAL_Driver/Src/stm32f1xx_hal_pwr.o
LOAD ./Drivers/STM32F1xx_HAL_Driver/Src/stm32f1xx_hal_rcc.o
LOAD ./Drivers/STM32F1xx_HAL_Driver/Src/stm32f1xx_hal_rcc_ex.o
LOAD ./Drivers/STM32F1xx_HAL_Driver/Src/stm32f1xx_hal_sd.o
LOAD ./Drivers/STM32F1xx_HAL_Driver/Src/stm32f1xx_hal_sram.o
LOAD ./Drivers/STM32F1xx_HAL_Driver/Src/stm32f1xx_hal_tim.o
LOAD ./Drivers/STM32F1xx_HAL_Driver/Src/stm32f1xx_hal_tim_ex.o
LOAD ./Drivers/STM32F1xx_HAL_Driver/Src/stm32f1xx_ll_fsmc.o
LOAD ./Drivers/STM32F1xx_HAL_Driver/Src/stm32f1xx_ll_sdmmc.o
LOAD ./FATFS/App/fatfs.o
LOAD ./FATFS/Target/bsp_driver_sd.o
LOAD ./Middlewares/Third_Party/FatFs/src/diskio.o
LOAD ./Middlewares/Third_Party/FatFs/src/ff.o
LOAD ./Middlewares/Third_Party/FatFs/src/ff_gen_drv.o
LOAD ./Middlewares/Third_Party/FatFs/src/drivers/sd_diskio.o
LOAD ./Middlewares/Third_Party/FatFs/src/option/syscall.o
START GROUP
LOAD c:/st/stm32cubeide_1.10.1/stm32cubeide/plugins/com.st.stm32cube.ide.mcu.externaltools.gnu-tools-for-stm32.10.3-2021.10.win32_1.0.0.202111181127/tools/bin/../lib/gcc/arm-none-eabi/10.3.1/../../../../arm-none-eabi/lib/thumb/v7-m/nofp\libc_nano.a
LOAD c:/st/stm32cubeide_1.10.1/stm32cubeide/plugins/com.st.stm32cube.ide.mcu.externaltools.gnu-tools-for-stm32.10.3-2021.10.win32_1.0.0.202111181127/tools/bin/../lib/gcc/arm-none-eabi/10.3.1/../../../../arm-none-eabi/lib/thumb/v7-m/nofp\libm.a
END GROUP
START GROUP
LOAD c:/st/stm32cubeide_1.10.1/stm32cubeide/plugins/com.st.stm32cube.ide.mcu.externaltools.gnu-tools-for-stm32.10.3-2021.10.win32_1.0.0.202111181127/tools/bin/../lib/gcc/arm-none-eabi/10.3.1/thumb/v7-m/nofp\libgcc.a
LOAD c:/st/stm32cubeide_1.10.1/stm32cubeide/plugins/com.st.stm32cube.ide.mcu.externaltools.gnu-tools-for-stm32.10.3-2021.10.win32_1.0.0.202111181127/tools/bin/../lib/gcc/arm-none-eabi/10.3.1/../../../../arm-none-eabi/lib/thumb/v7-m/nofp\libc_nano.a
END GROUP
START GROUP
LOAD c:/st/stm32cubeide_1.10.1/stm32cubeide/plugins/com.st.stm32cube.ide.mcu.externaltools.gnu-tools-for-stm32.10.3-2021.10.win32_1.0.0.202111181127/tools/bin/../lib/gcc/arm-none-eabi/10.3.1/thumb/v7-m/nofp\libgcc.a
LOAD c:/st/stm32cubeide_1.10.1/stm32cubeide/plugins/com.st.stm32cube.ide.mcu.externaltools.gnu-tools-for-stm32.10.3-2021.10.win32_1.0.0.202111181127/tools/bin/../lib/gcc/arm-none-eabi/10.3.1/../../../../arm-none-eabi/lib/thumb/v7-m/nofp\libc_nano.a
LOAD c:/st/stm32cubeide_1.10.1/stm32cubeide/plugins/com.st.stm32cube.ide.mcu.externaltools.gnu-tools-for-stm32.10.3-2021.10.win32_1.0.0.202111181127/tools/bin/../lib/gcc/arm-none-eabi/10.3.1/../../../../arm-none-eabi/lib/thumb/v7-m/nofp\libnosys.a
END GROUP
START GROUP
LOAD c:/st/stm32cubeide_1.10.1/stm32cubeide/plugins/com.st.stm32cube.ide.mcu.externaltools.gnu-tools-for-stm32.10.3-2021.10.win32_1.0.0.202111181127/tools/bin/../lib/gcc/arm-none-eabi/10.3.1/thumb/v7-m/nofp\libgcc.a
LOAD c:/st/stm32cubeide_1.10.1/stm32cubeide/plugins/com.st.stm32cube.ide.mcu.externaltools.gnu-tools-for-stm32.10.3-2021.10.win32_1.0.0.202111181127/tools/bin/../lib/gcc/arm-none-eabi/10.3.1/../../../../arm-none-eabi/lib/thumb/v7-m/nofp\libc_nano.a
LOAD c:/st/stm32cubeide_1.10.1/stm32cubeide/plugins/com.st.stm32cube.ide.mcu.externaltools.gnu-tools-for-stm32.10.3-2021.10.win32_1.0.0.202111181127/tools/bin/../lib/gcc/arm-none-eabi/10.3.1/../../../../arm-none-eabi/lib/thumb/v7-m/nofp\libnosys.a
END GROUP
LOAD c:/st/stm32cubeide_1.10.1/stm32cubeide/plugins/com.st.stm32cube.ide.mcu.externaltools.gnu-tools-for-stm32.10.3-2021.10.win32_1.0.0.202111181127/tools/bin/../lib/gcc/arm-none-eabi/10.3.1/thumb/v7-m/nofp/crtend.o
LOAD c:/st/stm32cubeide_1.10.1/stm32cubeide/plugins/com.st.stm32cube.ide.mcu.externaltools.gnu-tools-for-stm32.10.3-2021.10.win32_1.0.0.202111181127/tools/bin/../lib/gcc/arm-none-eabi/10.3.1/thumb/v7-m/nofp/crtn.o
                0x0000000020010000                _estack = (ORIGIN (RAM) + LENGTH (RAM))
                0x0000000000000200                _Min_Heap_Size = 0x200
                0x0000000000000400                _Min_Stack_Size = 0x400

.isr_vector     0x0000000008000000      0x1e4
                0x0000000008000000                . = ALIGN (0x4)
 *(.isr_vector)
 .isr_vector    0x0000000008000000      0x1e4 ./Core/Startup/startup_stm32f103vetx.o
                0x0000000008000000                g_pfnVectors
                0x00000000080001e4                . = ALIGN (0x4)

.text           0x00000000080001e4     0x9730
                0x00000000080001e4                . = ALIGN (0x4)
 *(.text)
 .text          0x00000000080001e4       0x40 c:/st/stm32cubeide_1.10.1/stm32cubeide/plugins/com.st.stm32cube.ide.mcu.externaltools.gnu-tools-for-stm32.10.3-2021.10.win32_1.0.0.202111181127/tools/bin/../lib/gcc/arm-none-eabi/10.3.1/thumb/v7-m/nofp/crtbegin.o
 *(.text*)
 .text.Delay    0x0000000008000224       0x22 ./Core/Src/lcd.o
                0x0000000008000224                Delay
 .text.LCD_INIT
                0x0000000008000246       0x2e ./Core/Src/lcd.o
                0x0000000008000246                LCD_INIT
 .text.LCD_Rst  0x0000000008000274       0x30 ./Core/Src/lcd.o
                0x0000000008000274                LCD_Rst
 .text.LCD_BackLed_Control
                0x00000000080002a4       0x38 ./Core/Src/lcd.o
                0x00000000080002a4                LCD_BackLed_Control
 .text.LCD_Write_Cmd
                0x00000000080002dc       0x1c ./Core/Src/lcd.o
                0x00000000080002dc                LCD_Write_Cmd
 .text.LCD_Write_Data
                0x00000000080002f8       0x20 ./Core/Src/lcd.o
                0x00000000080002f8                LCD_Write_Data
 .text.LCD_REG_Config
                0x0000000008000318      0x234 ./Core/Src/lcd.o
                0x0000000008000318                LCD_REG_Config
 .text.LCD_OpenWindow
                0x000000000800054c       0xb2 ./Core/Src/lcd.o
                0x000000000800054c                LCD_OpenWindow
 .text.LCD_FillColor
                0x00000000080005fe       0x3c ./Core/Src/lcd.o
                0x00000000080005fe                LCD_FillColor
 .text.LCD_Clear
                0x000000000800063a       0x46 ./Core/Src/lcd.o
                0x000000000800063a                LCD_Clear
 .text.LCD_DrawChar
                0x0000000008000680       0x8c ./Core/Src/lcd.o
                0x0000000008000680                LCD_DrawChar
 .text.LCD_DrawString
                0x000000000800070c       0x5e ./Core/Src/lcd.o
                0x000000000800070c                LCD_DrawString
 .text.initFileStruct
                0x000000000800076a       0xc4 ./Core/Src/main.o
 .text.initFileHeader
                0x000000000800082e       0x26 ./Core/Src/main.o
 .text.readFile
                0x0000000008000854      0x124 ./Core/Src/main.o
 .text.readSample
                0x0000000008000978      0x17c ./Core/Src/main.o
 .text.error_handler
                0x0000000008000af4       0x3c ./Core/Src/main.o
                0x0000000008000af4                error_handler
 .text.main     0x0000000008000b30      0x444 ./Core/Src/main.o
                0x0000000008000b30                main
 .text.SystemClock_Config
                0x0000000008000f74       0x8a ./Core/Src/main.o
                0x0000000008000f74                SystemClock_Config
 *fill*         0x0000000008000ffe        0x2 
 .text.MX_DAC_Init
                0x0000000008001000       0x6c ./Core/Src/main.o
 .text.MX_SDIO_SD_Init
                0x000000000800106c       0x40 ./Core/Src/main.o
 .text.MX_TIM2_Init
                0x00000000080010ac       0x98 ./Core/Src/main.o
 .text.MX_TIM3_Init
                0x0000000008001144       0x9c ./Core/Src/main.o
 .text.MX_DMA_Init
                0x00000000080011e0       0x3c ./Core/Src/main.o
 .text.MX_GPIO_Init
                0x000000000800121c      0x168 ./Core/Src/main.o
 .text.MX_FSMC_Init
                0x0000000008001384       0xc8 ./Core/Src/main.o
 .text.HAL_TIM_PeriodElapsedCallback
                0x000000000800144c       0x60 ./Core/Src/main.o
                0x000000000800144c                HAL_TIM_PeriodElapsedCallback
 .text.Error_Handler
                0x00000000080014ac        0xa ./Core/Src/main.o
                0x00000000080014ac                Error_Handler
 *fill*         0x00000000080014b6        0x2 
 .text.HAL_MspInit
                0x00000000080014b8       0x64 ./Core/Src/stm32f1xx_hal_msp.o
                0x00000000080014b8                HAL_MspInit
 .text.HAL_DAC_MspInit
                0x000000000800151c       0xd4 ./Core/Src/stm32f1xx_hal_msp.o
                0x000000000800151c                HAL_DAC_MspInit
 .text.HAL_SD_MspInit
                0x00000000080015f0       0xc4 ./Core/Src/stm32f1xx_hal_msp.o
                0x00000000080015f0                HAL_SD_MspInit
 .text.HAL_TIM_Base_MspInit
                0x00000000080016b4       0x80 ./Core/Src/stm32f1xx_hal_msp.o
                0x00000000080016b4                HAL_TIM_Base_MspInit
 .text.HAL_FSMC_MspInit
                0x0000000008001734       0x88 ./Core/Src/stm32f1xx_hal_msp.o
 .text.HAL_SRAM_MspInit
                0x00000000080017bc       0x14 ./Core/Src/stm32f1xx_hal_msp.o
                0x00000000080017bc                HAL_SRAM_MspInit
 .text.NMI_Handler
                0x00000000080017d0        0x6 ./Core/Src/stm32f1xx_it.o
                0x00000000080017d0                NMI_Handler
 *fill*         0x00000000080017d6        0x2 
 .text.HardFault_Handler
                0x00000000080017d8       0x14 ./Core/Src/stm32f1xx_it.o
                0x00000000080017d8                HardFault_Handler
 .text.MemManage_Handler
                0x00000000080017ec        0x6 ./Core/Src/stm32f1xx_it.o
                0x00000000080017ec                MemManage_Handler
 .text.BusFault_Handler
                0x00000000080017f2        0x6 ./Core/Src/stm32f1xx_it.o
                0x00000000080017f2                BusFault_Handler
 .text.UsageFault_Handler
                0x00000000080017f8        0x6 ./Core/Src/stm32f1xx_it.o
                0x00000000080017f8                UsageFault_Handler
 .text.SVC_Handler
                0x00000000080017fe        0xc ./Core/Src/stm32f1xx_it.o
                0x00000000080017fe                SVC_Handler
 .text.DebugMon_Handler
                0x000000000800180a        0xc ./Core/Src/stm32f1xx_it.o
                0x000000000800180a                DebugMon_Handler
 .text.PendSV_Handler
                0x0000000008001816        0xc ./Core/Src/stm32f1xx_it.o
                0x0000000008001816                PendSV_Handler
 .text.SysTick_Handler
                0x0000000008001822        0xc ./Core/Src/stm32f1xx_it.o
                0x0000000008001822                SysTick_Handler
 *fill*         0x000000000800182e        0x2 
 .text.TIM2_IRQHandler
                0x0000000008001830       0x14 ./Core/Src/stm32f1xx_it.o
                0x0000000008001830                TIM2_IRQHandler
 .text.TIM3_IRQHandler
                0x0000000008001844       0x14 ./Core/Src/stm32f1xx_it.o
                0x0000000008001844                TIM3_IRQHandler
 .text.SDIO_IRQHandler
                0x0000000008001858       0x14 ./Core/Src/stm32f1xx_it.o
                0x0000000008001858                SDIO_IRQHandler
 .text.DMA2_Channel4_5_IRQHandler
                0x000000000800186c       0x14 ./Core/Src/stm32f1xx_it.o
                0x000000000800186c                DMA2_Channel4_5_IRQHandler
 .text._sbrk    0x0000000008001880       0x6c ./Core/Src/sysmem.o
                0x0000000008001880                _sbrk
 .text.SystemInit
                0x00000000080018ec        0xc ./Core/Src/system_stm32f1xx.o
                0x00000000080018ec                SystemInit
 .text.Reset_Handler
                0x00000000080018f8       0x48 ./Core/Startup/startup_stm32f103vetx.o
                0x00000000080018f8                Reset_Handler
 .text.Default_Handler
                0x0000000008001940        0x2 ./Core/Startup/startup_stm32f103vetx.o
                0x0000000008001940                RTC_Alarm_IRQHandler
                0x0000000008001940                EXTI2_IRQHandler
                0x0000000008001940                TIM8_TRG_COM_IRQHandler
                0x0000000008001940                TIM8_CC_IRQHandler
                0x0000000008001940                TIM1_CC_IRQHandler
                0x0000000008001940                TIM6_IRQHandler
                0x0000000008001940                PVD_IRQHandler
                0x0000000008001940                EXTI3_IRQHandler
                0x0000000008001940                EXTI0_IRQHandler
                0x0000000008001940                I2C2_EV_IRQHandler
                0x0000000008001940                ADC1_2_IRQHandler
                0x0000000008001940                SPI1_IRQHandler
                0x0000000008001940                TAMPER_IRQHandler
                0x0000000008001940                TIM8_UP_IRQHandler
                0x0000000008001940                DMA2_Channel2_IRQHandler
                0x0000000008001940                DMA1_Channel4_IRQHandler
                0x0000000008001940                USART3_IRQHandler
                0x0000000008001940                RTC_IRQHandler
                0x0000000008001940                DMA1_Channel7_IRQHandler
                0x0000000008001940                CAN1_RX1_IRQHandler
                0x0000000008001940                UART5_IRQHandler
                0x0000000008001940                ADC3_IRQHandler
                0x0000000008001940                TIM4_IRQHandler
                0x0000000008001940                DMA2_Channel1_IRQHandler
                0x0000000008001940                I2C1_EV_IRQHandler
                0x0000000008001940                DMA1_Channel6_IRQHandler
                0x0000000008001940                UART4_IRQHandler
                0x0000000008001940                RCC_IRQHandler
                0x0000000008001940                TIM1_TRG_COM_IRQHandler
                0x0000000008001940                DMA1_Channel1_IRQHandler
                0x0000000008001940                Default_Handler
                0x0000000008001940                EXTI15_10_IRQHandler
                0x0000000008001940                TIM7_IRQHandler
                0x0000000008001940                TIM5_IRQHandler
                0x0000000008001940                EXTI9_5_IRQHandler
                0x0000000008001940                SPI2_IRQHandler
                0x0000000008001940                DMA1_Channel5_IRQHandler
                0x0000000008001940                EXTI4_IRQHandler
                0x0000000008001940                USB_LP_CAN1_RX0_IRQHandler
                0x0000000008001940                USB_HP_CAN1_TX_IRQHandler
                0x0000000008001940                DMA1_Channel3_IRQHandler
                0x0000000008001940                FSMC_IRQHandler
                0x0000000008001940                TIM1_UP_IRQHandler
                0x0000000008001940                WWDG_IRQHandler
                0x0000000008001940                TIM1_BRK_IRQHandler
                0x0000000008001940                EXTI1_IRQHandler
                0x0000000008001940                USART2_IRQHandler
                0x0000000008001940                I2C2_ER_IRQHandler
                0x0000000008001940                DMA1_Channel2_IRQHandler
                0x0000000008001940                TIM8_BRK_IRQHandler
                0x0000000008001940                CAN1_SCE_IRQHandler
                0x0000000008001940                FLASH_IRQHandler
                0x0000000008001940                USART1_IRQHandler
                0x0000000008001940                SPI3_IRQHandler
                0x0000000008001940                I2C1_ER_IRQHandler
                0x0000000008001940                USBWakeUp_IRQHandler
                0x0000000008001940                DMA2_Channel3_IRQHandler
 *fill*         0x0000000008001942        0x2 
 .text.HAL_Init
                0x0000000008001944       0x2c ./Drivers/STM32F1xx_HAL_Driver/Src/stm32f1xx_hal.o
                0x0000000008001944                HAL_Init
 .text.HAL_InitTick
                0x0000000008001970       0x60 ./Drivers/STM32F1xx_HAL_Driver/Src/stm32f1xx_hal.o
                0x0000000008001970                HAL_InitTick
 .text.HAL_IncTick
                0x00000000080019d0       0x24 ./Drivers/STM32F1xx_HAL_Driver/Src/stm32f1xx_hal.o
                0x00000000080019d0                HAL_IncTick
 .text.HAL_GetTick
                0x00000000080019f4       0x14 ./Drivers/STM32F1xx_HAL_Driver/Src/stm32f1xx_hal.o
                0x00000000080019f4                HAL_GetTick
 .text.HAL_Delay
                0x0000000008001a08       0x48 ./Drivers/STM32F1xx_HAL_Driver/Src/stm32f1xx_hal.o
                0x0000000008001a08                HAL_Delay
 .text.__NVIC_SetPriorityGrouping
                0x0000000008001a50       0x48 ./Drivers/STM32F1xx_HAL_Driver/Src/stm32f1xx_hal_cortex.o
 .text.__NVIC_GetPriorityGrouping
                0x0000000008001a98       0x1c ./Drivers/STM32F1xx_HAL_Driver/Src/stm32f1xx_hal_cortex.o
 .text.__NVIC_EnableIRQ
                0x0000000008001ab4       0x38 ./Drivers/STM32F1xx_HAL_Driver/Src/stm32f1xx_hal_cortex.o
 .text.__NVIC_SetPriority
                0x0000000008001aec       0x54 ./Drivers/STM32F1xx_HAL_Driver/Src/stm32f1xx_hal_cortex.o
 .text.NVIC_EncodePriority
                0x0000000008001b40       0x64 ./Drivers/STM32F1xx_HAL_Driver/Src/stm32f1xx_hal_cortex.o
 .text.SysTick_Config
                0x0000000008001ba4       0x44 ./Drivers/STM32F1xx_HAL_Driver/Src/stm32f1xx_hal_cortex.o
 .text.HAL_NVIC_SetPriorityGrouping
                0x0000000008001be8       0x16 ./Drivers/STM32F1xx_HAL_Driver/Src/stm32f1xx_hal_cortex.o
                0x0000000008001be8                HAL_NVIC_SetPriorityGrouping
 .text.HAL_NVIC_SetPriority
                0x0000000008001bfe       0x38 ./Drivers/STM32F1xx_HAL_Driver/Src/stm32f1xx_hal_cortex.o
                0x0000000008001bfe                HAL_NVIC_SetPriority
 .text.HAL_NVIC_EnableIRQ
                0x0000000008001c36       0x1c ./Drivers/STM32F1xx_HAL_Driver/Src/stm32f1xx_hal_cortex.o
                0x0000000008001c36                HAL_NVIC_EnableIRQ
 .text.HAL_SYSTICK_Config
                0x0000000008001c52       0x18 ./Drivers/STM32F1xx_HAL_Driver/Src/stm32f1xx_hal_cortex.o
                0x0000000008001c52                HAL_SYSTICK_Config
 .text.HAL_DAC_Init
                0x0000000008001c6a       0x44 ./Drivers/STM32F1xx_HAL_Driver/Src/stm32f1xx_hal_dac.o
                0x0000000008001c6a                HAL_DAC_Init
 .text.HAL_DAC_Start
                0x0000000008001cae       0xa2 ./Drivers/STM32F1xx_HAL_Driver/Src/stm32f1xx_hal_dac.o
                0x0000000008001cae                HAL_DAC_Start
 .text.HAL_DAC_SetValue
                0x0000000008001d50       0x48 ./Drivers/STM32F1xx_HAL_Driver/Src/stm32f1xx_hal_dac.o
                0x0000000008001d50                HAL_DAC_SetValue
 .text.HAL_DAC_ConfigChannel
                0x0000000008001d98       0x9c ./Drivers/STM32F1xx_HAL_Driver/Src/stm32f1xx_hal_dac.o
                0x0000000008001d98                HAL_DAC_ConfigChannel
 .text.HAL_DMA_Init
                0x0000000008001e34       0xec ./Drivers/STM32F1xx_HAL_Driver/Src/stm32f1xx_hal_dma.o
                0x0000000008001e34                HAL_DMA_Init
 .text.HAL_DMA_Abort_IT
                0x0000000008001f20      0x210 ./Drivers/STM32F1xx_HAL_Driver/Src/stm32f1xx_hal_dma.o
                0x0000000008001f20                HAL_DMA_Abort_IT
 .text.HAL_DMA_IRQHandler
                0x0000000008002130      0x478 ./Drivers/STM32F1xx_HAL_Driver/Src/stm32f1xx_hal_dma.o
                0x0000000008002130                HAL_DMA_IRQHandler
 .text.HAL_GPIO_Init
                0x00000000080025a8      0x328 ./Drivers/STM32F1xx_HAL_Driver/Src/stm32f1xx_hal_gpio.o
                0x00000000080025a8                HAL_GPIO_Init
 .text.HAL_GPIO_WritePin
                0x00000000080028d0       0x30 ./Drivers/STM32F1xx_HAL_Driver/Src/stm32f1xx_hal_gpio.o
                0x00000000080028d0                HAL_GPIO_WritePin
 .text.HAL_GPIO_TogglePin
                0x0000000008002900       0x32 ./Drivers/STM32F1xx_HAL_Driver/Src/stm32f1xx_hal_gpio.o
                0x0000000008002900                HAL_GPIO_TogglePin
 *fill*         0x0000000008002932        0x2 
 .text.HAL_RCC_OscConfig
                0x0000000008002934      0x504 ./Drivers/STM32F1xx_HAL_Driver/Src/stm32f1xx_hal_rcc.o
                0x0000000008002934                HAL_RCC_OscConfig
 .text.HAL_RCC_ClockConfig
                0x0000000008002e38      0x1d4 ./Drivers/STM32F1xx_HAL_Driver/Src/stm32f1xx_hal_rcc.o
                0x0000000008002e38                HAL_RCC_ClockConfig
 .text.HAL_RCC_GetSysClockFreq
                0x000000000800300c       0xbc ./Drivers/STM32F1xx_HAL_Driver/Src/stm32f1xx_hal_rcc.o
                0x000000000800300c                HAL_RCC_GetSysClockFreq
 .text.RCC_Delay
                0x00000000080030c8       0x3c ./Drivers/STM32F1xx_HAL_Driver/Src/stm32f1xx_hal_rcc.o
 .text.HAL_SD_Init
                0x0000000008003104       0x60 ./Drivers/STM32F1xx_HAL_Driver/Src/stm32f1xx_hal_sd.o
                0x0000000008003104                HAL_SD_Init
 .text.HAL_SD_InitCard
                0x0000000008003164       0xfc ./Drivers/STM32F1xx_HAL_Driver/Src/stm32f1xx_hal_sd.o
                0x0000000008003164                HAL_SD_InitCard
 .text.HAL_SD_ReadBlocks
                0x0000000008003260      0x3bc ./Drivers/STM32F1xx_HAL_Driver/Src/stm32f1xx_hal_sd.o
                0x0000000008003260                HAL_SD_ReadBlocks
 .text.HAL_SD_WriteBlocks
                0x000000000800361c      0x30c ./Drivers/STM32F1xx_HAL_Driver/Src/stm32f1xx_hal_sd.o
                0x000000000800361c                HAL_SD_WriteBlocks
 .text.HAL_SD_IRQHandler
                0x0000000008003928      0x2f0 ./Drivers/STM32F1xx_HAL_Driver/Src/stm32f1xx_hal_sd.o
                0x0000000008003928                HAL_SD_IRQHandler
 .text.HAL_SD_ErrorCallback
                0x0000000008003c18       0x12 ./Drivers/STM32F1xx_HAL_Driver/Src/stm32f1xx_hal_sd.o
                0x0000000008003c18                HAL_SD_ErrorCallback
 *fill*         0x0000000008003c2a        0x2 
 .text.HAL_SD_GetCardCSD
                0x0000000008003c2c      0x348 ./Drivers/STM32F1xx_HAL_Driver/Src/stm32f1xx_hal_sd.o
                0x0000000008003c2c                HAL_SD_GetCardCSD
 .text.HAL_SD_GetCardInfo
                0x0000000008003f74       0x56 ./Drivers/STM32F1xx_HAL_Driver/Src/stm32f1xx_hal_sd.o
                0x0000000008003f74                HAL_SD_GetCardInfo
 *fill*         0x0000000008003fca        0x2 
 .text.HAL_SD_ConfigWideBusOperation
                0x0000000008003fcc      0x134 ./Drivers/STM32F1xx_HAL_Driver/Src/stm32f1xx_hal_sd.o
                0x0000000008003fcc                HAL_SD_ConfigWideBusOperation
 .text.HAL_SD_GetCardState
                0x0000000008004100       0x40 ./Drivers/STM32F1xx_HAL_Driver/Src/stm32f1xx_hal_sd.o
                0x0000000008004100                HAL_SD_GetCardState
 .text.SD_DMATxAbort
                0x0000000008004140       0x6e ./Drivers/STM32F1xx_HAL_Driver/Src/stm32f1xx_hal_sd.o
 .text.SD_DMARxAbort
                0x00000000080041ae       0x6e ./Drivers/STM32F1xx_HAL_Driver/Src/stm32f1xx_hal_sd.o
 .text.SD_InitCard
                0x000000000800421c      0x19c ./Drivers/STM32F1xx_HAL_Driver/Src/stm32f1xx_hal_sd.o
 .text.SD_PowerON
                0x00000000080043b8      0x11c ./Drivers/STM32F1xx_HAL_Driver/Src/stm32f1xx_hal_sd.o
 .text.SD_SendStatus
                0x00000000080044d4       0x50 ./Drivers/STM32F1xx_HAL_Driver/Src/stm32f1xx_hal_sd.o
 .text.SD_WideBus_Enable
                0x0000000008004524       0x96 ./Drivers/STM32F1xx_HAL_Driver/Src/stm32f1xx_hal_sd.o
 .text.SD_WideBus_Disable
                0x00000000080045ba       0x96 ./Drivers/STM32F1xx_HAL_Driver/Src/stm32f1xx_hal_sd.o
 .text.SD_FindSCR
                0x0000000008004650      0x1a6 ./Drivers/STM32F1xx_HAL_Driver/Src/stm32f1xx_hal_sd.o
 .text.SD_Read_IT
                0x00000000080047f6       0xa2 ./Drivers/STM32F1xx_HAL_Driver/Src/stm32f1xx_hal_sd.o
 .text.SD_Write_IT
                0x0000000008004898       0xaa ./Drivers/STM32F1xx_HAL_Driver/Src/stm32f1xx_hal_sd.o
 .text.HAL_SRAM_Init
                0x0000000008004942       0x9a ./Drivers/STM32F1xx_HAL_Driver/Src/stm32f1xx_hal_sram.o
                0x0000000008004942                HAL_SRAM_Init
 .text.HAL_TIM_Base_Init
                0x00000000080049dc       0x9e ./Drivers/STM32F1xx_HAL_Driver/Src/stm32f1xx_hal_tim.o
                0x00000000080049dc                HAL_TIM_Base_Init
 *fill*         0x0000000008004a7a        0x2 
 .text.HAL_TIM_Base_Start
                0x0000000008004a7c       0xb0 ./Drivers/STM32F1xx_HAL_Driver/Src/stm32f1xx_hal_tim.o
                0x0000000008004a7c                HAL_TIM_Base_Start
 .text.HAL_TIM_IRQHandler
                0x0000000008004b2c      0x210 ./Drivers/STM32F1xx_HAL_Driver/Src/stm32f1xx_hal_tim.o
                0x0000000008004b2c                HAL_TIM_IRQHandler
 .text.HAL_TIM_ConfigClockSource
                0x0000000008004d3c      0x188 ./Drivers/STM32F1xx_HAL_Driver/Src/stm32f1xx_hal_tim.o
                0x0000000008004d3c                HAL_TIM_ConfigClockSource
 .text.HAL_TIM_OC_DelayElapsedCallback
                0x0000000008004ec4       0x12 ./Drivers/STM32F1xx_HAL_Driver/Src/stm32f1xx_hal_tim.o
                0x0000000008004ec4                HAL_TIM_OC_DelayElapsedCallback
 .text.HAL_TIM_IC_CaptureCallback
                0x0000000008004ed6       0x12 ./Drivers/STM32F1xx_HAL_Driver/Src/stm32f1xx_hal_tim.o
                0x0000000008004ed6                HAL_TIM_IC_CaptureCallback
 .text.HAL_TIM_PWM_PulseFinishedCallback
                0x0000000008004ee8       0x12 ./Drivers/STM32F1xx_HAL_Driver/Src/stm32f1xx_hal_tim.o
                0x0000000008004ee8                HAL_TIM_PWM_PulseFinishedCallback
 .text.HAL_TIM_TriggerCallback
                0x0000000008004efa       0x12 ./Drivers/STM32F1xx_HAL_Driver/Src/stm32f1xx_hal_tim.o
                0x0000000008004efa                HAL_TIM_TriggerCallback
 .text.TIM_Base_SetConfig
                0x0000000008004f0c       0xf4 ./Drivers/STM32F1xx_HAL_Driver/Src/stm32f1xx_hal_tim.o
                0x0000000008004f0c                TIM_Base_SetConfig
 .text.TIM_TI1_ConfigInputStage
                0x0000000008005000       0x5c ./Drivers/STM32F1xx_HAL_Driver/Src/stm32f1xx_hal_tim.o
 .text.TIM_TI2_ConfigInputStage
                0x000000000800505c       0x5e ./Drivers/STM32F1xx_HAL_Driver/Src/stm32f1xx_hal_tim.o
 .text.TIM_ITRx_SetConfig
                0x00000000080050ba       0x34 ./Drivers/STM32F1xx_HAL_Driver/Src/stm32f1xx_hal_tim.o
 .text.TIM_ETR_SetConfig
                0x00000000080050ee       0x3e ./Drivers/STM32F1xx_HAL_Driver/Src/stm32f1xx_hal_tim.o
                0x00000000080050ee                TIM_ETR_SetConfig
 .text.HAL_TIMEx_MasterConfigSynchronization
                0x000000000800512c       0xd8 ./Drivers/STM32F1xx_HAL_Driver/Src/stm32f1xx_hal_tim_ex.o
                0x000000000800512c                HAL_TIMEx_MasterConfigSynchronization
 .text.HAL_TIMEx_CommutCallback
                0x0000000008005204       0x12 ./Drivers/STM32F1xx_HAL_Driver/Src/stm32f1xx_hal_tim_ex.o
                0x0000000008005204                HAL_TIMEx_CommutCallback
 .text.HAL_TIMEx_BreakCallback
                0x0000000008005216       0x12 ./Drivers/STM32F1xx_HAL_Driver/Src/stm32f1xx_hal_tim_ex.o
                0x0000000008005216                HAL_TIMEx_BreakCallback
 .text.FSMC_NORSRAM_Init
                0x0000000008005228       0xd4 ./Drivers/STM32F1xx_HAL_Driver/Src/stm32f1xx_ll_fsmc.o
                0x0000000008005228                FSMC_NORSRAM_Init
 .text.FSMC_NORSRAM_Timing_Init
                0x00000000080052fc       0x68 ./Drivers/STM32F1xx_HAL_Driver/Src/stm32f1xx_ll_fsmc.o
                0x00000000080052fc                FSMC_NORSRAM_Timing_Init
 .text.FSMC_NORSRAM_Extended_Timing_Init
                0x0000000008005364       0x70 ./Drivers/STM32F1xx_HAL_Driver/Src/stm32f1xx_ll_fsmc.o
                0x0000000008005364                FSMC_NORSRAM_Extended_Timing_Init
 .text.SDIO_Init
                0x00000000080053d4       0x54 ./Drivers/STM32F1xx_HAL_Driver/Src/stm32f1xx_ll_sdmmc.o
                0x00000000080053d4                SDIO_Init
 .text.SDIO_ReadFIFO
                0x0000000008005428       0x18 ./Drivers/STM32F1xx_HAL_Driver/Src/stm32f1xx_ll_sdmmc.o
                0x0000000008005428                SDIO_ReadFIFO
 .text.SDIO_WriteFIFO
                0x0000000008005440       0x20 ./Drivers/STM32F1xx_HAL_Driver/Src/stm32f1xx_ll_sdmmc.o
                0x0000000008005440                SDIO_WriteFIFO
 .text.SDIO_PowerState_ON
                0x0000000008005460       0x1e ./Drivers/STM32F1xx_HAL_Driver/Src/stm32f1xx_ll_sdmmc.o
                0x0000000008005460                SDIO_PowerState_ON
 .text.SDIO_GetPowerState
                0x000000000800547e       0x1a ./Drivers/STM32F1xx_HAL_Driver/Src/stm32f1xx_ll_sdmmc.o
                0x000000000800547e                SDIO_GetPowerState
 .text.SDIO_SendCommand
                0x0000000008005498       0x52 ./Drivers/STM32F1xx_HAL_Driver/Src/stm32f1xx_ll_sdmmc.o
                0x0000000008005498                SDIO_SendCommand
 .text.SDIO_GetCommandResponse
                0x00000000080054ea       0x18 ./Drivers/STM32F1xx_HAL_Driver/Src/stm32f1xx_ll_sdmmc.o
                0x00000000080054ea                SDIO_GetCommandResponse
 .text.SDIO_GetResponse
                0x0000000008005502       0x24 ./Drivers/STM32F1xx_HAL_Driver/Src/stm32f1xx_ll_sdmmc.o
                0x0000000008005502                SDIO_GetResponse
 .text.SDIO_ConfigData
                0x0000000008005526       0x56 ./Drivers/STM32F1xx_HAL_Driver/Src/stm32f1xx_ll_sdmmc.o
                0x0000000008005526                SDIO_ConfigData
 .text.SDMMC_CmdBlockLength
                0x000000000800557c       0x44 ./Drivers/STM32F1xx_HAL_Driver/Src/stm32f1xx_ll_sdmmc.o
                0x000000000800557c                SDMMC_CmdBlockLength
 .text.SDMMC_CmdReadSingleBlock
                0x00000000080055c0       0x44 ./Drivers/STM32F1xx_HAL_Driver/Src/stm32f1xx_ll_sdmmc.o
                0x00000000080055c0                SDMMC_CmdReadSingleBlock
 .text.SDMMC_CmdReadMultiBlock
                0x0000000008005604       0x44 ./Drivers/STM32F1xx_HAL_Driver/Src/stm32f1xx_ll_sdmmc.o
                0x0000000008005604                SDMMC_CmdReadMultiBlock
 .text.SDMMC_CmdWriteSingleBlock
                0x0000000008005648       0x44 ./Drivers/STM32F1xx_HAL_Driver/Src/stm32f1xx_ll_sdmmc.o
                0x0000000008005648                SDMMC_CmdWriteSingleBlock
 .text.SDMMC_CmdWriteMultiBlock
                0x000000000800568c       0x44 ./Drivers/STM32F1xx_HAL_Driver/Src/stm32f1xx_ll_sdmmc.o
                0x000000000800568c                SDMMC_CmdWriteMultiBlock
 .text.SDMMC_CmdStopTransfer
                0x00000000080056d0       0x44 ./Drivers/STM32F1xx_HAL_Driver/Src/stm32f1xx_ll_sdmmc.o
                0x00000000080056d0                SDMMC_CmdStopTransfer
 .text.SDMMC_CmdSelDesel
                0x0000000008005714       0x46 ./Drivers/STM32F1xx_HAL_Driver/Src/stm32f1xx_ll_sdmmc.o
                0x0000000008005714                SDMMC_CmdSelDesel
 .text.SDMMC_CmdGoIdleState
                0x000000000800575a       0x3c ./Drivers/STM32F1xx_HAL_Driver/Src/stm32f1xx_ll_sdmmc.o
                0x000000000800575a                SDMMC_CmdGoIdleState
 .text.SDMMC_CmdOperCond
                0x0000000008005796       0x3e ./Drivers/STM32F1xx_HAL_Driver/Src/stm32f1xx_ll_sdmmc.o
                0x0000000008005796                SDMMC_CmdOperCond
 .text.SDMMC_CmdAppCommand
                0x00000000080057d4       0x44 ./Drivers/STM32F1xx_HAL_Driver/Src/stm32f1xx_ll_sdmmc.o
                0x00000000080057d4                SDMMC_CmdAppCommand
 .text.SDMMC_CmdAppOperCommand
                0x0000000008005818       0x46 ./Drivers/STM32F1xx_HAL_Driver/Src/stm32f1xx_ll_sdmmc.o
                0x0000000008005818                SDMMC_CmdAppOperCommand
 .text.SDMMC_CmdBusWidth
                0x000000000800585e       0x44 ./Drivers/STM32F1xx_HAL_Driver/Src/stm32f1xx_ll_sdmmc.o
                0x000000000800585e                SDMMC_CmdBusWidth
 .text.SDMMC_CmdSendSCR
                0x00000000080058a2       0x42 ./Drivers/STM32F1xx_HAL_Driver/Src/stm32f1xx_ll_sdmmc.o
                0x00000000080058a2                SDMMC_CmdSendSCR
 .text.SDMMC_CmdSendCID
                0x00000000080058e4       0x3c ./Drivers/STM32F1xx_HAL_Driver/Src/stm32f1xx_ll_sdmmc.o
                0x00000000080058e4                SDMMC_CmdSendCID
 .text.SDMMC_CmdSendCSD
                0x0000000008005920       0x3e ./Drivers/STM32F1xx_HAL_Driver/Src/stm32f1xx_ll_sdmmc.o
                0x0000000008005920                SDMMC_CmdSendCSD
 .text.SDMMC_CmdSetRelAdd
                0x000000000800595e       0x42 ./Drivers/STM32F1xx_HAL_Driver/Src/stm32f1xx_ll_sdmmc.o
                0x000000000800595e                SDMMC_CmdSetRelAdd
 .text.SDMMC_CmdSendStatus
                0x00000000080059a0       0x44 ./Drivers/STM32F1xx_HAL_Driver/Src/stm32f1xx_ll_sdmmc.o
                0x00000000080059a0                SDMMC_CmdSendStatus
 .text.SDMMC_GetCmdError
                0x00000000080059e4       0x54 ./Drivers/STM32F1xx_HAL_Driver/Src/stm32f1xx_ll_sdmmc.o
 .text.SDMMC_GetCmdResp1
                0x0000000008005a38      0x1dc ./Drivers/STM32F1xx_HAL_Driver/Src/stm32f1xx_ll_sdmmc.o
 .text.SDMMC_GetCmdResp2
                0x0000000008005c14       0x90 ./Drivers/STM32F1xx_HAL_Driver/Src/stm32f1xx_ll_sdmmc.o
 .text.SDMMC_GetCmdResp3
                0x0000000008005ca4       0x78 ./Drivers/STM32F1xx_HAL_Driver/Src/stm32f1xx_ll_sdmmc.o
 .text.SDMMC_GetCmdResp6
                0x0000000008005d1c       0xec ./Drivers/STM32F1xx_HAL_Driver/Src/stm32f1xx_ll_sdmmc.o
 .text.SDMMC_GetCmdResp7
                0x0000000008005e08       0x9c ./Drivers/STM32F1xx_HAL_Driver/Src/stm32f1xx_ll_sdmmc.o
 .text.MX_FATFS_Init
                0x0000000008005ea4       0x24 ./FATFS/App/fatfs.o
                0x0000000008005ea4                MX_FATFS_Init
 .text.get_fattime
                0x0000000008005ec8        0xe ./FATFS/App/fatfs.o
                0x0000000008005ec8                get_fattime
 *fill*         0x0000000008005ed6        0x2 
 .text.BSP_SD_Init
                0x0000000008005ed8       0x4c ./FATFS/Target/bsp_driver_sd.o
                0x0000000008005ed8                BSP_SD_Init
 .text.BSP_SD_ReadBlocks
                0x0000000008005f24       0x3c ./FATFS/Target/bsp_driver_sd.o
                0x0000000008005f24                BSP_SD_ReadBlocks
 .text.BSP_SD_WriteBlocks
                0x0000000008005f60       0x3c ./FATFS/Target/bsp_driver_sd.o
                0x0000000008005f60                BSP_SD_WriteBlocks
 .text.BSP_SD_GetCardState
                0x0000000008005f9c       0x20 ./FATFS/Target/bsp_driver_sd.o
                0x0000000008005f9c                BSP_SD_GetCardState
 .text.BSP_SD_GetCardInfo
                0x0000000008005fbc       0x1c ./FATFS/Target/bsp_driver_sd.o
                0x0000000008005fbc                BSP_SD_GetCardInfo
 .text.HAL_SD_AbortCallback
                0x0000000008005fd8       0x14 ./FATFS/Target/bsp_driver_sd.o
                0x0000000008005fd8                HAL_SD_AbortCallback
 .text.HAL_SD_TxCpltCallback
                0x0000000008005fec       0x14 ./FATFS/Target/bsp_driver_sd.o
                0x0000000008005fec                HAL_SD_TxCpltCallback
 .text.HAL_SD_RxCpltCallback
                0x0000000008006000       0x14 ./FATFS/Target/bsp_driver_sd.o
                0x0000000008006000                HAL_SD_RxCpltCallback
 .text.BSP_SD_AbortCallback
                0x0000000008006014        0xc ./FATFS/Target/bsp_driver_sd.o
                0x0000000008006014                BSP_SD_AbortCallback
 .text.BSP_SD_WriteCpltCallback
                0x0000000008006020        0xc ./FATFS/Target/bsp_driver_sd.o
                0x0000000008006020                BSP_SD_WriteCpltCallback
 .text.BSP_SD_ReadCpltCallback
                0x000000000800602c        0xc ./FATFS/Target/bsp_driver_sd.o
                0x000000000800602c                BSP_SD_ReadCpltCallback
 .text.BSP_SD_IsDetected
                0x0000000008006038       0x18 ./FATFS/Target/bsp_driver_sd.o
                0x0000000008006038                BSP_SD_IsDetected
 .text.disk_status
                0x0000000008006050       0x34 ./Middlewares/Third_Party/FatFs/src/diskio.o
                0x0000000008006050                disk_status
 .text.disk_initialize
                0x0000000008006084       0x4c ./Middlewares/Third_Party/FatFs/src/diskio.o
                0x0000000008006084                disk_initialize
 .text.disk_read
                0x00000000080060d0       0x40 ./Middlewares/Third_Party/FatFs/src/diskio.o
                0x00000000080060d0                disk_read
 .text.disk_write
                0x0000000008006110       0x40 ./Middlewares/Third_Party/FatFs/src/diskio.o
                0x0000000008006110                disk_write
 .text.disk_ioctl
                0x0000000008006150       0x3c ./Middlewares/Third_Party/FatFs/src/diskio.o
                0x0000000008006150                disk_ioctl
 .text.mem_cpy  0x000000000800618c       0x3c ./Middlewares/Third_Party/FatFs/src/ff.o
 .text.mem_set  0x00000000080061c8       0x34 ./Middlewares/Third_Party/FatFs/src/ff.o
 .text.mem_cmp  0x00000000080061fc       0x4c ./Middlewares/Third_Party/FatFs/src/ff.o
 .text.chk_chr  0x0000000008006248       0x34 ./Middlewares/Third_Party/FatFs/src/ff.o
 .text.chk_lock
                0x000000000800627c       0xe0 ./Middlewares/Third_Party/FatFs/src/ff.o
 .text.enq_lock
                0x000000000800635c       0x48 ./Middlewares/Third_Party/FatFs/src/ff.o
 .text.inc_lock
                0x00000000080063a4      0x178 ./Middlewares/Third_Party/FatFs/src/ff.o
 .text.clear_lock
                0x000000000800651c       0x54 ./Middlewares/Third_Party/FatFs/src/ff.o
 .text.sync_window
                0x0000000008006570       0xa4 ./Middlewares/Third_Party/FatFs/src/ff.o
 .text.move_window
                0x0000000008006614       0x64 ./Middlewares/Third_Party/FatFs/src/ff.o
 .text.clust2sect
                0x0000000008006678       0x48 ./Middlewares/Third_Party/FatFs/src/ff.o
                0x0000000008006678                clust2sect
 .text.get_fat  0x00000000080066c0      0x1f8 ./Middlewares/Third_Party/FatFs/src/ff.o
                0x00000000080066c0                get_fat
 .text.put_fat  0x00000000080068b8      0x2a6 ./Middlewares/Third_Party/FatFs/src/ff.o
                0x00000000080068b8                put_fat
 .text.remove_chain
                0x0000000008006b5e       0xc2 ./Middlewares/Third_Party/FatFs/src/ff.o
 .text.create_chain
                0x0000000008006c20      0x150 ./Middlewares/Third_Party/FatFs/src/ff.o
 .text.clmt_clust
                0x0000000008006d70       0x80 ./Middlewares/Third_Party/FatFs/src/ff.o
 .text.dir_sdi  0x0000000008006df0      0x19c ./Middlewares/Third_Party/FatFs/src/ff.o
 .text.dir_next
                0x0000000008006f8c      0x294 ./Middlewares/Third_Party/FatFs/src/ff.o
 .text.dir_alloc
                0x0000000008007220       0x9c ./Middlewares/Third_Party/FatFs/src/ff.o
 .text.ld_clust
                0x00000000080072bc       0x5c ./Middlewares/Third_Party/FatFs/src/ff.o
 .text.st_clust
                0x0000000008007318       0x4c ./Middlewares/Third_Party/FatFs/src/ff.o
 .text.dir_find
                0x0000000008007364       0xa6 ./Middlewares/Third_Party/FatFs/src/ff.o
 .text.dir_read
                0x000000000800740a       0xca ./Middlewares/Third_Party/FatFs/src/ff.o
 .text.dir_register
                0x00000000080074d4       0x80 ./Middlewares/Third_Party/FatFs/src/ff.o
 .text.get_fileinfo
                0x0000000008007554       0xe4 ./Middlewares/Third_Party/FatFs/src/ff.o
 .text.create_name
                0x0000000008007638      0x184 ./Middlewares/Third_Party/FatFs/src/ff.o
 .text.follow_path
                0x00000000080077bc       0xec ./Middlewares/Third_Party/FatFs/src/ff.o
 .text.get_ldnumber
                0x00000000080078a8       0x86 ./Middlewares/Third_Party/FatFs/src/ff.o
 *fill*         0x000000000800792e        0x2 
 .text.check_fs
                0x0000000008007930       0xdc ./Middlewares/Third_Party/FatFs/src/ff.o
 .text.find_volume
                0x0000000008007a0c      0x664 ./Middlewares/Third_Party/FatFs/src/ff.o
 .text.validate
                0x0000000008008070       0x76 ./Middlewares/Third_Party/FatFs/src/ff.o
 *fill*         0x00000000080080e6        0x2 
 .text.f_mount  0x00000000080080e8       0x94 ./Middlewares/Third_Party/FatFs/src/ff.o
                0x00000000080080e8                f_mount
 .text.f_open   0x000000000800817c      0x60c ./Middlewares/Third_Party/FatFs/src/ff.o
                0x000000000800817c                f_open
 .text.f_read   0x0000000008008788      0x3d0 ./Middlewares/Third_Party/FatFs/src/ff.o
                0x0000000008008788                f_read
 .text.f_opendir
                0x0000000008008b58      0x124 ./Middlewares/Third_Party/FatFs/src/ff.o
                0x0000000008008b58                f_opendir
 .text.f_readdir
                0x0000000008008c7c       0x98 ./Middlewares/Third_Party/FatFs/src/ff.o
                0x0000000008008c7c                f_readdir
 .text.FATFS_LinkDriverEx
                0x0000000008008d14       0x94 ./Middlewares/Third_Party/FatFs/src/ff_gen_drv.o
                0x0000000008008d14                FATFS_LinkDriverEx
 .text.FATFS_LinkDriver
                0x0000000008008da8       0x1e ./Middlewares/Third_Party/FatFs/src/ff_gen_drv.o
                0x0000000008008da8                FATFS_LinkDriver
 *fill*         0x0000000008008dc6        0x2 
 .text.SD_initialize
                0x0000000008008dc8       0x3c ./Middlewares/Third_Party/FatFs/src/drivers/sd_diskio.o
                0x0000000008008dc8                SD_initialize
 .text.SD_status
                0x0000000008008e04       0x3c ./Middlewares/Third_Party/FatFs/src/drivers/sd_diskio.o
                0x0000000008008e04                SD_status
 .text.SD_read  0x0000000008008e40       0x5c ./Middlewares/Third_Party/FatFs/src/drivers/sd_diskio.o
                0x0000000008008e40                SD_read
 .text.SD_write
                0x0000000008008e9c       0x5c ./Middlewares/Third_Party/FatFs/src/drivers/sd_diskio.o
                0x0000000008008e9c                SD_write
 .text.SD_ioctl
                0x0000000008008ef8       0xac ./Middlewares/Third_Party/FatFs/src/drivers/sd_diskio.o
                0x0000000008008ef8                SD_ioctl
 .text.__errno  0x0000000008008fa4        0xc c:/st/stm32cubeide_1.10.1/stm32cubeide/plugins/com.st.stm32cube.ide.mcu.externaltools.gnu-tools-for-stm32.10.3-2021.10.win32_1.0.0.202111181127/tools/bin/../lib/gcc/arm-none-eabi/10.3.1/../../../../arm-none-eabi/lib/thumb/v7-m/nofp\libc_nano.a(lib_a-errno.o)
                0x0000000008008fa4                __errno
 .text.__libc_init_array
                0x0000000008008fb0       0x48 c:/st/stm32cubeide_1.10.1/stm32cubeide/plugins/com.st.stm32cube.ide.mcu.externaltools.gnu-tools-for-stm32.10.3-2021.10.win32_1.0.0.202111181127/tools/bin/../lib/gcc/arm-none-eabi/10.3.1/../../../../arm-none-eabi/lib/thumb/v7-m/nofp\libc_nano.a(lib_a-init.o)
                0x0000000008008fb0                __libc_init_array
 .text.memset   0x0000000008008ff8       0x10 c:/st/stm32cubeide_1.10.1/stm32cubeide/plugins/com.st.stm32cube.ide.mcu.externaltools.gnu-tools-for-stm32.10.3-2021.10.win32_1.0.0.202111181127/tools/bin/../lib/gcc/arm-none-eabi/10.3.1/../../../../arm-none-eabi/lib/thumb/v7-m/nofp\libc_nano.a(lib_a-memset.o)
                0x0000000008008ff8                memset
 .text.sprintf  0x0000000008009008       0x40 c:/st/stm32cubeide_1.10.1/stm32cubeide/plugins/com.st.stm32cube.ide.mcu.externaltools.gnu-tools-for-stm32.10.3-2021.10.win32_1.0.0.202111181127/tools/bin/../lib/gcc/arm-none-eabi/10.3.1/../../../../arm-none-eabi/lib/thumb/v7-m/nofp\libc_nano.a(lib_a-sprintf.o)
                0x0000000008009008                siprintf
                0x0000000008009008                sprintf
 .text.__ssputs_r
                0x0000000008009048       0xb6 c:/st/stm32cubeide_1.10.1/stm32cubeide/plugins/com.st.stm32cube.ide.mcu.externaltools.gnu-tools-for-stm32.10.3-2021.10.win32_1.0.0.202111181127/tools/bin/../lib/gcc/arm-none-eabi/10.3.1/../../../../arm-none-eabi/lib/thumb/v7-m/nofp\libc_nano.a(lib_a-nano-svfprintf.o)
                0x0000000008009048                __ssputs_r
 *fill*         0x00000000080090fe        0x2 
 .text._svfprintf_r
                0x0000000008009100      0x200 c:/st/stm32cubeide_1.10.1/stm32cubeide/plugins/com.st.stm32cube.ide.mcu.externaltools.gnu-tools-for-stm32.10.3-2021.10.win32_1.0.0.202111181127/tools/bin/../lib/gcc/arm-none-eabi/10.3.1/../../../../arm-none-eabi/lib/thumb/v7-m/nofp\libc_nano.a(lib_a-nano-svfprintf.o)
                0x0000000008009100                _svfiprintf_r
                0x0000000008009100                _svfprintf_r
 .text._printf_common
                0x0000000008009300       0xde c:/st/stm32cubeide_1.10.1/stm32cubeide/plugins/com.st.stm32cube.ide.mcu.externaltools.gnu-tools-for-stm32.10.3-2021.10.win32_1.0.0.202111181127/tools/bin/../lib/gcc/arm-none-eabi/10.3.1/../../../../arm-none-eabi/lib/thumb/v7-m/nofp\libc_nano.a(lib_a-nano-vfprintf_i.o)
                0x0000000008009300                _printf_common
 *fill*         0x00000000080093de        0x2 
 .text._printf_i
                0x00000000080093e0      0x24c c:/st/stm32cubeide_1.10.1/stm32cubeide/plugins/com.st.stm32cube.ide.mcu.externaltools.gnu-tools-for-stm32.10.3-2021.10.win32_1.0.0.202111181127/tools/bin/../lib/gcc/arm-none-eabi/10.3.1/../../../../arm-none-eabi/lib/thumb/v7-m/nofp\libc_nano.a(lib_a-nano-vfprintf_i.o)
                0x00000000080093e0                _printf_i
 .text.memchr   0x000000000800962c       0x1c c:/st/stm32cubeide_1.10.1/stm32cubeide/plugins/com.st.stm32cube.ide.mcu.externaltools.gnu-tools-for-stm32.10.3-2021.10.win32_1.0.0.202111181127/tools/bin/../lib/gcc/arm-none-eabi/10.3.1/../../../../arm-none-eabi/lib/thumb/v7-m/nofp\libc_nano.a(lib_a-memchr-stub.o)
                0x000000000800962c                memchr
 .text.memcpy   0x0000000008009648       0x1c c:/st/stm32cubeide_1.10.1/stm32cubeide/plugins/com.st.stm32cube.ide.mcu.externaltools.gnu-tools-for-stm32.10.3-2021.10.win32_1.0.0.202111181127/tools/bin/../lib/gcc/arm-none-eabi/10.3.1/../../../../arm-none-eabi/lib/thumb/v7-m/nofp\libc_nano.a(lib_a-memcpy-stub.o)
                0x0000000008009648                memcpy
 .text.memmove  0x0000000008009664       0x34 c:/st/stm32cubeide_1.10.1/stm32cubeide/plugins/com.st.stm32cube.ide.mcu.externaltools.gnu-tools-for-stm32.10.3-2021.10.win32_1.0.0.202111181127/tools/bin/../lib/gcc/arm-none-eabi/10.3.1/../../../../arm-none-eabi/lib/thumb/v7-m/nofp\libc_nano.a(lib_a-memmove.o)
                0x0000000008009664                memmove
 .text._free_r  0x0000000008009698       0x90 c:/st/stm32cubeide_1.10.1/stm32cubeide/plugins/com.st.stm32cube.ide.mcu.externaltools.gnu-tools-for-stm32.10.3-2021.10.win32_1.0.0.202111181127/tools/bin/../lib/gcc/arm-none-eabi/10.3.1/../../../../arm-none-eabi/lib/thumb/v7-m/nofp\libc_nano.a(lib_a-nano-freer.o)
                0x0000000008009698                _free_r
 .text.sbrk_aligned
                0x0000000008009728       0x40 c:/st/stm32cubeide_1.10.1/stm32cubeide/plugins/com.st.stm32cube.ide.mcu.externaltools.gnu-tools-for-stm32.10.3-2021.10.win32_1.0.0.202111181127/tools/bin/../lib/gcc/arm-none-eabi/10.3.1/../../../../arm-none-eabi/lib/thumb/v7-m/nofp\libc_nano.a(lib_a-nano-mallocr.o)
 .text._malloc_r
                0x0000000008009768       0xe8 c:/st/stm32cubeide_1.10.1/stm32cubeide/plugins/com.st.stm32cube.ide.mcu.externaltools.gnu-tools-for-stm32.10.3-2021.10.win32_1.0.0.202111181127/tools/bin/../lib/gcc/arm-none-eabi/10.3.1/../../../../arm-none-eabi/lib/thumb/v7-m/nofp\libc_nano.a(lib_a-nano-mallocr.o)
                0x0000000008009768                _malloc_r
 .text._realloc_r
                0x0000000008009850       0x5e c:/st/stm32cubeide_1.10.1/stm32cubeide/plugins/com.st.stm32cube.ide.mcu.externaltools.gnu-tools-for-stm32.10.3-2021.10.win32_1.0.0.202111181127/tools/bin/../lib/gcc/arm-none-eabi/10.3.1/../../../../arm-none-eabi/lib/thumb/v7-m/nofp\libc_nano.a(lib_a-nano-reallocr.o)
                0x0000000008009850                _realloc_r
 *fill*         0x00000000080098ae        0x2 
 .text._sbrk_r  0x00000000080098b0       0x20 c:/st/stm32cubeide_1.10.1/stm32cubeide/plugins/com.st.stm32cube.ide.mcu.externaltools.gnu-tools-for-stm32.10.3-2021.10.win32_1.0.0.202111181127/tools/bin/../lib/gcc/arm-none-eabi/10.3.1/../../../../arm-none-eabi/lib/thumb/v7-m/nofp\libc_nano.a(lib_a-sbrkr.o)
                0x00000000080098b0                _sbrk_r
 .text.__malloc_lock
                0x00000000080098d0        0xc c:/st/stm32cubeide_1.10.1/stm32cubeide/plugins/com.st.stm32cube.ide.mcu.externaltools.gnu-tools-for-stm32.10.3-2021.10.win32_1.0.0.202111181127/tools/bin/../lib/gcc/arm-none-eabi/10.3.1/../../../../arm-none-eabi/lib/thumb/v7-m/nofp\libc_nano.a(lib_a-mlock.o)
                0x00000000080098d0                __malloc_lock
 .text.__malloc_unlock
                0x00000000080098dc        0xc c:/st/stm32cubeide_1.10.1/stm32cubeide/plugins/com.st.stm32cube.ide.mcu.externaltools.gnu-tools-for-stm32.10.3-2021.10.win32_1.0.0.202111181127/tools/bin/../lib/gcc/arm-none-eabi/10.3.1/../../../../arm-none-eabi/lib/thumb/v7-m/nofp\libc_nano.a(lib_a-mlock.o)
                0x00000000080098dc                __malloc_unlock
 .text._malloc_usable_size_r
                0x00000000080098e8       0x10 c:/st/stm32cubeide_1.10.1/stm32cubeide/plugins/com.st.stm32cube.ide.mcu.externaltools.gnu-tools-for-stm32.10.3-2021.10.win32_1.0.0.202111181127/tools/bin/../lib/gcc/arm-none-eabi/10.3.1/../../../../arm-none-eabi/lib/thumb/v7-m/nofp\libc_nano.a(lib_a-nano-msizer.o)
                0x00000000080098e8                _malloc_usable_size_r
 .text.__retarget_lock_acquire_recursive
                0x00000000080098f8        0x2 c:/st/stm32cubeide_1.10.1/stm32cubeide/plugins/com.st.stm32cube.ide.mcu.externaltools.gnu-tools-for-stm32.10.3-2021.10.win32_1.0.0.202111181127/tools/bin/../lib/gcc/arm-none-eabi/10.3.1/../../../../arm-none-eabi/lib/thumb/v7-m/nofp\libc_nano.a(lib_a-lock.o)
                0x00000000080098f8                __retarget_lock_acquire_recursive
 .text.__retarget_lock_release_recursive
                0x00000000080098fa        0x2 c:/st/stm32cubeide_1.10.1/stm32cubeide/plugins/com.st.stm32cube.ide.mcu.externaltools.gnu-tools-for-stm32.10.3-2021.10.win32_1.0.0.202111181127/tools/bin/../lib/gcc/arm-none-eabi/10.3.1/../../../../arm-none-eabi/lib/thumb/v7-m/nofp\libc_nano.a(lib_a-lock.o)
                0x00000000080098fa                __retarget_lock_release_recursive
 *(.glue_7)
 .glue_7        0x00000000080098fc        0x0 linker stubs
 *(.glue_7t)
 .glue_7t       0x00000000080098fc        0x0 linker stubs
 *(.eh_frame)
 .eh_frame      0x00000000080098fc        0x0 c:/st/stm32cubeide_1.10.1/stm32cubeide/plugins/com.st.stm32cube.ide.mcu.externaltools.gnu-tools-for-stm32.10.3-2021.10.win32_1.0.0.202111181127/tools/bin/../lib/gcc/arm-none-eabi/10.3.1/thumb/v7-m/nofp/crtbegin.o
 *(.init)
 .init          0x00000000080098fc        0x4 c:/st/stm32cubeide_1.10.1/stm32cubeide/plugins/com.st.stm32cube.ide.mcu.externaltools.gnu-tools-for-stm32.10.3-2021.10.win32_1.0.0.202111181127/tools/bin/../lib/gcc/arm-none-eabi/10.3.1/thumb/v7-m/nofp/crti.o
                0x00000000080098fc                _init
 .init          0x0000000008009900        0x8 c:/st/stm32cubeide_1.10.1/stm32cubeide/plugins/com.st.stm32cube.ide.mcu.externaltools.gnu-tools-for-stm32.10.3-2021.10.win32_1.0.0.202111181127/tools/bin/../lib/gcc/arm-none-eabi/10.3.1/thumb/v7-m/nofp/crtn.o
 *(.fini)
 .fini          0x0000000008009908        0x4 c:/st/stm32cubeide_1.10.1/stm32cubeide/plugins/com.st.stm32cube.ide.mcu.externaltools.gnu-tools-for-stm32.10.3-2021.10.win32_1.0.0.202111181127/tools/bin/../lib/gcc/arm-none-eabi/10.3.1/thumb/v7-m/nofp/crti.o
                0x0000000008009908                _fini
 .fini          0x000000000800990c        0x8 c:/st/stm32cubeide_1.10.1/stm32cubeide/plugins/com.st.stm32cube.ide.mcu.externaltools.gnu-tools-for-stm32.10.3-2021.10.win32_1.0.0.202111181127/tools/bin/../lib/gcc/arm-none-eabi/10.3.1/thumb/v7-m/nofp/crtn.o
                0x0000000008009914                . = ALIGN (0x4)
                0x0000000008009914                _etext = .

.vfp11_veneer   0x0000000008009914        0x0
 .vfp11_veneer  0x0000000008009914        0x0 linker stubs

.v4_bx          0x0000000008009914        0x0
 .v4_bx         0x0000000008009914        0x0 linker stubs

.iplt           0x0000000008009914        0x0
 .iplt          0x0000000008009914        0x0 c:/st/stm32cubeide_1.10.1/stm32cubeide/plugins/com.st.stm32cube.ide.mcu.externaltools.gnu-tools-for-stm32.10.3-2021.10.win32_1.0.0.202111181127/tools/bin/../lib/gcc/arm-none-eabi/10.3.1/thumb/v7-m/nofp/crtbegin.o

.rodata         0x0000000008009914      0x7f4
                0x0000000008009914                . = ALIGN (0x4)
 *(.rodata)
 .rodata        0x0000000008009914       0xcb ./Core/Src/main.o
 *fill*         0x00000000080099df        0x1 
 .rodata        0x00000000080099e0        0xb ./Core/Src/stm32f1xx_it.o
 *fill*         0x00000000080099eb        0x1 
 .rodata        0x00000000080099ec       0x10 ./Drivers/STM32F1xx_HAL_Driver/Src/stm32f1xx_hal_rcc.o
 .rodata        0x00000000080099fc       0x44 ./Middlewares/Third_Party/FatFs/src/ff.o
 *(.rodata*)
 .rodata.ucAscii_1608
                0x0000000008009a40      0x5f0 ./Core/Src/lcd.o
                0x0000000008009a40                ucAscii_1608
 .rodata.AHBPrescTable
                0x000000000800a030       0x10 ./Core/Src/system_stm32f1xx.o
                0x000000000800a030                AHBPrescTable
 .rodata.ExCvt  0x000000000800a040       0x80 ./Middlewares/Third_Party/FatFs/src/ff.o
 .rodata.SD_Driver
                0x000000000800a0c0       0x14 ./Middlewares/Third_Party/FatFs/src/drivers/sd_diskio.o
                0x000000000800a0c0                SD_Driver
 .rodata._svfprintf_r.str1.1
                0x000000000800a0d4       0x11 c:/st/stm32cubeide_1.10.1/stm32cubeide/plugins/com.st.stm32cube.ide.mcu.externaltools.gnu-tools-for-stm32.10.3-2021.10.win32_1.0.0.202111181127/tools/bin/../lib/gcc/arm-none-eabi/10.3.1/../../../../arm-none-eabi/lib/thumb/v7-m/nofp\libc_nano.a(lib_a-nano-svfprintf.o)
 .rodata._printf_i.str1.1
                0x000000000800a0e5       0x22 c:/st/stm32cubeide_1.10.1/stm32cubeide/plugins/com.st.stm32cube.ide.mcu.externaltools.gnu-tools-for-stm32.10.3-2021.10.win32_1.0.0.202111181127/tools/bin/../lib/gcc/arm-none-eabi/10.3.1/../../../../arm-none-eabi/lib/thumb/v7-m/nofp\libc_nano.a(lib_a-nano-vfprintf_i.o)
                0x000000000800a108                . = ALIGN (0x4)
 *fill*         0x000000000800a107        0x1 

.rel.dyn        0x000000000800a108        0x0
 .rel.iplt      0x000000000800a108        0x0 c:/st/stm32cubeide_1.10.1/stm32cubeide/plugins/com.st.stm32cube.ide.mcu.externaltools.gnu-tools-for-stm32.10.3-2021.10.win32_1.0.0.202111181127/tools/bin/../lib/gcc/arm-none-eabi/10.3.1/thumb/v7-m/nofp/crtbegin.o

.ARM.extab      0x000000000800a108        0x0
                0x000000000800a108                . = ALIGN (0x4)
 *(.ARM.extab* .gnu.linkonce.armextab.*)
                0x000000000800a108                . = ALIGN (0x4)

.ARM            0x000000000800a108        0x0
                0x000000000800a108                . = ALIGN (0x4)
                0x000000000800a108                __exidx_start = .
 *(.ARM.exidx*)
                0x000000000800a108                __exidx_end = .
                0x000000000800a108                . = ALIGN (0x4)

.preinit_array  0x000000000800a108        0x0
                0x000000000800a108                . = ALIGN (0x4)
                0x000000000800a108                PROVIDE (__preinit_array_start = .)
 *(.preinit_array*)
                0x000000000800a108                PROVIDE (__preinit_array_end = .)
                0x000000000800a108                . = ALIGN (0x4)

.init_array     0x000000000800a108        0x4
                0x000000000800a108                . = ALIGN (0x4)
                0x000000000800a108                PROVIDE (__init_array_start = .)
 *(SORT_BY_NAME(.init_array.*))
 *(.init_array*)
 .init_array    0x000000000800a108        0x4 c:/st/stm32cubeide_1.10.1/stm32cubeide/plugins/com.st.stm32cube.ide.mcu.externaltools.gnu-tools-for-stm32.10.3-2021.10.win32_1.0.0.202111181127/tools/bin/../lib/gcc/arm-none-eabi/10.3.1/thumb/v7-m/nofp/crtbegin.o
                0x000000000800a10c                PROVIDE (__init_array_end = .)
                0x000000000800a10c                . = ALIGN (0x4)

.fini_array     0x000000000800a10c        0x4
                0x000000000800a10c                . = ALIGN (0x4)
                [!provide]                        PROVIDE (__fini_array_start = .)
 *(SORT_BY_NAME(.fini_array.*))
 *(.fini_array*)
 .fini_array    0x000000000800a10c        0x4 c:/st/stm32cubeide_1.10.1/stm32cubeide/plugins/com.st.stm32cube.ide.mcu.externaltools.gnu-tools-for-stm32.10.3-2021.10.win32_1.0.0.202111181127/tools/bin/../lib/gcc/arm-none-eabi/10.3.1/thumb/v7-m/nofp/crtbegin.o
                [!provide]                        PROVIDE (__fini_array_end = .)
                0x000000000800a110                . = ALIGN (0x4)
                0x000000000800a110                _sidata = LOADADDR (.data)

.data           0x0000000020000000       0x70 load address 0x000000000800a110
                0x0000000020000000                . = ALIGN (0x4)
                0x0000000020000000                _sdata = .
 *(.data)
 *(.data*)
 .data.SystemCoreClock
                0x0000000020000000        0x4 ./Core/Src/system_stm32f1xx.o
                0x0000000020000000                SystemCoreClock
 .data.uwTickPrio
                0x0000000020000004        0x4 ./Drivers/STM32F1xx_HAL_Driver/Src/stm32f1xx_hal.o
                0x0000000020000004                uwTickPrio
 .data.uwTickFreq
                0x0000000020000008        0x1 ./Drivers/STM32F1xx_HAL_Driver/Src/stm32f1xx_hal.o
                0x0000000020000008                uwTickFreq
 .data.Stat     0x0000000020000009        0x1 ./Middlewares/Third_Party/FatFs/src/drivers/sd_diskio.o
 *fill*         0x000000002000000a        0x2 
 .data._impure_ptr
                0x000000002000000c        0x4 c:/st/stm32cubeide_1.10.1/stm32cubeide/plugins/com.st.stm32cube.ide.mcu.externaltools.gnu-tools-for-stm32.10.3-2021.10.win32_1.0.0.202111181127/tools/bin/../lib/gcc/arm-none-eabi/10.3.1/../../../../arm-none-eabi/lib/thumb/v7-m/nofp\libc_nano.a(lib_a-impure.o)
                0x000000002000000c                _impure_ptr
 .data.impure_data
                0x0000000020000010       0x60 c:/st/stm32cubeide_1.10.1/stm32cubeide/plugins/com.st.stm32cube.ide.mcu.externaltools.gnu-tools-for-stm32.10.3-2021.10.win32_1.0.0.202111181127/tools/bin/../lib/gcc/arm-none-eabi/10.3.1/../../../../arm-none-eabi/lib/thumb/v7-m/nofp\libc_nano.a(lib_a-impure.o)
 *(.RamFunc)
 *(.RamFunc*)
                0x0000000020000070                . = ALIGN (0x4)
                0x0000000020000070                _edata = .

.igot.plt       0x0000000020000070        0x0 load address 0x000000000800a180
 .igot.plt      0x0000000020000070        0x0 c:/st/stm32cubeide_1.10.1/stm32cubeide/plugins/com.st.stm32cube.ide.mcu.externaltools.gnu-tools-for-stm32.10.3-2021.10.win32_1.0.0.202111181127/tools/bin/../lib/gcc/arm-none-eabi/10.3.1/thumb/v7-m/nofp/crtbegin.o
                0x0000000020000070                . = ALIGN (0x4)

.bss            0x0000000020000070     0x1a8c load address 0x000000000800a180
                0x0000000020000070                _sbss = .
                0x0000000020000070                __bss_start__ = _sbss
 *(.bss)
 .bss           0x0000000020000070       0x1c c:/st/stm32cubeide_1.10.1/stm32cubeide/plugins/com.st.stm32cube.ide.mcu.externaltools.gnu-tools-for-stm32.10.3-2021.10.win32_1.0.0.202111181127/tools/bin/../lib/gcc/arm-none-eabi/10.3.1/thumb/v7-m/nofp/crtbegin.o
 *(.bss*)
 .bss.hdac      0x000000002000008c       0x14 ./Core/Src/main.o
                0x000000002000008c                hdac
 .bss.hdma_dac_ch2
                0x00000000200000a0       0x44 ./Core/Src/main.o
                0x00000000200000a0                hdma_dac_ch2
 .bss.hsd       0x00000000200000e4       0x84 ./Core/Src/main.o
                0x00000000200000e4                hsd
 .bss.htim2     0x0000000020000168       0x48 ./Core/Src/main.o
                0x0000000020000168                htim2
 .bss.htim3     0x00000000200001b0       0x48 ./Core/Src/main.o
                0x00000000200001b0                htim3
 .bss.hsram1    0x00000000200001f8       0x48 ./Core/Src/main.o
                0x00000000200001f8                hsram1
 .bss.buff      0x0000000020000240       0x1f ./Core/Src/main.o
                0x0000000020000240                buff
 *fill*         0x000000002000025f        0x1 
 .bss.sampleFile
                0x0000000020000260     0x1848 ./Core/Src/main.o
                0x0000000020000260                sampleFile
 .bss.dac_out   0x0000000020001aa8        0x2 ./Core/Src/main.o
                0x0000000020001aa8                dac_out
 .bss.sample_sum
                0x0000000020001aaa        0x2 ./Core/Src/main.o
                0x0000000020001aaa                sample_sum
 .bss.FSMC_Initialized
                0x0000000020001aac        0x4 ./Core/Src/stm32f1xx_hal_msp.o
 .bss.__sbrk_heap_end
                0x0000000020001ab0        0x4 ./Core/Src/sysmem.o
 .bss.uwTick    0x0000000020001ab4        0x4 ./Drivers/STM32F1xx_HAL_Driver/Src/stm32f1xx_hal.o
                0x0000000020001ab4                uwTick
 .bss.retSD     0x0000000020001ab8        0x1 ./FATFS/App/fatfs.o
                0x0000000020001ab8                retSD
 *fill*         0x0000000020001ab9        0x3 
 .bss.SDPath    0x0000000020001abc        0x4 ./FATFS/App/fatfs.o
                0x0000000020001abc                SDPath
 .bss.FatFs     0x0000000020001ac0        0x4 ./Middlewares/Third_Party/FatFs/src/ff.o
 .bss.Fsid      0x0000000020001ac4        0x2 ./Middlewares/Third_Party/FatFs/src/ff.o
 *fill*         0x0000000020001ac6        0x2 
 .bss.Files     0x0000000020001ac8       0x18 ./Middlewares/Third_Party/FatFs/src/ff.o
 .bss.disk      0x0000000020001ae0        0xc ./Middlewares/Third_Party/FatFs/src/ff_gen_drv.o
                0x0000000020001ae0                disk
 .bss.__malloc_free_list
                0x0000000020001aec        0x4 c:/st/stm32cubeide_1.10.1/stm32cubeide/plugins/com.st.stm32cube.ide.mcu.externaltools.gnu-tools-for-stm32.10.3-2021.10.win32_1.0.0.202111181127/tools/bin/../lib/gcc/arm-none-eabi/10.3.1/../../../../arm-none-eabi/lib/thumb/v7-m/nofp\libc_nano.a(lib_a-nano-mallocr.o)
                0x0000000020001aec                __malloc_free_list
 .bss.__malloc_sbrk_start
                0x0000000020001af0        0x4 c:/st/stm32cubeide_1.10.1/stm32cubeide/plugins/com.st.stm32cube.ide.mcu.externaltools.gnu-tools-for-stm32.10.3-2021.10.win32_1.0.0.202111181127/tools/bin/../lib/gcc/arm-none-eabi/10.3.1/../../../../arm-none-eabi/lib/thumb/v7-m/nofp\libc_nano.a(lib_a-nano-mallocr.o)
                0x0000000020001af0                __malloc_sbrk_start
 .bss.errno     0x0000000020001af4        0x4 c:/st/stm32cubeide_1.10.1/stm32cubeide/plugins/com.st.stm32cube.ide.mcu.externaltools.gnu-tools-for-stm32.10.3-2021.10.win32_1.0.0.202111181127/tools/bin/../lib/gcc/arm-none-eabi/10.3.1/../../../../arm-none-eabi/lib/thumb/v7-m/nofp\libc_nano.a(lib_a-reent.o)
                0x0000000020001af4                errno
 .bss.__lock___malloc_recursive_mutex
                0x0000000020001af8        0x1 c:/st/stm32cubeide_1.10.1/stm32cubeide/plugins/com.st.stm32cube.ide.mcu.externaltools.gnu-tools-for-stm32.10.3-2021.10.win32_1.0.0.202111181127/tools/bin/../lib/gcc/arm-none-eabi/10.3.1/../../../../arm-none-eabi/lib/thumb/v7-m/nofp\libc_nano.a(lib_a-lock.o)
                0x0000000020001af8                __lock___malloc_recursive_mutex
 *(COMMON)
                0x0000000020001afc                . = ALIGN (0x4)
 *fill*         0x0000000020001af9        0x3 
                0x0000000020001afc                _ebss = .
                0x0000000020001afc                __bss_end__ = _ebss

._user_heap_stack
                0x0000000020001afc      0x604 load address 0x000000000800a180
                0x0000000020001b00                . = ALIGN (0x8)
 *fill*         0x0000000020001afc        0x4 
                [!provide]                        PROVIDE (end = .)
                0x0000000020001b00                PROVIDE (_end = .)
                0x0000000020001d00                . = (. + _Min_Heap_Size)
 *fill*         0x0000000020001b00      0x200 
                0x0000000020002100                . = (. + _Min_Stack_Size)
 *fill*         0x0000000020001d00      0x400 
                0x0000000020002100                . = ALIGN (0x8)

/DISCARD/
 libc.a(*)
 libm.a(*)
 libgcc.a(*)

.ARM.attributes
                0x0000000000000000       0x29
 *(.ARM.attributes)
 .ARM.attributes
                0x0000000000000000       0x1d c:/st/stm32cubeide_1.10.1/stm32cubeide/plugins/com.st.stm32cube.ide.mcu.externaltools.gnu-tools-for-stm32.10.3-2021.10.win32_1.0.0.202111181127/tools/bin/../lib/gcc/arm-none-eabi/10.3.1/thumb/v7-m/nofp/crti.o
 .ARM.attributes
                0x000000000000001d       0x2d c:/st/stm32cubeide_1.10.1/stm32cubeide/plugins/com.st.stm32cube.ide.mcu.externaltools.gnu-tools-for-stm32.10.3-2021.10.win32_1.0.0.202111181127/tools/bin/../lib/gcc/arm-none-eabi/10.3.1/thumb/v7-m/nofp/crtbegin.o
 .ARM.attributes
                0x000000000000004a       0x2d ./Core/Src/lcd.o
 .ARM.attributes
                0x0000000000000077       0x2d ./Core/Src/main.o
 .ARM.attributes
                0x00000000000000a4       0x2d ./Core/Src/stm32f1xx_hal_msp.o
 .ARM.attributes
                0x00000000000000d1       0x2d ./Core/Src/stm32f1xx_it.o
 .ARM.attributes
                0x00000000000000fe       0x2d ./Core/Src/sysmem.o
 .ARM.attributes
                0x000000000000012b       0x2d ./Core/Src/system_stm32f1xx.o
 .ARM.attributes
                0x0000000000000158       0x21 ./Core/Startup/startup_stm32f103vetx.o
 .ARM.attributes
                0x0000000000000179       0x2d ./Drivers/STM32F1xx_HAL_Driver/Src/stm32f1xx_hal.o
 .ARM.attributes
                0x00000000000001a6       0x2d ./Drivers/STM32F1xx_HAL_Driver/Src/stm32f1xx_hal_cortex.o
 .ARM.attributes
                0x00000000000001d3       0x2d ./Drivers/STM32F1xx_HAL_Driver/Src/stm32f1xx_hal_dac.o
 .ARM.attributes
                0x0000000000000200       0x2d ./Drivers/STM32F1xx_HAL_Driver/Src/stm32f1xx_hal_dma.o
 .ARM.attributes
                0x000000000000022d       0x2d ./Drivers/STM32F1xx_HAL_Driver/Src/stm32f1xx_hal_gpio.o
 .ARM.attributes
                0x000000000000025a       0x2d ./Drivers/STM32F1xx_HAL_Driver/Src/stm32f1xx_hal_rcc.o
 .ARM.attributes
                0x0000000000000287       0x2d ./Drivers/STM32F1xx_HAL_Driver/Src/stm32f1xx_hal_sd.o
 .ARM.attributes
                0x00000000000002b4       0x2d ./Drivers/STM32F1xx_HAL_Driver/Src/stm32f1xx_hal_sram.o
 .ARM.attributes
                0x00000000000002e1       0x2d ./Drivers/STM32F1xx_HAL_Driver/Src/stm32f1xx_hal_tim.o
 .ARM.attributes
                0x000000000000030e       0x2d ./Drivers/STM32F1xx_HAL_Driver/Src/stm32f1xx_hal_tim_ex.o
 .ARM.attributes
                0x000000000000033b       0x2d ./Drivers/STM32F1xx_HAL_Driver/Src/stm32f1xx_ll_fsmc.o
 .ARM.attributes
                0x0000000000000368       0x2d ./Drivers/STM32F1xx_HAL_Driver/Src/stm32f1xx_ll_sdmmc.o
 .ARM.attributes
                0x0000000000000395       0x2d ./FATFS/App/fatfs.o
 .ARM.attributes
                0x00000000000003c2       0x2d ./FATFS/Target/bsp_driver_sd.o
 .ARM.attributes
                0x00000000000003ef       0x2d ./Middlewares/Third_Party/FatFs/src/diskio.o
 .ARM.attributes
                0x000000000000041c       0x2d ./Middlewares/Third_Party/FatFs/src/ff.o
 .ARM.attributes
                0x0000000000000449       0x2d ./Middlewares/Third_Party/FatFs/src/ff_gen_drv.o
 .ARM.attributes
                0x0000000000000476       0x2d ./Middlewares/Third_Party/FatFs/src/drivers/sd_diskio.o
 .ARM.attributes
                0x00000000000004a3       0x2d c:/st/stm32cubeide_1.10.1/stm32cubeide/plugins/com.st.stm32cube.ide.mcu.externaltools.gnu-tools-for-stm32.10.3-2021.10.win32_1.0.0.202111181127/tools/bin/../lib/gcc/arm-none-eabi/10.3.1/../../../../arm-none-eabi/lib/thumb/v7-m/nofp\libc_nano.a(lib_a-errno.o)
 .ARM.attributes
                0x00000000000004d0       0x2d c:/st/stm32cubeide_1.10.1/stm32cubeide/plugins/com.st.stm32cube.ide.mcu.externaltools.gnu-tools-for-stm32.10.3-2021.10.win32_1.0.0.202111181127/tools/bin/../lib/gcc/arm-none-eabi/10.3.1/../../../../arm-none-eabi/lib/thumb/v7-m/nofp\libc_nano.a(lib_a-impure.o)
 .ARM.attributes
                0x00000000000004fd       0x2d c:/st/stm32cubeide_1.10.1/stm32cubeide/plugins/com.st.stm32cube.ide.mcu.externaltools.gnu-tools-for-stm32.10.3-2021.10.win32_1.0.0.202111181127/tools/bin/../lib/gcc/arm-none-eabi/10.3.1/../../../../arm-none-eabi/lib/thumb/v7-m/nofp\libc_nano.a(lib_a-init.o)
 .ARM.attributes
                0x000000000000052a       0x2d c:/st/stm32cubeide_1.10.1/stm32cubeide/plugins/com.st.stm32cube.ide.mcu.externaltools.gnu-tools-for-stm32.10.3-2021.10.win32_1.0.0.202111181127/tools/bin/../lib/gcc/arm-none-eabi/10.3.1/../../../../arm-none-eabi/lib/thumb/v7-m/nofp\libc_nano.a(lib_a-memset.o)
 .ARM.attributes
                0x0000000000000557       0x2d c:/st/stm32cubeide_1.10.1/stm32cubeide/plugins/com.st.stm32cube.ide.mcu.externaltools.gnu-tools-for-stm32.10.3-2021.10.win32_1.0.0.202111181127/tools/bin/../lib/gcc/arm-none-eabi/10.3.1/../../../../arm-none-eabi/lib/thumb/v7-m/nofp\libc_nano.a(lib_a-sprintf.o)
 .ARM.attributes
                0x0000000000000584       0x2d c:/st/stm32cubeide_1.10.1/stm32cubeide/plugins/com.st.stm32cube.ide.mcu.externaltools.gnu-tools-for-stm32.10.3-2021.10.win32_1.0.0.202111181127/tools/bin/../lib/gcc/arm-none-eabi/10.3.1/../../../../arm-none-eabi/lib/thumb/v7-m/nofp\libc_nano.a(lib_a-nano-svfprintf.o)
 .ARM.attributes
                0x00000000000005b1       0x2d c:/st/stm32cubeide_1.10.1/stm32cubeide/plugins/com.st.stm32cube.ide.mcu.externaltools.gnu-tools-for-stm32.10.3-2021.10.win32_1.0.0.202111181127/tools/bin/../lib/gcc/arm-none-eabi/10.3.1/../../../../arm-none-eabi/lib/thumb/v7-m/nofp\libc_nano.a(lib_a-nano-vfprintf_i.o)
 .ARM.attributes
                0x00000000000005de       0x2d c:/st/stm32cubeide_1.10.1/stm32cubeide/plugins/com.st.stm32cube.ide.mcu.externaltools.gnu-tools-for-stm32.10.3-2021.10.win32_1.0.0.202111181127/tools/bin/../lib/gcc/arm-none-eabi/10.3.1/../../../../arm-none-eabi/lib/thumb/v7-m/nofp\libc_nano.a(lib_a-memchr-stub.o)
 .ARM.attributes
                0x000000000000060b       0x2d c:/st/stm32cubeide_1.10.1/stm32cubeide/plugins/com.st.stm32cube.ide.mcu.externaltools.gnu-tools-for-stm32.10.3-2021.10.win32_1.0.0.202111181127/tools/bin/../lib/gcc/arm-none-eabi/10.3.1/../../../../arm-none-eabi/lib/thumb/v7-m/nofp\libc_nano.a(lib_a-memcpy-stub.o)
 .ARM.attributes
                0x0000000000000638       0x2d c:/st/stm32cubeide_1.10.1/stm32cubeide/plugins/com.st.stm32cube.ide.mcu.externaltools.gnu-tools-for-stm32.10.3-2021.10.win32_1.0.0.202111181127/tools/bin/../lib/gcc/arm-none-eabi/10.3.1/../../../../arm-none-eabi/lib/thumb/v7-m/nofp\libc_nano.a(lib_a-memmove.o)
 .ARM.attributes
                0x0000000000000665       0x2d c:/st/stm32cubeide_1.10.1/stm32cubeide/plugins/com.st.stm32cube.ide.mcu.externaltools.gnu-tools-for-stm32.10.3-2021.10.win32_1.0.0.202111181127/tools/bin/../lib/gcc/arm-none-eabi/10.3.1/../../../../arm-none-eabi/lib/thumb/v7-m/nofp\libc_nano.a(lib_a-nano-freer.o)
 .ARM.attributes
                0x0000000000000692       0x2d c:/st/stm32cubeide_1.10.1/stm32cubeide/plugins/com.st.stm32cube.ide.mcu.externaltools.gnu-tools-for-stm32.10.3-2021.10.win32_1.0.0.202111181127/tools/bin/../lib/gcc/arm-none-eabi/10.3.1/../../../../arm-none-eabi/lib/thumb/v7-m/nofp\libc_nano.a(lib_a-nano-mallocr.o)
 .ARM.attributes
                0x00000000000006bf       0x2d c:/st/stm32cubeide_1.10.1/stm32cubeide/plugins/com.st.stm32cube.ide.mcu.externaltools.gnu-tools-for-stm32.10.3-2021.10.win32_1.0.0.202111181127/tools/bin/../lib/gcc/arm-none-eabi/10.3.1/../../../../arm-none-eabi/lib/thumb/v7-m/nofp\libc_nano.a(lib_a-nano-reallocr.o)
 .ARM.attributes
                0x00000000000006ec       0x2d c:/st/stm32cubeide_1.10.1/stm32cubeide/plugins/com.st.stm32cube.ide.mcu.externaltools.gnu-tools-for-stm32.10.3-2021.10.win32_1.0.0.202111181127/tools/bin/../lib/gcc/arm-none-eabi/10.3.1/../../../../arm-none-eabi/lib/thumb/v7-m/nofp\libc_nano.a(lib_a-sbrkr.o)
 .ARM.attributes
                0x0000000000000719       0x2d c:/st/stm32cubeide_1.10.1/stm32cubeide/plugins/com.st.stm32cube.ide.mcu.externaltools.gnu-tools-for-stm32.10.3-2021.10.win32_1.0.0.202111181127/tools/bin/../lib/gcc/arm-none-eabi/10.3.1/../../../../arm-none-eabi/lib/thumb/v7-m/nofp\libc_nano.a(lib_a-mlock.o)
 .ARM.attributes
                0x0000000000000746       0x2d c:/st/stm32cubeide_1.10.1/stm32cubeide/plugins/com.st.stm32cube.ide.mcu.externaltools.gnu-tools-for-stm32.10.3-2021.10.win32_1.0.0.202111181127/tools/bin/../lib/gcc/arm-none-eabi/10.3.1/../../../../arm-none-eabi/lib/thumb/v7-m/nofp\libc_nano.a(lib_a-nano-msizer.o)
 .ARM.attributes
                0x0000000000000773       0x2d c:/st/stm32cubeide_1.10.1/stm32cubeide/plugins/com.st.stm32cube.ide.mcu.externaltools.gnu-tools-for-stm32.10.3-2021.10.win32_1.0.0.202111181127/tools/bin/../lib/gcc/arm-none-eabi/10.3.1/../../../../arm-none-eabi/lib/thumb/v7-m/nofp\libc_nano.a(lib_a-reent.o)
 .ARM.attributes
                0x00000000000007a0       0x2d c:/st/stm32cubeide_1.10.1/stm32cubeide/plugins/com.st.stm32cube.ide.mcu.externaltools.gnu-tools-for-stm32.10.3-2021.10.win32_1.0.0.202111181127/tools/bin/../lib/gcc/arm-none-eabi/10.3.1/../../../../arm-none-eabi/lib/thumb/v7-m/nofp\libc_nano.a(lib_a-lock.o)
 .ARM.attributes
                0x00000000000007cd       0x1d c:/st/stm32cubeide_1.10.1/stm32cubeide/plugins/com.st.stm32cube.ide.mcu.externaltools.gnu-tools-for-stm32.10.3-2021.10.win32_1.0.0.202111181127/tools/bin/../lib/gcc/arm-none-eabi/10.3.1/thumb/v7-m/nofp/crtn.o
OUTPUT(AUDIO.elf elf32-littlearm)
LOAD linker stubs
LOAD c:/st/stm32cubeide_1.10.1/stm32cubeide/plugins/com.st.stm32cube.ide.mcu.externaltools.gnu-tools-for-stm32.10.3-2021.10.win32_1.0.0.202111181127/tools/bin/../lib/gcc/arm-none-eabi/10.3.1/../../../../arm-none-eabi/lib/thumb/v7-m/nofp\libc.a
LOAD c:/st/stm32cubeide_1.10.1/stm32cubeide/plugins/com.st.stm32cube.ide.mcu.externaltools.gnu-tools-for-stm32.10.3-2021.10.win32_1.0.0.202111181127/tools/bin/../lib/gcc/arm-none-eabi/10.3.1/../../../../arm-none-eabi/lib/thumb/v7-m/nofp\libm.a
LOAD c:/st/stm32cubeide_1.10.1/stm32cubeide/plugins/com.st.stm32cube.ide.mcu.externaltools.gnu-tools-for-stm32.10.3-2021.10.win32_1.0.0.202111181127/tools/bin/../lib/gcc/arm-none-eabi/10.3.1/thumb/v7-m/nofp\libgcc.a

.debug_info     0x0000000000000000    0x1458d
 .debug_info    0x0000000000000000      0x7fa ./Core/Src/lcd.o
 .debug_info    0x00000000000007fa     0x22b4 ./Core/Src/main.o
 .debug_info    0x0000000000002aae     0x14ae ./Core/Src/stm32f1xx_hal_msp.o
 .debug_info    0x0000000000003f5c      0xb4a ./Core/Src/stm32f1xx_it.o
 .debug_info    0x0000000000004aa6      0x171 ./Core/Src/sysmem.o
 .debug_info    0x0000000000004c17      0x23d ./Core/Src/system_stm32f1xx.o
 .debug_info    0x0000000000004e54       0x22 ./Core/Startup/startup_stm32f103vetx.o
 .debug_info    0x0000000000004e76      0x79a ./Drivers/STM32F1xx_HAL_Driver/Src/stm32f1xx_hal.o
 .debug_info    0x0000000000005610      0xb86 ./Drivers/STM32F1xx_HAL_Driver/Src/stm32f1xx_hal_cortex.o
 .debug_info    0x0000000000006196      0x9f2 ./Drivers/STM32F1xx_HAL_Driver/Src/stm32f1xx_hal_dac.o
 .debug_info    0x0000000000006b88      0x73f ./Drivers/STM32F1xx_HAL_Driver/Src/stm32f1xx_hal_dma.o
 .debug_info    0x00000000000072c7      0x615 ./Drivers/STM32F1xx_HAL_Driver/Src/stm32f1xx_hal_gpio.o
 .debug_info    0x00000000000078dc      0x860 ./Drivers/STM32F1xx_HAL_Driver/Src/stm32f1xx_hal_rcc.o
 .debug_info    0x000000000000813c     0x1cbf ./Drivers/STM32F1xx_HAL_Driver/Src/stm32f1xx_hal_sd.o
 .debug_info    0x0000000000009dfb      0xd5b ./Drivers/STM32F1xx_HAL_Driver/Src/stm32f1xx_hal_sram.o
 .debug_info    0x000000000000ab56     0x29de ./Drivers/STM32F1xx_HAL_Driver/Src/stm32f1xx_hal_tim.o
 .debug_info    0x000000000000d534     0x1513 ./Drivers/STM32F1xx_HAL_Driver/Src/stm32f1xx_hal_tim_ex.o
 .debug_info    0x000000000000ea47      0xa08 ./Drivers/STM32F1xx_HAL_Driver/Src/stm32f1xx_ll_fsmc.o
 .debug_info    0x000000000000f44f     0x1194 ./Drivers/STM32F1xx_HAL_Driver/Src/stm32f1xx_ll_sdmmc.o
 .debug_info    0x00000000000105e3      0x52d ./FATFS/App/fatfs.o
 .debug_info    0x0000000000010b10      0xb08 ./FATFS/Target/bsp_driver_sd.o
 .debug_info    0x0000000000011618      0x40d ./Middlewares/Third_Party/FatFs/src/diskio.o
 .debug_info    0x0000000000011a25     0x22ef ./Middlewares/Third_Party/FatFs/src/ff.o
 .debug_info    0x0000000000013d14      0x3a4 ./Middlewares/Third_Party/FatFs/src/ff_gen_drv.o
 .debug_info    0x00000000000140b8      0x4d5 ./Middlewares/Third_Party/FatFs/src/drivers/sd_diskio.o

.debug_abbrev   0x0000000000000000     0x325d
 .debug_abbrev  0x0000000000000000      0x27f ./Core/Src/lcd.o
 .debug_abbrev  0x000000000000027f      0x417 ./Core/Src/main.o
 .debug_abbrev  0x0000000000000696      0x28a ./Core/Src/stm32f1xx_hal_msp.o
 .debug_abbrev  0x0000000000000920      0x1c4 ./Core/Src/stm32f1xx_it.o
 .debug_abbrev  0x0000000000000ae4       0xbb ./Core/Src/sysmem.o
 .debug_abbrev  0x0000000000000b9f      0x13b ./Core/Src/system_stm32f1xx.o
 .debug_abbrev  0x0000000000000cda       0x12 ./Core/Startup/startup_stm32f103vetx.o
 .debug_abbrev  0x0000000000000cec      0x1fb ./Drivers/STM32F1xx_HAL_Driver/Src/stm32f1xx_hal.o
 .debug_abbrev  0x0000000000000ee7      0x2ed ./Drivers/STM32F1xx_HAL_Driver/Src/stm32f1xx_hal_cortex.o
 .debug_abbrev  0x00000000000011d4      0x1f4 ./Drivers/STM32F1xx_HAL_Driver/Src/stm32f1xx_hal_dac.o
 .debug_abbrev  0x00000000000013c8      0x1fe ./Drivers/STM32F1xx_HAL_Driver/Src/stm32f1xx_hal_dma.o
 .debug_abbrev  0x00000000000015c6      0x1bb ./Drivers/STM32F1xx_HAL_Driver/Src/stm32f1xx_hal_gpio.o
 .debug_abbrev  0x0000000000001781      0x2a8 ./Drivers/STM32F1xx_HAL_Driver/Src/stm32f1xx_hal_rcc.o
 .debug_abbrev  0x0000000000001a29      0x273 ./Drivers/STM32F1xx_HAL_Driver/Src/stm32f1xx_hal_sd.o
 .debug_abbrev  0x0000000000001c9c      0x1f8 ./Drivers/STM32F1xx_HAL_Driver/Src/stm32f1xx_hal_sram.o
 .debug_abbrev  0x0000000000001e94      0x25d ./Drivers/STM32F1xx_HAL_Driver/Src/stm32f1xx_hal_tim.o
 .debug_abbrev  0x00000000000020f1      0x265 ./Drivers/STM32F1xx_HAL_Driver/Src/stm32f1xx_hal_tim_ex.o
 .debug_abbrev  0x0000000000002356      0x196 ./Drivers/STM32F1xx_HAL_Driver/Src/stm32f1xx_ll_fsmc.o
 .debug_abbrev  0x00000000000024ec      0x1f5 ./Drivers/STM32F1xx_HAL_Driver/Src/stm32f1xx_ll_sdmmc.o
 .debug_abbrev  0x00000000000026e1      0x19a ./FATFS/App/fatfs.o
 .debug_abbrev  0x000000000000287b      0x295 ./FATFS/Target/bsp_driver_sd.o
 .debug_abbrev  0x0000000000002b10      0x178 ./Middlewares/Third_Party/FatFs/src/diskio.o
 .debug_abbrev  0x0000000000002c88      0x2c5 ./Middlewares/Third_Party/FatFs/src/ff.o
 .debug_abbrev  0x0000000000002f4d      0x196 ./Middlewares/Third_Party/FatFs/src/ff_gen_drv.o
 .debug_abbrev  0x00000000000030e3      0x17a ./Middlewares/Third_Party/FatFs/src/drivers/sd_diskio.o

.debug_aranges  0x0000000000000000     0x13b8
 .debug_aranges
                0x0000000000000000       0xb8 ./Core/Src/lcd.o
 .debug_aranges
                0x00000000000000b8       0xa0 ./Core/Src/main.o
 .debug_aranges
                0x0000000000000158       0x70 ./Core/Src/stm32f1xx_hal_msp.o
 .debug_aranges
                0x00000000000001c8       0x80 ./Core/Src/stm32f1xx_it.o
 .debug_aranges
                0x0000000000000248       0x20 ./Core/Src/sysmem.o
 .debug_aranges
                0x0000000000000268       0x28 ./Core/Src/system_stm32f1xx.o
 .debug_aranges
                0x0000000000000290       0x28 ./Core/Startup/startup_stm32f103vetx.o
 .debug_aranges
                0x00000000000002b8       0xe0 ./Drivers/STM32F1xx_HAL_Driver/Src/stm32f1xx_hal.o
 .debug_aranges
                0x0000000000000398      0x100 ./Drivers/STM32F1xx_HAL_Driver/Src/stm32f1xx_hal_cortex.o
 .debug_aranges
                0x0000000000000498       0xc0 ./Drivers/STM32F1xx_HAL_Driver/Src/stm32f1xx_hal_dac.o
 .debug_aranges
                0x0000000000000558       0x80 ./Drivers/STM32F1xx_HAL_Driver/Src/stm32f1xx_hal_dma.o
 .debug_aranges
                0x00000000000005d8       0x58 ./Drivers/STM32F1xx_HAL_Driver/Src/stm32f1xx_hal_gpio.o
 .debug_aranges
                0x0000000000000630       0x90 ./Drivers/STM32F1xx_HAL_Driver/Src/stm32f1xx_hal_rcc.o
 .debug_aranges
                0x00000000000006c0      0x168 ./Drivers/STM32F1xx_HAL_Driver/Src/stm32f1xx_hal_sd.o
 .debug_aranges
                0x0000000000000828       0xb8 ./Drivers/STM32F1xx_HAL_Driver/Src/stm32f1xx_hal_sram.o
 .debug_aranges
                0x00000000000008e0      0x3d0 ./Drivers/STM32F1xx_HAL_Driver/Src/stm32f1xx_hal_tim.o
 .debug_aranges
                0x0000000000000cb0      0x168 ./Drivers/STM32F1xx_HAL_Driver/Src/stm32f1xx_hal_tim_ex.o
 .debug_aranges
                0x0000000000000e18       0xa8 ./Drivers/STM32F1xx_HAL_Driver/Src/stm32f1xx_ll_fsmc.o
 .debug_aranges
                0x0000000000000ec0      0x180 ./Drivers/STM32F1xx_HAL_Driver/Src/stm32f1xx_ll_sdmmc.o
 .debug_aranges
                0x0000000000001040       0x28 ./FATFS/App/fatfs.o
 .debug_aranges
                0x0000000000001068       0xa0 ./FATFS/Target/bsp_driver_sd.o
 .debug_aranges
                0x0000000000001108       0x48 ./Middlewares/Third_Party/FatFs/src/diskio.o
 .debug_aranges
                0x0000000000001150      0x1e8 ./Middlewares/Third_Party/FatFs/src/ff.o
 .debug_aranges
                0x0000000000001338       0x40 ./Middlewares/Third_Party/FatFs/src/ff_gen_drv.o
 .debug_aranges
                0x0000000000001378       0x40 ./Middlewares/Third_Party/FatFs/src/drivers/sd_diskio.o

.debug_ranges   0x0000000000000000     0x1230
 .debug_ranges  0x0000000000000000       0xa8 ./Core/Src/lcd.o
 .debug_ranges  0x00000000000000a8       0x90 ./Core/Src/main.o
 .debug_ranges  0x0000000000000138       0x60 ./Core/Src/stm32f1xx_hal_msp.o
 .debug_ranges  0x0000000000000198       0x70 ./Core/Src/stm32f1xx_it.o
 .debug_ranges  0x0000000000000208       0x10 ./Core/Src/sysmem.o
 .debug_ranges  0x0000000000000218       0x18 ./Core/Src/system_stm32f1xx.o
 .debug_ranges  0x0000000000000230       0x20 ./Core/Startup/startup_stm32f103vetx.o
 .debug_ranges  0x0000000000000250       0xd0 ./Drivers/STM32F1xx_HAL_Driver/Src/stm32f1xx_hal.o
 .debug_ranges  0x0000000000000320       0xf0 ./Drivers/STM32F1xx_HAL_Driver/Src/stm32f1xx_hal_cortex.o
 .debug_ranges  0x0000000000000410       0xb0 ./Drivers/STM32F1xx_HAL_Driver/Src/stm32f1xx_hal_dac.o
 .debug_ranges  0x00000000000004c0       0x70 ./Drivers/STM32F1xx_HAL_Driver/Src/stm32f1xx_hal_dma.o
 .debug_ranges  0x0000000000000530       0x48 ./Drivers/STM32F1xx_HAL_Driver/Src/stm32f1xx_hal_gpio.o
 .debug_ranges  0x0000000000000578       0x80 ./Drivers/STM32F1xx_HAL_Driver/Src/stm32f1xx_hal_rcc.o
 .debug_ranges  0x00000000000005f8      0x158 ./Drivers/STM32F1xx_HAL_Driver/Src/stm32f1xx_hal_sd.o
 .debug_ranges  0x0000000000000750       0xa8 ./Drivers/STM32F1xx_HAL_Driver/Src/stm32f1xx_hal_sram.o
 .debug_ranges  0x00000000000007f8      0x3c0 ./Drivers/STM32F1xx_HAL_Driver/Src/stm32f1xx_hal_tim.o
 .debug_ranges  0x0000000000000bb8      0x158 ./Drivers/STM32F1xx_HAL_Driver/Src/stm32f1xx_hal_tim_ex.o
 .debug_ranges  0x0000000000000d10       0x98 ./Drivers/STM32F1xx_HAL_Driver/Src/stm32f1xx_ll_fsmc.o
 .debug_ranges  0x0000000000000da8      0x170 ./Drivers/STM32F1xx_HAL_Driver/Src/stm32f1xx_ll_sdmmc.o
 .debug_ranges  0x0000000000000f18       0x18 ./FATFS/App/fatfs.o
 .debug_ranges  0x0000000000000f30       0x90 ./FATFS/Target/bsp_driver_sd.o
 .debug_ranges  0x0000000000000fc0       0x38 ./Middlewares/Third_Party/FatFs/src/diskio.o
 .debug_ranges  0x0000000000000ff8      0x1d8 ./Middlewares/Third_Party/FatFs/src/ff.o
 .debug_ranges  0x00000000000011d0       0x30 ./Middlewares/Third_Party/FatFs/src/ff_gen_drv.o
 .debug_ranges  0x0000000000001200       0x30 ./Middlewares/Third_Party/FatFs/src/drivers/sd_diskio.o

.debug_macro    0x0000000000000000    0x1c7a2
 .debug_macro   0x0000000000000000      0x2a4 ./Core/Src/lcd.o
 .debug_macro   0x00000000000002a4      0xa6c ./Core/Src/lcd.o
 .debug_macro   0x0000000000000d10      0x22d ./Core/Src/lcd.o
 .debug_macro   0x0000000000000f3d       0x2e ./Core/Src/lcd.o
 .debug_macro   0x0000000000000f6b       0x22 ./Core/Src/lcd.o
 .debug_macro   0x0000000000000f8d       0x22 ./Core/Src/lcd.o
 .debug_macro   0x0000000000000faf       0x8e ./Core/Src/lcd.o
 .debug_macro   0x000000000000103d       0x51 ./Core/Src/lcd.o
 .debug_macro   0x000000000000108e      0x103 ./Core/Src/lcd.o
 .debug_macro   0x0000000000001191       0x6a ./Core/Src/lcd.o
 .debug_macro   0x00000000000011fb      0x1df ./Core/Src/lcd.o
 .debug_macro   0x00000000000013da       0x1c ./Core/Src/lcd.o
 .debug_macro   0x00000000000013f6       0x22 ./Core/Src/lcd.o
 .debug_macro   0x0000000000001418       0xbd ./Core/Src/lcd.o
 .debug_macro   0x00000000000014d5      0xd23 ./Core/Src/lcd.o
 .debug_macro   0x00000000000021f8     0xfd8c ./Core/Src/lcd.o
 .debug_macro   0x0000000000011f84       0x6d ./Core/Src/lcd.o
 .debug_macro   0x0000000000011ff1     0x3468 ./Core/Src/lcd.o
 .debug_macro   0x0000000000015459      0x174 ./Core/Src/lcd.o
 .debug_macro   0x00000000000155cd       0x5c ./Core/Src/lcd.o
 .debug_macro   0x0000000000015629      0x5be ./Core/Src/lcd.o
 .debug_macro   0x0000000000015be7      0x4d5 ./Core/Src/lcd.o
 .debug_macro   0x00000000000160bc      0x1cb ./Core/Src/lcd.o
 .debug_macro   0x0000000000016287      0x114 ./Core/Src/lcd.o
 .debug_macro   0x000000000001639b      0x1ea ./Core/Src/lcd.o
 .debug_macro   0x0000000000016585       0x27 ./Core/Src/lcd.o
 .debug_macro   0x00000000000165ac      0x144 ./Core/Src/lcd.o
 .debug_macro   0x00000000000166f0      0x1bc ./Core/Src/lcd.o
 .debug_macro   0x00000000000168ac       0x30 ./Core/Src/lcd.o
 .debug_macro   0x00000000000168dc       0x3c ./Core/Src/lcd.o
 .debug_macro   0x0000000000016918       0x57 ./Core/Src/lcd.o
 .debug_macro   0x000000000001696f       0xe3 ./Core/Src/lcd.o
 .debug_macro   0x0000000000016a52       0xde ./Core/Src/lcd.o
 .debug_macro   0x0000000000016b30       0x88 ./Core/Src/lcd.o
 .debug_macro   0x0000000000016bb8      0x24f ./Core/Src/lcd.o
 .debug_macro   0x0000000000016e07      0x356 ./Core/Src/lcd.o
 .debug_macro   0x000000000001715d      0x141 ./Core/Src/lcd.o
 .debug_macro   0x000000000001729e      0x861 ./Core/Src/lcd.o
 .debug_macro   0x0000000000017aff      0x1d5 ./Core/Src/lcd.o
 .debug_macro   0x0000000000017cd4      0x8d1 ./Core/Src/lcd.o
 .debug_macro   0x00000000000185a5       0xb5 ./Core/Src/lcd.o
 .debug_macro   0x000000000001865a       0xd0 ./Core/Src/lcd.o
 .debug_macro   0x000000000001872a       0x52 ./Core/Src/lcd.o
 .debug_macro   0x000000000001877c       0x18 ./Core/Src/lcd.o
 .debug_macro   0x0000000000018794       0x3c ./Core/Src/lcd.o
 .debug_macro   0x00000000000187d0       0x34 ./Core/Src/lcd.o
 .debug_macro   0x0000000000018804       0x16 ./Core/Src/lcd.o
 .debug_macro   0x000000000001881a       0x43 ./Core/Src/lcd.o
 .debug_macro   0x000000000001885d       0x34 ./Core/Src/lcd.o
 .debug_macro   0x0000000000018891       0x10 ./Core/Src/lcd.o
 .debug_macro   0x00000000000188a1       0x58 ./Core/Src/lcd.o
 .debug_macro   0x00000000000188f9       0x71 ./Core/Src/lcd.o
 .debug_macro   0x000000000001896a       0x1c ./Core/Src/lcd.o
 .debug_macro   0x0000000000018986      0x12a ./Core/Src/lcd.o
 .debug_macro   0x0000000000018ab0      0x341 ./Core/Src/lcd.o
 .debug_macro   0x0000000000018df1      0x19b ./Core/Src/lcd.o
 .debug_macro   0x0000000000018f8c      0x282 ./Core/Src/main.o
 .debug_macro   0x000000000001920e       0x3a ./Core/Src/main.o
 .debug_macro   0x0000000000019248       0xd8 ./Core/Src/main.o
 .debug_macro   0x0000000000019320       0xf5 ./Core/Src/main.o
 .debug_macro   0x0000000000019415       0x8e ./Core/Src/main.o
 .debug_macro   0x00000000000194a3       0xd6 ./Core/Src/main.o
 .debug_macro   0x0000000000019579       0x16 ./Core/Src/main.o
 .debug_macro   0x000000000001958f      0x1ea ./Core/Src/stm32f1xx_hal_msp.o
 .debug_macro   0x0000000000019779      0x1fd ./Core/Src/stm32f1xx_it.o
 .debug_macro   0x0000000000019976       0xff ./Core/Src/sysmem.o
 .debug_macro   0x0000000000019a75      0x23b ./Core/Src/sysmem.o
 .debug_macro   0x0000000000019cb0      0x1e0 ./Core/Src/system_stm32f1xx.o
 .debug_macro   0x0000000000019e90      0x204 ./Drivers/STM32F1xx_HAL_Driver/Src/stm32f1xx_hal.o
 .debug_macro   0x000000000001a094      0x1e0 ./Drivers/STM32F1xx_HAL_Driver/Src/stm32f1xx_hal_cortex.o
 .debug_macro   0x000000000001a274      0x1e1 ./Drivers/STM32F1xx_HAL_Driver/Src/stm32f1xx_hal_dac.o
 .debug_macro   0x000000000001a455      0x1e0 ./Drivers/STM32F1xx_HAL_Driver/Src/stm32f1xx_hal_dma.o
 .debug_macro   0x000000000001a635      0x24b ./Drivers/STM32F1xx_HAL_Driver/Src/stm32f1xx_hal_gpio.o
 .debug_macro   0x000000000001a880      0x1f2 ./Drivers/STM32F1xx_HAL_Driver/Src/stm32f1xx_hal_rcc.o
 .debug_macro   0x000000000001aa72      0x1e1 ./Drivers/STM32F1xx_HAL_Driver/Src/stm32f1xx_hal_sd.o
 .debug_macro   0x000000000001ac53      0x1e0 ./Drivers/STM32F1xx_HAL_Driver/Src/stm32f1xx_hal_sram.o
 .debug_macro   0x000000000001ae33      0x1e1 ./Drivers/STM32F1xx_HAL_Driver/Src/stm32f1xx_hal_tim.o
 .debug_macro   0x000000000001b014      0x1e0 ./Drivers/STM32F1xx_HAL_Driver/Src/stm32f1xx_hal_tim_ex.o
 .debug_macro   0x000000000001b1f4      0x219 ./Drivers/STM32F1xx_HAL_Driver/Src/stm32f1xx_ll_fsmc.o
 .debug_macro   0x000000000001b40d      0x1e1 ./Drivers/STM32F1xx_HAL_Driver/Src/stm32f1xx_ll_sdmmc.o
 .debug_macro   0x000000000001b5ee      0x246 ./FATFS/App/fatfs.o
 .debug_macro   0x000000000001b834      0x1ef ./FATFS/Target/bsp_driver_sd.o
 .debug_macro   0x000000000001ba23       0x34 ./FATFS/Target/bsp_driver_sd.o
 .debug_macro   0x000000000001ba57      0x233 ./Middlewares/Third_Party/FatFs/src/diskio.o
 .debug_macro   0x000000000001bc8a       0x16 ./Middlewares/Third_Party/FatFs/src/diskio.o
 .debug_macro   0x000000000001bca0       0x7c ./Middlewares/Third_Party/FatFs/src/diskio.o
 .debug_macro   0x000000000001bd1c      0x47a ./Middlewares/Third_Party/FatFs/src/ff.o
 .debug_macro   0x000000000001c196       0x58 ./Middlewares/Third_Party/FatFs/src/ff.o
 .debug_macro   0x000000000001c1ee      0x233 ./Middlewares/Third_Party/FatFs/src/ff_gen_drv.o
 .debug_macro   0x000000000001c421      0x2fb ./Middlewares/Third_Party/FatFs/src/drivers/sd_diskio.o
 .debug_macro   0x000000000001c71c       0x10 ./Middlewares/Third_Party/FatFs/src/drivers/sd_diskio.o
 .debug_macro   0x000000000001c72c       0x20 ./Middlewares/Third_Party/FatFs/src/drivers/sd_diskio.o
 .debug_macro   0x000000000001c74c       0x56 ./Middlewares/Third_Party/FatFs/src/drivers/sd_diskio.o

.debug_line     0x0000000000000000    0x1704f
 .debug_line    0x0000000000000000      0xc6b ./Core/Src/lcd.o
 .debug_line    0x0000000000000c6b      0xd46 ./Core/Src/main.o
 .debug_line    0x00000000000019b1      0x8af ./Core/Src/stm32f1xx_hal_msp.o
 .debug_line    0x0000000000002260      0x813 ./Core/Src/stm32f1xx_it.o
 .debug_line    0x0000000000002a73      0x4ea ./Core/Src/sysmem.o
 .debug_line    0x0000000000002f5d      0x766 ./Core/Src/system_stm32f1xx.o
 .debug_line    0x00000000000036c3       0x87 ./Core/Startup/startup_stm32f103vetx.o
 .debug_line    0x000000000000374a      0x993 ./Drivers/STM32F1xx_HAL_Driver/Src/stm32f1xx_hal.o
 .debug_line    0x00000000000040dd      0xb7b ./Drivers/STM32F1xx_HAL_Driver/Src/stm32f1xx_hal_cortex.o
 .debug_line    0x0000000000004c58      0xae8 ./Drivers/STM32F1xx_HAL_Driver/Src/stm32f1xx_hal_dac.o
 .debug_line    0x0000000000005740     0x12bd ./Drivers/STM32F1xx_HAL_Driver/Src/stm32f1xx_hal_dma.o