../Core/Inc/fileBuff.h:56:20:initFileStruct	24	static
../Core/Inc/fileBuff.h:68:19:initFileHeader	24	static
../Core/Inc/fileBuff.h:73:19:readFile	24	static
../Core/Inc/fileBuff.h:88:24:readSample	24	static
../Core/Src/main.c:79:6:error_handler	120	static
../Core/Src/main.c:85:6:display_success	120	static
../Core/Src/main.c:112:5:main	8328	static,ignoring_inline_asm
../Core/Src/main.c:396:6:SystemClock_Config	72	static
../Core/Src/main.c:436:13:MX_DAC_Init	16	static
../Core/Src/main.c:483:13:MX_SDIO_SD_Init	8	static
../Core/Src/main.c:519:13:MX_SPI2_Init	8	static
../Core/Src/main.c:557:13:MX_TIM2_Init	32	static
../Core/Src/main.c:602:13:MX_TIM3_Init	32	static
../Core/Src/main.c:645:13:MX_DMA_Init	16	static
../Core/Src/main.c:663:13:MX_GPIO_Init	48	static
../Core/Src/main.c:723:13:MX_FSMC_Init	40	static
../Core/Src/main.c:781:6:HAL_TIM_PeriodElapsedCallback	16	static
../Core/Src/main.c:796:6:Error_Handler	4	static,ignoring_inline_asm
