../Core/Src/stm32f1xx_hal_msp.c:64:6:HAL_MspInit	24	static
../Core/Src/stm32f1xx_hal_msp.c:90:6:HAL_DAC_MspInit	40	static
../Core/Src/stm32f1xx_hal_msp.c:140:6:HAL_DAC_MspDeInit	16	static
../Core/Src/stm32f1xx_hal_msp.c:171:6:HAL_SD_MspInit	48	static
../Core/Src/stm32f1xx_hal_msp.c:219:6:HAL_SD_MspDeInit	16	static
../Core/Src/stm32f1xx_hal_msp.c:257:6:HAL_SPI_MspInit	40	static
../Core/Src/stm32f1xx_hal_msp.c:297:6:HAL_SPI_MspDeInit	16	static
../Core/Src/stm32f1xx_hal_msp.c:327:6:HAL_TIM_Base_MspInit	24	static
../Core/Src/stm32f1xx_hal_msp.c:366:6:HAL_TIM_Base_MspDeInit	16	static
../Core/Src/stm32f1xx_hal_msp.c:401:13:HAL_FSMC_MspInit	32	static
../Core/Src/stm32f1xx_hal_msp.c:455:6:HAL_SRAM_MspInit	16	static
../Core/Src/stm32f1xx_hal_msp.c:467:13:HAL_FSMC_MspDeInit	8	static
../Core/Src/stm32f1xx_hal_msp.c:513:6:HAL_SRAM_MspDeInit	16	static
