../Core/Src/stm32f1xx_it.c:73:6:NMI_Handler	4	static
../Core/Src/stm32f1xx_it.c:88:6:HardFault_Handler	8	static
../Core/Src/stm32f1xx_it.c:104:6:MemManage_Handler	4	static
../Core/Src/stm32f1xx_it.c:119:6:BusFault_Handler	4	static
../Core/Src/stm32f1xx_it.c:134:6:UsageFault_Handler	4	static
../Core/Src/stm32f1xx_it.c:149:6:SVC_Handler	4	static
../Core/Src/stm32f1xx_it.c:162:6:DebugMon_Handler	4	static
../Core/Src/stm32f1xx_it.c:175:6:PendSV_Handler	4	static
../Core/Src/stm32f1xx_it.c:188:6:SysTick_Handler	8	static
../Core/Src/stm32f1xx_it.c:212:6:TIM2_IRQHandler	8	static
../Core/Src/stm32f1xx_it.c:226:6:TIM3_IRQHandler	8	static
../Core/Src/stm32f1xx_it.c:240:6:SDIO_IRQHandler	8	static
../Core/Src/stm32f1xx_it.c:254:6:DMA2_Channel4_5_IRQHandler	8	static
