Archive member included to satisfy reference by file (symbol)

c:/st/stm32cubeide_1.10.1/stm32cubeide/plugins/com.st.stm32cube.ide.mcu.externaltools.gnu-tools-for-stm32.10.3-2021.10.win32_1.0.0.202111181127/tools/bin/../lib/gcc/arm-none-eabi/10.3.1/../../../../arm-none-eabi/lib/thumb/v7-m/nofp\libc_nano.a(lib_a-errno.o)
                              ./Core/Src/syscalls.o (__errno)
c:/st/stm32cubeide_1.10.1/stm32cubeide/plugins/com.st.stm32cube.ide.mcu.externaltools.gnu-tools-for-stm32.10.3-2021.10.win32_1.0.0.202111181127/tools/bin/../lib/gcc/arm-none-eabi/10.3.1/../../../../arm-none-eabi/lib/thumb/v7-m/nofp\libc_nano.a(lib_a-exit.o)
                              c:/st/stm32cubeide_1.10.1/stm32cubeide/plugins/com.st.stm32cube.ide.mcu.externaltools.gnu-tools-for-stm32.10.3-2021.10.win32_1.0.0.202111181127/tools/bin/../lib/gcc/arm-none-eabi/10.3.1/../../../../arm-none-eabi/lib/thumb/v7-m/nofp/crt0.o (exit)
c:/st/stm32cubeide_1.10.1/stm32cubeide/plugins/com.st.stm32cube.ide.mcu.externaltools.gnu-tools-for-stm32.10.3-2021.10.win32_1.0.0.202111181127/tools/bin/../lib/gcc/arm-none-eabi/10.3.1/../../../../arm-none-eabi/lib/thumb/v7-m/nofp\libc_nano.a(lib_a-findfp.o)
                              ./Middlewares/Third_Party/FreeRTOS/Source/tasks.o (__sf_fake_stderr)
c:/st/stm32cubeide_1.10.1/stm32cubeide/plugins/com.st.stm32cube.ide.mcu.externaltools.gnu-tools-for-stm32.10.3-2021.10.win32_1.0.0.202111181127/tools/bin/../lib/gcc/arm-none-eabi/10.3.1/../../../../arm-none-eabi/lib/thumb/v7-m/nofp\libc_nano.a(lib_a-fwalk.o)
                              c:/st/stm32cubeide_1.10.1/stm32cubeide/plugins/com.st.stm32cube.ide.mcu.externaltools.gnu-tools-for-stm32.10.3-2021.10.win32_1.0.0.202111181127/tools/bin/../lib/gcc/arm-none-eabi/10.3.1/../../../../arm-none-eabi/lib/thumb/v7-m/nofp\libc_nano.a(lib_a-findfp.o) (_fwalk)
c:/st/stm32cubeide_1.10.1/stm32cubeide/plugins/com.st.stm32cube.ide.mcu.externaltools.gnu-tools-for-stm32.10.3-2021.10.win32_1.0.0.202111181127/tools/bin/../lib/gcc/arm-none-eabi/10.3.1/../../../../arm-none-eabi/lib/thumb/v7-m/nofp\libc_nano.a(lib_a-impure.o)
                              c:/st/stm32cubeide_1.10.1/stm32cubeide/plugins/com.st.stm32cube.ide.mcu.externaltools.gnu-tools-for-stm32.10.3-2021.10.win32_1.0.0.202111181127/tools/bin/../lib/gcc/arm-none-eabi/10.3.1/../../../../arm-none-eabi/lib/thumb/v7-m/nofp\libc_nano.a(lib_a-exit.o) (_global_impure_ptr)
c:/st/stm32cubeide_1.10.1/stm32cubeide/plugins/com.st.stm32cube.ide.mcu.externaltools.gnu-tools-for-stm32.10.3-2021.10.win32_1.0.0.202111181127/tools/bin/../lib/gcc/arm-none-eabi/10.3.1/../../../../arm-none-eabi/lib/thumb/v7-m/nofp\libc_nano.a(lib_a-init.o)
                              c:/st/stm32cubeide_1.10.1/stm32cubeide/plugins/com.st.stm32cube.ide.mcu.externaltools.gnu-tools-for-stm32.10.3-2021.10.win32_1.0.0.202111181127/tools/bin/../lib/gcc/arm-none-eabi/10.3.1/../../../../arm-none-eabi/lib/thumb/v7-m/nofp/crt0.o (__libc_init_array)
c:/st/stm32cubeide_1.10.1/stm32cubeide/plugins/com.st.stm32cube.ide.mcu.externaltools.gnu-tools-for-stm32.10.3-2021.10.win32_1.0.0.202111181127/tools/bin/../lib/gcc/arm-none-eabi/10.3.1/../../../../arm-none-eabi/lib/thumb/v7-m/nofp\libc_nano.a(lib_a-lock.o)
                              c:/st/stm32cubeide_1.10.1/stm32cubeide/plugins/com.st.stm32cube.ide.mcu.externaltools.gnu-tools-for-stm32.10.3-2021.10.win32_1.0.0.202111181127/tools/bin/../lib/gcc/arm-none-eabi/10.3.1/../../../../arm-none-eabi/lib/thumb/v7-m/nofp\libc_nano.a(lib_a-findfp.o) (__retarget_lock_init_recursive)
c:/st/stm32cubeide_1.10.1/stm32cubeide/plugins/com.st.stm32cube.ide.mcu.externaltools.gnu-tools-for-stm32.10.3-2021.10.win32_1.0.0.202111181127/tools/bin/../lib/gcc/arm-none-eabi/10.3.1/../../../../arm-none-eabi/lib/thumb/v7-m/nofp\libc_nano.a(lib_a-memcpy-stub.o)
                              ./Middlewares/Third_Party/FreeRTOS/Source/queue.o (memcpy)
c:/st/stm32cubeide_1.10.1/stm32cubeide/plugins/com.st.stm32cube.ide.mcu.externaltools.gnu-tools-for-stm32.10.3-2021.10.win32_1.0.0.202111181127/tools/bin/../lib/gcc/arm-none-eabi/10.3.1/../../../../arm-none-eabi/lib/thumb/v7-m/nofp\libc_nano.a(lib_a-memset.o)
                              c:/st/stm32cubeide_1.10.1/stm32cubeide/plugins/com.st.stm32cube.ide.mcu.externaltools.gnu-tools-for-stm32.10.3-2021.10.win32_1.0.0.202111181127/tools/bin/../lib/gcc/arm-none-eabi/10.3.1/../../../../arm-none-eabi/lib/thumb/v7-m/nofp/crt0.o (memset)
c:/st/stm32cubeide_1.10.1/stm32cubeide/plugins/com.st.stm32cube.ide.mcu.externaltools.gnu-tools-for-stm32.10.3-2021.10.win32_1.0.0.202111181127/tools/bin/../lib/gcc/arm-none-eabi/10.3.1/../../../../arm-none-eabi/lib/thumb/v7-m/nofp\libc_nano.a(lib_a-nano-mallocr.o)
                              c:/st/stm32cubeide_1.10.1/stm32cubeide/plugins/com.st.stm32cube.ide.mcu.externaltools.gnu-tools-for-stm32.10.3-2021.10.win32_1.0.0.202111181127/tools/bin/../lib/gcc/arm-none-eabi/10.3.1/../../../../arm-none-eabi/lib/thumb/v7-m/nofp\libc_nano.a(lib_a-findfp.o) (_malloc_r)
[...]
Memory Configuration

Name             Origin             Length             Attributes
RAM              0x0000000020000000 0x0000000000010000 xrw
FLASH            0x0000000008000000 0x0000000000080000 xr
*default*        0x0000000000000000 0xffffffffffffffff

Linker script and memory map

LOAD c:/st/stm32cubeide_1.10.1/stm32cubeide/plugins/com.st.stm32cube.ide.mcu.externaltools.gnu-tools-for-stm32.10.3-2021.10.win32_1.0.0.202111181127/tools/bin/../lib/gcc/arm-none-eabi/10.3.1/thumb/v7-m/nofp/crti.o
LOAD c:/st/stm32cubeide_1.10.1/stm32cubeide/plugins/com.st.stm32cube.ide.mcu.externaltools.gnu-tools-for-stm32.10.3-2021.10.win32_1.0.0.202111181127/tools/bin/../lib/gcc/arm-none-eabi/10.3.1/thumb/v7-m/nofp/crtbegin.o
LOAD c:/st/stm32cubeide_1.10.1/stm32cubeide/plugins/com.st.stm32cube.ide.mcu.externaltools.gnu-tools-for-stm32.10.3-2021.10.win32_1.0.0.202111181127/tools/bin/../lib/gcc/arm-none-eabi/10.3.1/../../../../arm-none-eabi/lib/thumb/v7-m/nofp/crt0.o
LOAD ./Core/Src/ascii.o
LOAD ./Core/Src/audio.o
LOAD ./Core/Src/freertos.o
LOAD ./Core/Src/lcd.o
LOAD ./Core/Src/main.o
LOAD ./Core/Src/stm32f1xx_hal_msp.o
LOAD ./Core/Src/stm32f1xx_it.o
LOAD ./Core/Src/syscalls.o
LOAD ./Core/Src/sysmem.o
LOAD ./Core/Src/system_stm32f1xx.o
LOAD ./Core/Src/tft.o
LOAD ./Core/Src/tft_helpers.o
LOAD ./Core/Startup/startup_stm32f103vetx.o
LOAD ./Drivers/STM32F1xx_HAL_Driver/Src/stm32f1xx_hal.o
LOAD ./Drivers/STM32F1xx_HAL_Driver/Src/stm32f1xx_hal_cortex.o
LOAD ./Drivers/STM32F1xx_HAL_Driver/Src/stm32f1xx_hal_dac.o
LOAD ./Drivers/STM32F1xx_HAL_Driver/Src/stm32f1xx_hal_dac_ex.o
LOAD ./Drivers/STM32F1xx_HAL_Driver/Src/stm32f1xx_hal_dma.o
LOAD ./Drivers/STM32F1xx_HAL_Driver/Src/stm32f1xx_hal_exti.o
LOAD ./Drivers/STM32F1xx_HAL_Driver/Src/stm32f1xx_hal_flash.o
LOAD ./Drivers/STM32F1xx_HAL_Driver/Src/stm32f1xx_hal_flash_ex.o
LOAD ./Drivers/STM32F1xx_HAL_Driver/Src/stm32f1xx_hal_gpio.o
LOAD ./Drivers/STM32F1xx_HAL_Driver/Src/stm32f1xx_hal_gpio_ex.o
LOAD ./Drivers/STM32F1xx_HAL_Driver/Src/stm32f1xx_hal_pwr.o
LOAD ./Drivers/STM32F1xx_HAL_Driver/Src/stm32f1xx_hal_rcc.o
LOAD ./Drivers/STM32F1xx_HAL_Driver/Src/stm32f1xx_hal_rcc_ex.o
LOAD ./Drivers/STM32F1xx_HAL_Driver/Src/stm32f1xx_hal_sd.o
LOAD ./Drivers/STM32F1xx_HAL_Driver/Src/stm32f1xx_hal_sram.o
LOAD ./Drivers/STM32F1xx_HAL_Driver/Src/stm32f1xx_hal_tim.o
LOAD ./Drivers/STM32F1xx_HAL_Driver/Src/stm32f1xx_hal_tim_ex.o
LOAD ./Drivers/STM32F1xx_HAL_Driver/Src/stm32f1xx_ll_fsmc.o
LOAD ./Drivers/STM32F1xx_HAL_Driver/Src/stm32f1xx_ll_sdmmc.o
LOAD ./FATFS/App/fatfs.o
LOAD ./FATFS/Target/bsp_driver_sd.o
LOAD ./Middlewares/Third_Party/FatFs/src/diskio.o
LOAD ./Middlewares/Third_Party/FatFs/src/ff.o
LOAD ./Middlewares/Third_Party/FatFs/src/ff_gen_drv.o
LOAD ./Middlewares/Third_Party/FatFs/src/drivers/sd_diskio.o
LOAD ./Middlewares/Third_Party/FatFs/src/option/syscall.o
LOAD ./Middlewares/Third_Party/FreeRTOS/Source/CMSIS_RTOS/cmsis_os.o
LOAD ./Middlewares/Third_Party/FreeRTOS/Source/croutine.o
LOAD ./Middlewares/Third_Party/FreeRTOS/Source/event_groups.o
LOAD ./Middlewares/Third_Party/FreeRTOS/Source/list.o
LOAD ./Middlewares/Third_Party/FreeRTOS/Source/queue.o
LOAD ./Middlewares/Third_Party/FreeRTOS/Source/stream_buffer.o
LOAD ./Middlewares/Third_Party/FreeRTOS/Source/tasks.o
LOAD ./Middlewares/Third_Party/FreeRTOS/Source/timers.o
LOAD ./Middlewares/Third_Party/FreeRTOS/Source/portable/GCC/ARM_CM3/port.o
LOAD ./Middlewares/Third_Party/FreeRTOS/Source/portable/MemMang/heap_4.o
START GROUP
LOAD c:/st/stm32cubeide_1.10.1/stm32cubeide/plugins/com.st.stm32cube.ide.mcu.externaltools.gnu-tools-for-stm32.10.3-2021.10.win32_1.0.0.202111181127/tools/bin/../lib/gcc/arm-none-eabi/10.3.1/../../../../arm-none-eabi/lib/thumb/v7-m/nofp\libc_nano.a
LOAD c:/st/stm32cubeide_1.10.1/stm32cubeide/plugins/com.st.stm32cube.ide.mcu.externaltools.gnu-tools-for-stm32.10.3-2021.10.win32_1.0.0.202111181127/tools/bin/../lib/gcc/arm-none-eabi/10.3.1/../../../../arm-none-eabi/lib/thumb/v7-m/nofp\libm.a
END GROUP
START GROUP
LOAD c:/st/stm32cubeide_1.10.1/stm32cubeide/plugins/com.st.stm32cube.ide.mcu.externaltools.gnu-tools-for-stm32.10.3-2021.10.win32_1.0.0.202111181127/tools/bin/../lib/gcc/arm-none-eabi/10.3.1/thumb/v7-m/nofp\libgcc.a
LOAD c:/st/stm32cubeide_1.10.1/stm32cubeide/plugins/com.st.stm32cube.ide.mcu.externaltools.gnu-tools-for-stm32.10.3-2021.10.win32_1.0.0.202111181127/tools/bin/../lib/gcc/arm-none-eabi/10.3.1/../../../../arm-none-eabi/lib/thumb/v7-m/nofp\libc_nano.a
END GROUP
START GROUP
LOAD c:/st/stm32cubeide_1.10.1/stm32cubeide/plugins/com.st.stm32cube.ide.mcu.externaltools.gnu-tools-for-stm32.10.3-2021.10.win32_1.0.0.202111181127/tools/bin/../lib/gcc/arm-none-eabi/10.3.1/thumb/v7-m/nofp\libgcc.a
LOAD c:/st/stm32cubeide_1.10.1/stm32cubeide/plugins/com.st.stm32cube.ide.mcu.externaltools.gnu-tools-for-stm32.10.3-2021.10.win32_1.0.0.202111181127/tools/bin/../lib/gcc/arm-none-eabi/10.3.1/../../../../arm-none-eabi/lib/thumb/v7-m/nofp\libc_nano.a
LOAD c:/st/stm32cubeide_1.10.1/stm32cubeide/plugins/com.st.stm32cube.ide.mcu.externaltools.gnu-tools-for-stm32.10.3-2021.10.win32_1.0.0.202111181127/tools/bin/../lib/gcc/arm-none-eabi/10.3.1/../../../../arm-none-eabi/lib/thumb/v7-m/nofp\libnosys.a
END GROUP
START GROUP
LOAD c:/st/stm32cubeide_1.10.1/stm32cubeide/plugins/com.st.stm32cube.ide.mcu.externaltools.gnu-tools-for-stm32.10.3-2021.10.win32_1.0.0.202111181127/tools/bin/../lib/gcc/arm-none-eabi/10.3.1/thumb/v7-m/nofp\libgcc.a
LOAD c:/st/stm32cubeide_1.10.1/stm32cubeide/plugins/com.st.stm32cube.ide.mcu.externaltools.gnu-tools-for-stm32.10.3-2021.10.win32_1.0.0.202111181127/tools/bin/../lib/gcc/arm-none-eabi/10.3.1/../../../../arm-none-eabi/lib/thumb/v7-m/nofp\libc_nano.a
LOAD c:/st/stm32cubeide_1.10.1/stm32cubeide/plugins/com.st.stm32cube.ide.mcu.externaltools.gnu-tools-for-stm32.10.3-2021.10.win32_1.0.0.202111181127/tools/bin/../lib/gcc/arm-none-eabi/10.3.1/../../../../arm-none-eabi/lib/thumb/v7-m/nofp\libnosys.a
END GROUP
LOAD c:/st/stm32cubeide_1.10.1/stm32cubeide/plugins/com.st.stm32cube.ide.mcu.externaltools.gnu-tools-for-stm32.10.3-2021.10.win32_1.0.0.202111181127/tools/bin/../lib/gcc/arm-none-eabi/10.3.1/thumb/v7-m/nofp/crtend.o
LOAD c:/st/stm32cubeide_1.10.1/stm32cubeide/plugins/com.st.stm32cube.ide.mcu.externaltools.gnu-tools-for-stm32.10.3-2021.10.win32_1.0.0.202111181127/tools/bin/../lib/gcc/arm-none-eabi/10.3.1/thumb/v7-m/nofp/crtn.o
                0x0000000020010000                _estack = (ORIGIN (RAM) + LENGTH (RAM))
                0x0000000000000200                _Min_Heap_Size = 0x200
                0x0000000000000400                _Min_Stack_Size = 0x400

.isr_vector     0x0000000008000000      0x1e4
                0x0000000008000000                . = ALIGN (0x4)
 *(.isr_vector)
 .isr_vector    0x0000000008000000      0x1e4 ./Core/Startup/startup_stm32f103vetx.o
                0x0000000008000000                g_pfnVectors
                0x00000000080001e4                . = ALIGN (0x4)

.text           0x00000000080001f0     0x6694
                0x00000000080001f0                . = ALIGN (0x4)
 *(.text)
 .text          0x00000000080001f0       0x40 c:/st/stm32cubeide_1.10.1/stm32cubeide/plugins/com.st.stm32cube.ide.mcu.externaltools.gnu-tools-for-stm32.10.3-2021.10.win32_1.0.0.202111181127/tools/bin/../lib/gcc/arm-none-eabi/10.3.1/thumb/v7-m/nofp/crtbegin.o
 *(.text*)
 .text.audio_task
                0x0000000008000230       0xdc ./Core/Src/audio.o
                0x0000000008000230                audio_task
 .text.vApplicationGetIdleTaskMemory
                0x000000000800030c       0x30 ./Core/Src/freertos.o
                0x000000000800030c                vApplicationGetIdleTaskMemory
 .text.Delay    0x000000000800033c       0x22 ./Core/Src/lcd.o
                0x000000000800033c                Delay
 .text.LCD_INIT
                0x000000000800035e       0x2e ./Core/Src/lcd.o
                0x000000000800035e                LCD_INIT
 .text.LCD_Rst  0x000000000800038c       0x30 ./Core/Src/lcd.o
                0x000000000800038c                LCD_Rst
 .text.LCD_BackLed_Control
                0x00000000080003bc       0x38 ./Core/Src/lcd.o
                0x00000000080003bc                LCD_BackLed_Control
 .text.LCD_Write_Cmd
                0x00000000080003f4       0x1c ./Core/Src/lcd.o
                0x00000000080003f4                LCD_Write_Cmd
 .text.LCD_Write_Data
                0x0000000008000410       0x20 ./Core/Src/lcd.o
                0x0000000008000410                LCD_Write_Data
 .text.LCD_REG_Config
                0x0000000008000430      0x234 ./Core/Src/lcd.o
                0x0000000008000430                LCD_REG_Config
 .text.LCD_OpenWindow
                0x0000000008000664       0xb2 ./Core/Src/lcd.o
                0x0000000008000664                LCD_OpenWindow
 .text.LCD_FillColor
                0x0000000008000716       0x3c ./Core/Src/lcd.o
                0x0000000008000716                LCD_FillColor
 .text.LCD_Clear
                0x0000000008000752       0x46 ./Core/Src/lcd.o
                0x0000000008000752                LCD_Clear
 .text.LCD_DrawChar
                0x0000000008000798       0x8c ./Core/Src/lcd.o
                0x0000000008000798                LCD_DrawChar
 .text.LCD_DrawString
                0x0000000008000824       0x5e ./Core/Src/lcd.o
                0x0000000008000824                LCD_DrawString
 *fill*         0x0000000008000882        0x2 
 .text.main     0x0000000008000884       0xb4 ./Core/Src/main.o
                0x0000000008000884                main
 .text.SystemClock_Config
                0x0000000008000938       0x8a ./Core/Src/main.o
                0x0000000008000938                SystemClock_Config
 *fill*         0x00000000080009c2        0x2 
 .text.MX_DAC_Init
                0x00000000080009c4       0x68 ./Core/Src/main.o
 .text.MX_SDIO_SD_Init
                0x0000000008000a2c       0x40 ./Core/Src/main.o
 .text.MX_TIM2_Init
                0x0000000008000a6c       0x98 ./Core/Src/main.o
 .text.MX_GPIO_Init
                0x0000000008000b04      0x138 ./Core/Src/main.o
 .text.MX_FSMC_Init
                0x0000000008000c3c       0xc8 ./Core/Src/main.o
 .text.StartDefaultTask
                0x0000000008000d04       0x14 ./Core/Src/main.o
                0x0000000008000d04                StartDefaultTask
 .text.StartTask02
                0x0000000008000d18       0x10 ./Core/Src/main.o
                0x0000000008000d18                StartTask02
 .text.StartTask03
                0x0000000008000d28       0x14 ./Core/Src/main.o
                0x0000000008000d28                StartTask03
 .text.Error_Handler
                0x0000000008000d3c        0xa ./Core/Src/main.o
                0x0000000008000d3c                Error_Handler
 *fill*         0x0000000008000d46        0x2 
 .text.HAL_MspInit
                0x0000000008000d48       0x70 ./Core/Src/stm32f1xx_hal_msp.o
                0x0000000008000d48                HAL_MspInit
 .text.HAL_DAC_MspInit
                0x0000000008000db8       0x78 ./Core/Src/stm32f1xx_hal_msp.o
                0x0000000008000db8                HAL_DAC_MspInit
 .text.HAL_SD_MspInit
                0x0000000008000e30       0xb4 ./Core/Src/stm32f1xx_hal_msp.o
                0x0000000008000e30                HAL_SD_MspInit
 .text.HAL_TIM_Base_MspInit
                0x0000000008000ee4       0x38 ./Core/Src/stm32f1xx_hal_msp.o
                0x0000000008000ee4                HAL_TIM_Base_MspInit
 .text.HAL_FSMC_MspInit
                0x0000000008000f1c       0x88 ./Core/Src/stm32f1xx_hal_msp.o
 .text.HAL_SRAM_MspInit
                0x0000000008000fa4       0x14 ./Core/Src/stm32f1xx_hal_msp.o
                0x0000000008000fa4                HAL_SRAM_MspInit
 .text.NMI_Handler
                0x0000000008000fb8        0x6 ./Core/Src/stm32f1xx_it.o
                0x0000000008000fb8                NMI_Handler
 .text.HardFault_Handler
                0x0000000008000fbe        0x6 ./Core/Src/stm32f1xx_it.o
                0x0000000008000fbe                HardFault_Handler
 .text.MemManage_Handler
                0x0000000008000fc4        0x6 ./Core/Src/stm32f1xx_it.o
                0x0000000008000fc4                MemManage_Handler
 .text.BusFault_Handler
                0x0000000008000fca        0x6 ./Core/Src/stm32f1xx_it.o
                0x0000000008000fca                BusFault_Handler
 .text.UsageFault_Handler
                0x0000000008000fd0        0x6 ./Core/Src/stm32f1xx_it.o
                0x0000000008000fd0                UsageFault_Handler
 .text.DebugMon_Handler
                0x0000000008000fd6        0xc ./Core/Src/stm32f1xx_it.o
                0x0000000008000fd6                DebugMon_Handler
 .text.SysTick_Handler
                0x0000000008000fe2       0x1a ./Core/Src/stm32f1xx_it.o
                0x0000000008000fe2                SysTick_Handler
 .text._sbrk    0x0000000008000ffc       0x6c ./Core/Src/sysmem.o
                0x0000000008000ffc                _sbrk
 .text.SystemInit
                0x0000000008001068        0xc ./Core/Src/system_stm32f1xx.o
                0x0000000008001068                SystemInit
 .text.tft_task
                0x0000000008001074       0xb0 ./Core/Src/tft.o
                0x0000000008001074                tft_task
 .text.Reset_Handler
                0x0000000008001124       0x48 ./Core/Startup/startup_stm32f103vetx.o
                0x0000000008001124                Reset_Handler
 .text.Default_Handler
                0x000000000800116c        0x2 ./Core/Startup/startup_stm32f103vetx.o
                0x000000000800116c                RTC_Alarm_IRQHandler
                0x000000000800116c                EXTI2_IRQHandler
                0x000000000800116c                TIM8_TRG_COM_IRQHandler
                0x000000000800116c                TIM8_CC_IRQHandler
                0x000000000800116c                TIM1_CC_IRQHandler
                0x000000000800116c                TIM6_IRQHandler
                0x000000000800116c                PVD_IRQHandler
                0x000000000800116c                SDIO_IRQHandler
                0x000000000800116c                EXTI3_IRQHandler
                0x000000000800116c                EXTI0_IRQHandler
                0x000000000800116c                I2C2_EV_IRQHandler
                0x000000000800116c                ADC1_2_IRQHandler
                0x000000000800116c                SPI1_IRQHandler
                0x000000000800116c                TAMPER_IRQHandler
                0x000000000800116c                TIM8_UP_IRQHandler
                0x000000000800116c                DMA2_Channel2_IRQHandler
                0x000000000800116c                DMA1_Channel4_IRQHandler
                0x000000000800116c                USART3_IRQHandler
                0x000000000800116c                RTC_IRQHandler
                0x000000000800116c                DMA1_Channel7_IRQHandler
                0x000000000800116c                CAN1_RX1_IRQHandler
                0x000000000800116c                UART5_IRQHandler
                0x000000000800116c                ADC3_IRQHandler
                0x000000000800116c                TIM4_IRQHandler
                0x000000000800116c                DMA2_Channel1_IRQHandler
                0x000000000800116c                I2C1_EV_IRQHandler
                0x000000000800116c                DMA1_Channel6_IRQHandler
                0x000000000800116c                UART4_IRQHandler
                0x000000000800116c                TIM3_IRQHandler
                0x000000000800116c                RCC_IRQHandler
                0x000000000800116c                TIM1_TRG_COM_IRQHandler
                0x000000000800116c                DMA1_Channel1_IRQHandler
                0x000000000800116c                Default_Handler
                0x000000000800116c                EXTI15_10_IRQHandler
                0x000000000800116c                TIM7_IRQHandler
                0x000000000800116c                TIM5_IRQHandler
                0x000000000800116c                EXTI9_5_IRQHandler
                0x000000000800116c                SPI2_IRQHandler
                0x000000000800116c                DMA1_Channel5_IRQHandler
                0x000000000800116c                EXTI4_IRQHandler
                0x000000000800116c                USB_LP_CAN1_RX0_IRQHandler
                0x000000000800116c                USB_HP_CAN1_TX_IRQHandler
                0x000000000800116c                DMA1_Channel3_IRQHandler
                0x000000000800116c                FSMC_IRQHandler
                0x000000000800116c                TIM1_UP_IRQHandler
                0x000000000800116c                WWDG_IRQHandler
                0x000000000800116c                TIM2_IRQHandler
                0x000000000800116c                TIM1_BRK_IRQHandler
                0x000000000800116c                EXTI1_IRQHandler
                0x000000000800116c                DMA2_Channel4_5_IRQHandler
                0x000000000800116c                USART2_IRQHandler
                0x000000000800116c                I2C2_ER_IRQHandler
                0x000000000800116c                DMA1_Channel2_IRQHandler
                0x000000000800116c                TIM8_BRK_IRQHandler
                0x000000000800116c                CAN1_SCE_IRQHandler
                0x000000000800116c                FLASH_IRQHandler
                0x000000000800116c                USART1_IRQHandler
                0x000000000800116c                SPI3_IRQHandler
                0x000000000800116c                I2C1_ER_IRQHandler
                0x000000000800116c                USBWakeUp_IRQHandler
                0x000000000800116c                DMA2_Channel3_IRQHandler
 *fill*         0x000000000800116e        0x2 
 .text.HAL_Init
                0x0000000008001170       0x2c ./Drivers/STM32F1xx_HAL_Driver/Src/stm32f1xx_hal.o
                0x0000000008001170                HAL_Init
 .text.HAL_InitTick
                0x000000000800119c       0x60 ./Drivers/STM32F1xx_HAL_Driver/Src/stm32f1xx_hal.o
                0x000000000800119c                HAL_InitTick
 .text.HAL_IncTick
                0x00000000080011fc       0x24 ./Drivers/STM32F1xx_HAL_Driver/Src/stm32f1xx_hal.o
                0x00000000080011fc                HAL_IncTick
 .text.HAL_GetTick
                0x0000000008001220       0x14 ./Drivers/STM32F1xx_HAL_Driver/Src/stm32f1xx_hal.o
                0x0000000008001220                HAL_GetTick
 .text.HAL_Delay
                0x0000000008001234       0x48 ./Drivers/STM32F1xx_HAL_Driver/Src/stm32f1xx_hal.o
                0x0000000008001234                HAL_Delay
 .text.__NVIC_SetPriorityGrouping
                0x000000000800127c       0x48 ./Drivers/STM32F1xx_HAL_Driver/Src/stm32f1xx_hal_cortex.o
 .text.__NVIC_GetPriorityGrouping
                0x00000000080012c4       0x1c ./Drivers/STM32F1xx_HAL_Driver/Src/stm32f1xx_hal_cortex.o
 .text.__NVIC_SetPriority
                0x00000000080012e0       0x54 ./Drivers/STM32F1xx_HAL_Driver/Src/stm32f1xx_hal_cortex.o
 .text.NVIC_EncodePriority
                0x0000000008001334       0x64 ./Drivers/STM32F1xx_HAL_Driver/Src/stm32f1xx_hal_cortex.o
 .text.SysTick_Config
                0x0000000008001398       0x44 ./Drivers/STM32F1xx_HAL_Driver/Src/stm32f1xx_hal_cortex.o
 .text.HAL_NVIC_SetPriorityGrouping
                0x00000000080013dc       0x16 ./Drivers/STM32F1xx_HAL_Driver/Src/stm32f1xx_hal_cortex.o
                0x00000000080013dc                HAL_NVIC_SetPriorityGrouping
 .text.HAL_NVIC_SetPriority
                0x00000000080013f2       0x38 ./Drivers/STM32F1xx_HAL_Driver/Src/stm32f1xx_hal_cortex.o
                0x00000000080013f2                HAL_NVIC_SetPriority
 .text.HAL_SYSTICK_Config
                0x000000000800142a       0x18 ./Drivers/STM32F1xx_HAL_Driver/Src/stm32f1xx_hal_cortex.o
                0x000000000800142a                HAL_SYSTICK_Config
 .text.HAL_DAC_Init
                0x0000000008001442       0x44 ./Drivers/STM32F1xx_HAL_Driver/Src/stm32f1xx_hal_dac.o
                0x0000000008001442                HAL_DAC_Init
 .text.HAL_DAC_SetValue
                0x0000000008001486       0x48 ./Drivers/STM32F1xx_HAL_Driver/Src/stm32f1xx_hal_dac.o
                0x0000000008001486                HAL_DAC_SetValue
 .text.HAL_DAC_ConfigChannel
                0x00000000080014ce       0x9c ./Drivers/STM32F1xx_HAL_Driver/Src/stm32f1xx_hal_dac.o
                0x00000000080014ce                HAL_DAC_ConfigChannel
 *fill*         0x000000000800156a        0x2 
 .text.HAL_GPIO_Init
                0x000000000800156c      0x328 ./Drivers/STM32F1xx_HAL_Driver/Src/stm32f1xx_hal_gpio.o
                0x000000000800156c                HAL_GPIO_Init
 .text.HAL_GPIO_WritePin
                0x0000000008001894       0x30 ./Drivers/STM32F1xx_HAL_Driver/Src/stm32f1xx_hal_gpio.o
                0x0000000008001894                HAL_GPIO_WritePin
 .text.HAL_GPIO_TogglePin
                0x00000000080018c4       0x32 ./Drivers/STM32F1xx_HAL_Driver/Src/stm32f1xx_hal_gpio.o
                0x00000000080018c4                HAL_GPIO_TogglePin
 *fill*         0x00000000080018f6        0x2 
 .text.HAL_RCC_OscConfig
                0x00000000080018f8      0x504 ./Drivers/STM32F1xx_HAL_Driver/Src/stm32f1xx_hal_rcc.o
                0x00000000080018f8                HAL_RCC_OscConfig
 .text.HAL_RCC_ClockConfig
                0x0000000008001dfc      0x1d4 ./Drivers/STM32F1xx_HAL_Driver/Src/stm32f1xx_hal_rcc.o
                0x0000000008001dfc                HAL_RCC_ClockConfig
 .text.HAL_RCC_GetSysClockFreq
                0x0000000008001fd0       0xbc ./Drivers/STM32F1xx_HAL_Driver/Src/stm32f1xx_hal_rcc.o
                0x0000000008001fd0                HAL_RCC_GetSysClockFreq
 .text.RCC_Delay
                0x000000000800208c       0x3c ./Drivers/STM32F1xx_HAL_Driver/Src/stm32f1xx_hal_rcc.o
 .text.HAL_SD_Init
                0x00000000080020c8       0x60 ./Drivers/STM32F1xx_HAL_Driver/Src/stm32f1xx_hal_sd.o
                0x00000000080020c8                HAL_SD_Init
 .text.HAL_SD_InitCard
                0x0000000008002128       0xfc ./Drivers/STM32F1xx_HAL_Driver/Src/stm32f1xx_hal_sd.o
                0x0000000008002128                HAL_SD_InitCard
 .text.HAL_SD_ReadBlocks
                0x0000000008002224      0x3bc ./Drivers/STM32F1xx_HAL_Driver/Src/stm32f1xx_hal_sd.o
                0x0000000008002224                HAL_SD_ReadBlocks
 .text.HAL_SD_WriteBlocks
                0x00000000080025e0      0x30c ./Drivers/STM32F1xx_HAL_Driver/Src/stm32f1xx_hal_sd.o
                0x00000000080025e0                HAL_SD_WriteBlocks
 .text.HAL_SD_GetCardCSD
                0x00000000080028ec      0x348 ./Drivers/STM32F1xx_HAL_Driver/Src/stm32f1xx_hal_sd.o
                0x00000000080028ec                HAL_SD_GetCardCSD
 .text.HAL_SD_GetCardInfo
                0x0000000008002c34       0x56 ./Drivers/STM32F1xx_HAL_Driver/Src/stm32f1xx_hal_sd.o
                0x0000000008002c34                HAL_SD_GetCardInfo
 *fill*         0x0000000008002c8a        0x2 
 .text.HAL_SD_ConfigWideBusOperation
                0x0000000008002c8c      0x134 ./Drivers/STM32F1xx_HAL_Driver/Src/stm32f1xx_hal_sd.o
                0x0000000008002c8c                HAL_SD_ConfigWideBusOperation
 .text.HAL_SD_GetCardState
                0x0000000008002dc0       0x40 ./Drivers/STM32F1xx_HAL_Driver/Src/stm32f1xx_hal_sd.o
                0x0000000008002dc0                HAL_SD_GetCardState
 .text.SD_InitCard
                0x0000000008002e00      0x19c ./Drivers/STM32F1xx_HAL_Driver/Src/stm32f1xx_hal_sd.o
 .text.SD_PowerON
                0x0000000008002f9c      0x11c ./Drivers/STM32F1xx_HAL_Driver/Src/stm32f1xx_hal_sd.o
 .text.SD_SendStatus
                0x00000000080030b8       0x50 ./Drivers/STM32F1xx_HAL_Driver/Src/stm32f1xx_hal_sd.o
 .text.SD_WideBus_Enable
                0x0000000008003108       0x96 ./Drivers/STM32F1xx_HAL_Driver/Src/stm32f1xx_hal_sd.o
 .text.SD_WideBus_Disable
                0x000000000800319e       0x96 ./Drivers/STM32F1xx_HAL_Driver/Src/stm32f1xx_hal_sd.o
 .text.SD_FindSCR
                0x0000000008003234      0x1a6 ./Drivers/STM32F1xx_HAL_Driver/Src/stm32f1xx_hal_sd.o
 .text.HAL_SRAM_Init
                0x00000000080033da       0x9a ./Drivers/STM32F1xx_HAL_Driver/Src/stm32f1xx_hal_sram.o
                0x00000000080033da                HAL_SRAM_Init
 .text.HAL_TIM_Base_Init
                0x0000000008003474       0x9e ./Drivers/STM32F1xx_HAL_Driver/Src/stm32f1xx_hal_tim.o
                0x0000000008003474                HAL_TIM_Base_Init
 *fill*         0x0000000008003512        0x2 
 .text.HAL_TIM_Base_Start
                0x0000000008003514       0xb0 ./Drivers/STM32F1xx_HAL_Driver/Src/stm32f1xx_hal_tim.o
                0x0000000008003514                HAL_TIM_Base_Start
 .text.HAL_TIM_ConfigClockSource
                0x00000000080035c4      0x188 ./Drivers/STM32F1xx_HAL_Driver/Src/stm32f1xx_hal_tim.o
                0x00000000080035c4                HAL_TIM_ConfigClockSource
 .text.TIM_Base_SetConfig
                0x000000000800374c       0xf4 ./Drivers/STM32F1xx_HAL_Driver/Src/stm32f1xx_hal_tim.o
                0x000000000800374c                TIM_Base_SetConfig
 .text.TIM_TI1_ConfigInputStage
                0x0000000008003840       0x5c ./Drivers/STM32F1xx_HAL_Driver/Src/stm32f1xx_hal_tim.o
 .text.TIM_TI2_ConfigInputStage
                0x000000000800389c       0x5e ./Drivers/STM32F1xx_HAL_Driver/Src/stm32f1xx_hal_tim.o
 .text.TIM_ITRx_SetConfig
                0x00000000080038fa       0x34 ./Drivers/STM32F1xx_HAL_Driver/Src/stm32f1xx_hal_tim.o
 .text.TIM_ETR_SetConfig
                0x000000000800392e       0x3e ./Drivers/STM32F1xx_HAL_Driver/Src/stm32f1xx_hal_tim.o
                0x000000000800392e                TIM_ETR_SetConfig
 .text.HAL_TIMEx_MasterConfigSynchronization
                0x000000000800396c       0xd8 ./Drivers/STM32F1xx_HAL_Driver/Src/stm32f1xx_hal_tim_ex.o
                0x000000000800396c                HAL_TIMEx_MasterConfigSynchronization
 .text.FSMC_NORSRAM_Init
                0x0000000008003a44       0xd4 ./Drivers/STM32F1xx_HAL_Driver/Src/stm32f1xx_ll_fsmc.o
                0x0000000008003a44                FSMC_NORSRAM_Init
 .text.FSMC_NORSRAM_Timing_Init
                0x0000000008003b18       0x68 ./Drivers/STM32F1xx_HAL_Driver/Src/stm32f1xx_ll_fsmc.o
                0x0000000008003b18                FSMC_NORSRAM_Timing_Init
 .text.FSMC_NORSRAM_Extended_Timing_Init
                0x0000000008003b80       0x70 ./Drivers/STM32F1xx_HAL_Driver/Src/stm32f1xx_ll_fsmc.o
                0x0000000008003b80                FSMC_NORSRAM_Extended_Timing_Init
 .text.SDIO_Init
                0x0000000008003bf0       0x54 ./Drivers/STM32F1xx_HAL_Driver/Src/stm32f1xx_ll_sdmmc.o
                0x0000000008003bf0                SDIO_Init
 .text.SDIO_ReadFIFO
                0x0000000008003c44       0x18 ./Drivers/STM32F1xx_HAL_Driver/Src/stm32f1xx_ll_sdmmc.o
                0x0000000008003c44                SDIO_ReadFIFO
 .text.SDIO_WriteFIFO
                0x0000000008003c5c       0x20 ./Drivers/STM32F1xx_HAL_Driver/Src/stm32f1xx_ll_sdmmc.o
                0x0000000008003c5c                SDIO_WriteFIFO
 .text.SDIO_PowerState_ON
                0x0000000008003c7c       0x1e ./Drivers/STM32F1xx_HAL_Driver/Src/stm32f1xx_ll_sdmmc.o
                0x0000000008003c7c                SDIO_PowerState_ON
 .text.SDIO_GetPowerState
                0x0000000008003c9a       0x1a ./Drivers/STM32F1xx_HAL_Driver/Src/stm32f1xx_ll_sdmmc.o
                0x0000000008003c9a                SDIO_GetPowerState
 .text.SDIO_SendCommand
                0x0000000008003cb4       0x52 ./Drivers/STM32F1xx_HAL_Driver/Src/stm32f1xx_ll_sdmmc.o
                0x0000000008003cb4                SDIO_SendCommand
 .text.SDIO_GetCommandResponse
                0x0000000008003d06       0x18 ./Drivers/STM32F1xx_HAL_Driver/Src/stm32f1xx_ll_sdmmc.o
                0x0000000008003d06                SDIO_GetCommandResponse
 .text.SDIO_GetResponse
                0x0000000008003d1e       0x24 ./Drivers/STM32F1xx_HAL_Driver/Src/stm32f1xx_ll_sdmmc.o
                0x0000000008003d1e                SDIO_GetResponse
 .text.SDIO_ConfigData
                0x0000000008003d42       0x56 ./Drivers/STM32F1xx_HAL_Driver/Src/stm32f1xx_ll_sdmmc.o
                0x0000000008003d42                SDIO_ConfigData
 .text.SDMMC_CmdBlockLength
                0x0000000008003d98       0x44 ./Drivers/STM32F1xx_HAL_Driver/Src/stm32f1xx_ll_sdmmc.o
                0x0000000008003d98                SDMMC_CmdBlockLength
 .text.SDMMC_CmdReadSingleBlock
                0x0000000008003ddc       0x44 ./Drivers/STM32F1xx_HAL_Driver/Src/stm32f1xx_ll_sdmmc.o
                0x0000000008003ddc                SDMMC_CmdReadSingleBlock
 .text.SDMMC_CmdReadMultiBlock
                0x0000000008003e20       0x44 ./Drivers/STM32F1xx_HAL_Driver/Src/stm32f1xx_ll_sdmmc.o
                0x0000000008003e20                SDMMC_CmdReadMultiBlock
 .text.SDMMC_CmdWriteSingleBlock
                0x0000000008003e64       0x44 ./Drivers/STM32F1xx_HAL_Driver/Src/stm32f1xx_ll_sdmmc.o
                0x0000000008003e64                SDMMC_CmdWriteSingleBlock
 .text.SDMMC_CmdWriteMultiBlock
                0x0000000008003ea8       0x44 ./Drivers/STM32F1xx_HAL_Driver/Src/stm32f1xx_ll_sdmmc.o
                0x0000000008003ea8                SDMMC_CmdWriteMultiBlock
 .text.SDMMC_CmdStopTransfer
                0x0000000008003eec       0x44 ./Drivers/STM32F1xx_HAL_Driver/Src/stm32f1xx_ll_sdmmc.o
                0x0000000008003eec                SDMMC_CmdStopTransfer
 .text.SDMMC_CmdSelDesel
                0x0000000008003f30       0x46 ./Drivers/STM32F1xx_HAL_Driver/Src/stm32f1xx_ll_sdmmc.o
                0x0000000008003f30                SDMMC_CmdSelDesel
 .text.SDMMC_CmdGoIdleState
                0x0000000008003f76       0x3c ./Drivers/STM32F1xx_HAL_Driver/Src/stm32f1xx_ll_sdmmc.o
                0x0000000008003f76                SDMMC_CmdGoIdleState
 .text.SDMMC_CmdOperCond
                0x0000000008003fb2       0x3e ./Drivers/STM32F1xx_HAL_Driver/Src/stm32f1xx_ll_sdmmc.o
                0x0000000008003fb2                SDMMC_CmdOperCond
 .text.SDMMC_CmdAppCommand
                0x0000000008003ff0       0x44 ./Drivers/STM32F1xx_HAL_Driver/Src/stm32f1xx_ll_sdmmc.o
                0x0000000008003ff0                SDMMC_CmdAppCommand
 .text.SDMMC_CmdAppOperCommand
                0x0000000008004034       0x46 ./Drivers/STM32F1xx_HAL_Driver/Src/stm32f1xx_ll_sdmmc.o
                0x0000000008004034                SDMMC_CmdAppOperCommand
 .text.SDMMC_CmdBusWidth
                0x000000000800407a       0x44 ./Drivers/STM32F1xx_HAL_Driver/Src/stm32f1xx_ll_sdmmc.o
                0x000000000800407a                SDMMC_CmdBusWidth
 .text.SDMMC_CmdSendSCR
                0x00000000080040be       0x42 ./Drivers/STM32F1xx_HAL_Driver/Src/stm32f1xx_ll_sdmmc.o
                0x00000000080040be                SDMMC_CmdSendSCR
 .text.SDMMC_CmdSendCID
                0x0000000008004100       0x3c ./Drivers/STM32F1xx_HAL_Driver/Src/stm32f1xx_ll_sdmmc.o
                0x0000000008004100                SDMMC_CmdSendCID
 .text.SDMMC_CmdSendCSD
                0x000000000800413c       0x3e ./Drivers/STM32F1xx_HAL_Driver/Src/stm32f1xx_ll_sdmmc.o
                0x000000000800413c                SDMMC_CmdSendCSD
 .text.SDMMC_CmdSetRelAdd
                0x000000000800417a       0x42 ./Drivers/STM32F1xx_HAL_Driver/Src/stm32f1xx_ll_sdmmc.o
                0x000000000800417a                SDMMC_CmdSetRelAdd
 .text.SDMMC_CmdSendStatus
                0x00000000080041bc       0x44 ./Drivers/STM32F1xx_HAL_Driver/Src/stm32f1xx_ll_sdmmc.o
                0x00000000080041bc                SDMMC_CmdSendStatus
 .text.SDMMC_GetCmdError
                0x0000000008004200       0x54 ./Drivers/STM32F1xx_HAL_Driver/Src/stm32f1xx_ll_sdmmc.o
 .text.SDMMC_GetCmdResp1
                0x0000000008004254      0x1dc ./Drivers/STM32F1xx_HAL_Driver/Src/stm32f1xx_ll_sdmmc.o
 .text.SDMMC_GetCmdResp2
                0x0000000008004430       0x90 ./Drivers/STM32F1xx_HAL_Driver/Src/stm32f1xx_ll_sdmmc.o
 .text.SDMMC_GetCmdResp3
                0x00000000080044c0       0x78 ./Drivers/STM32F1xx_HAL_Driver/Src/stm32f1xx_ll_sdmmc.o
 .text.SDMMC_GetCmdResp6
                0x0000000008004538       0xec ./Drivers/STM32F1xx_HAL_Driver/Src/stm32f1xx_ll_sdmmc.o
 .text.SDMMC_GetCmdResp7
                0x0000000008004624       0x9c ./Drivers/STM32F1xx_HAL_Driver/Src/stm32f1xx_ll_sdmmc.o
 .text.MX_FATFS_Init
                0x00000000080046c0       0x24 ./FATFS/App/fatfs.o
                0x00000000080046c0                MX_FATFS_Init
 .text.BSP_SD_Init
                0x00000000080046e4       0x4c ./FATFS/Target/bsp_driver_sd.o
                0x00000000080046e4                BSP_SD_Init
 .text.BSP_SD_ReadBlocks
                0x0000000008004730       0x3c ./FATFS/Target/bsp_driver_sd.o
                0x0000000008004730                BSP_SD_ReadBlocks
 .text.BSP_SD_WriteBlocks
                0x000000000800476c       0x3c ./FATFS/Target/bsp_driver_sd.o
                0x000000000800476c                BSP_SD_WriteBlocks
 .text.BSP_SD_GetCardState
                0x00000000080047a8       0x20 ./FATFS/Target/bsp_driver_sd.o
                0x00000000080047a8                BSP_SD_GetCardState
 .text.BSP_SD_GetCardInfo
                0x00000000080047c8       0x1c ./FATFS/Target/bsp_driver_sd.o
                0x00000000080047c8                BSP_SD_GetCardInfo
 .text.BSP_SD_IsDetected
                0x00000000080047e4       0x18 ./FATFS/Target/bsp_driver_sd.o
                0x00000000080047e4                BSP_SD_IsDetected
 .text.FATFS_LinkDriverEx
                0x00000000080047fc       0x94 ./Middlewares/Third_Party/FatFs/src/ff_gen_drv.o
                0x00000000080047fc                FATFS_LinkDriverEx
 .text.FATFS_LinkDriver
                0x0000000008004890       0x1e ./Middlewares/Third_Party/FatFs/src/ff_gen_drv.o
                0x0000000008004890                FATFS_LinkDriver
 *fill*         0x00000000080048ae        0x2 
 .text.SD_initialize
                0x00000000080048b0       0x3c ./Middlewares/Third_Party/FatFs/src/drivers/sd_diskio.o
                0x00000000080048b0                SD_initialize
 .text.SD_status
                0x00000000080048ec       0x3c ./Middlewares/Third_Party/FatFs/src/drivers/sd_diskio.o
                0x00000000080048ec                SD_status
 .text.SD_read  0x0000000008004928       0x5c ./Middlewares/Third_Party/FatFs/src/drivers/sd_diskio.o
                0x0000000008004928                SD_read
 .text.SD_write
                0x0000000008004984       0x5c ./Middlewares/Third_Party/FatFs/src/drivers/sd_diskio.o
                0x0000000008004984                SD_write
 .text.SD_ioctl
                0x00000000080049e0       0xac ./Middlewares/Third_Party/FatFs/src/drivers/sd_diskio.o
                0x00000000080049e0                SD_ioctl
 .text.makeFreeRtosPriority
                0x0000000008004a8c       0x2e ./Middlewares/Third_Party/FreeRTOS/Source/CMSIS_RTOS/cmsis_os.o
 .text.osKernelStart
                0x0000000008004aba        0xe ./Middlewares/Third_Party/FreeRTOS/Source/CMSIS_RTOS/cmsis_os.o
                0x0000000008004aba                osKernelStart
 .text.osThreadCreate
                0x0000000008004ac8       0x98 ./Middlewares/Third_Party/FreeRTOS/Source/CMSIS_RTOS/cmsis_os.o
                0x0000000008004ac8                osThreadCreate
 .text.osDelay  0x0000000008004b60       0x28 ./Middlewares/Third_Party/FreeRTOS/Source/CMSIS_RTOS/cmsis_os.o
                0x0000000008004b60                osDelay
 .text.vListInitialise
                0x0000000008004b88       0x3e ./Middlewares/Third_Party/FreeRTOS/Source/list.o
                0x0000000008004b88                vListInitialise
 .text.vListInitialiseItem
                0x0000000008004bc6       0x18 ./Middlewares/Third_Party/FreeRTOS/Source/list.o
                0x0000000008004bc6                vListInitialiseItem
 .text.vListInsertEnd
                0x0000000008004bde       0x46 ./Middlewares/Third_Party/FreeRTOS/Source/list.o
                0x0000000008004bde                vListInsertEnd
 .text.vListInsert
                0x0000000008004c24       0x70 ./Middlewares/Third_Party/FreeRTOS/Source/list.o
                0x0000000008004c24                vListInsert
 .text.uxListRemove
                0x0000000008004c94       0x52 ./Middlewares/Third_Party/FreeRTOS/Source/list.o
                0x0000000008004c94                uxListRemove
 .text.xTaskCreateStatic
                0x0000000008004ce6       0xb8 ./Middlewares/Third_Party/FreeRTOS/Source/tasks.o
                0x0000000008004ce6                xTaskCreateStatic
 .text.xTaskCreate
                0x0000000008004d9e       0x8a ./Middlewares/Third_Party/FreeRTOS/Source/tasks.o
                0x0000000008004d9e                xTaskCreate
 .text.prvInitialiseNewTask
                0x0000000008004e28      0x12c ./Middlewares/Third_Party/FreeRTOS/Source/tasks.o
 .text.prvAddNewTaskToReadyList
                0x0000000008004f54       0xb8 ./Middlewares/Third_Party/FreeRTOS/Source/tasks.o
 .text.vTaskDelay
                0x000000000800500c       0x68 ./Middlewares/Third_Party/FreeRTOS/Source/tasks.o
                0x000000000800500c                vTaskDelay
 .text.vTaskStartScheduler
                0x0000000008005074       0xd4 ./Middlewares/Third_Party/FreeRTOS/Source/tasks.o
                0x0000000008005074                vTaskStartScheduler
 .text.vTaskSuspendAll
                0x0000000008005148       0x1c ./Middlewares/Third_Party/FreeRTOS/Source/tasks.o
                0x0000000008005148                vTaskSuspendAll
 .text.xTaskResumeAll
                0x0000000008005164      0x11c ./Middlewares/Third_Party/FreeRTOS/Source/tasks.o
                0x0000000008005164                xTaskResumeAll
 .text.xTaskIncrementTick
                0x0000000008005280      0x134 ./Middlewares/Third_Party/FreeRTOS/Source/tasks.o
                0x0000000008005280                xTaskIncrementTick
 .text.vTaskSwitchContext
                0x00000000080053b4       0xc4 ./Middlewares/Third_Party/FreeRTOS/Source/tasks.o
                0x00000000080053b4                vTaskSwitchContext
 .text.prvIdleTask
                0x0000000008005478       0x24 ./Middlewares/Third_Party/FreeRTOS/Source/tasks.o
 .text.prvInitialiseTaskLists
                0x000000000800549c       0x80 ./Middlewares/Third_Party/FreeRTOS/Source/tasks.o
 .text.prvCheckTasksWaitingTermination
                0x000000000800551c       0x5c ./Middlewares/Third_Party/FreeRTOS/Source/tasks.o
 .text.prvDeleteTCB
                0x0000000008005578       0x68 ./Middlewares/Third_Party/FreeRTOS/Source/tasks.o
 .text.prvResetNextTaskUnblockTime
                0x00000000080055e0       0x48 ./Middlewares/Third_Party/FreeRTOS/Source/tasks.o
 .text.xTaskGetSchedulerState
                0x0000000008005628       0x3c ./Middlewares/Third_Party/FreeRTOS/Source/tasks.o
                0x0000000008005628                xTaskGetSchedulerState
 .text.prvAddCurrentTaskToDelayedList
                0x0000000008005664       0xcc ./Middlewares/Third_Party/FreeRTOS/Source/tasks.o
 .text.pxPortInitialiseStack
                0x0000000008005730       0x58 ./Middlewares/Third_Party/FreeRTOS/Source/portable/GCC/ARM_CM3/port.o
                0x0000000008005730                pxPortInitialiseStack
 .text.prvTaskExitError
                0x0000000008005788       0x58 ./Middlewares/Third_Party/FreeRTOS/Source/portable/GCC/ARM_CM3/port.o
 .text.SVC_Handler
                0x00000000080057e0       0x28 ./Middlewares/Third_Party/FreeRTOS/Source/portable/GCC/ARM_CM3/port.o
                0x00000000080057e0                SVC_Handler
 .text.prvPortStartFirstTask
                0x0000000008005808       0x20 ./Middlewares/Third_Party/FreeRTOS/Source/portable/GCC/ARM_CM3/port.o
 .text.xPortStartScheduler
                0x0000000008005828       0xe4 ./Middlewares/Third_Party/FreeRTOS/Source/portable/GCC/ARM_CM3/port.o
                0x0000000008005828                xPortStartScheduler
 .text.vPortEnterCritical
                0x000000000800590c       0x60 ./Middlewares/Third_Party/FreeRTOS/Source/portable/GCC/ARM_CM3/port.o
                0x000000000800590c                vPortEnterCritical
 .text.vPortExitCritical
                0x000000000800596c       0x50 ./Middlewares/Third_Party/FreeRTOS/Source/portable/GCC/ARM_CM3/port.o
                0x000000000800596c                vPortExitCritical
 *fill*         0x00000000080059bc        0x4 
 .text.PendSV_Handler
                0x00000000080059c0       0x48 ./Middlewares/Third_Party/FreeRTOS/Source/portable/GCC/ARM_CM3/port.o
                0x00000000080059c0                PendSV_Handler
 .text.xPortSysTickHandler
                0x0000000008005a08       0x44 ./Middlewares/Third_Party/FreeRTOS/Source/portable/GCC/ARM_CM3/port.o
                0x0000000008005a08                xPortSysTickHandler
 .text.vPortSetupTimerInterrupt
                0x0000000008005a4c       0x44 ./Middlewares/Third_Party/FreeRTOS/Source/portable/GCC/ARM_CM3/port.o
                0x0000000008005a4c                vPortSetupTimerInterrupt
 .text.pvPortMalloc
                0x0000000008005a90      0x188 ./Middlewares/Third_Party/FreeRTOS/Source/portable/MemMang/heap_4.o
                0x0000000008005a90                pvPortMalloc
 .text.vPortFree
                0x0000000008005c18       0xb4 ./Middlewares/Third_Party/FreeRTOS/Source/portable/MemMang/heap_4.o
                0x0000000008005c18                vPortFree
 .text.prvHeapInit
                0x0000000008005ccc       0xc4 ./Middlewares/Third_Party/FreeRTOS/Source/portable/MemMang/heap_4.o
 .text.prvInsertBlockIntoFreeList
                0x0000000008005d90       0xb0 ./Middlewares/Third_Party/FreeRTOS/Source/portable/MemMang/heap_4.o
 .text.__errno  0x0000000008005e40        0xc c:/st/stm32cubeide_1.10.1/stm32cubeide/plugins/com.st.stm32cube.ide.mcu.externaltools.gnu-tools-for-stm32.10.3-2021.10.win32_1.0.0.202111181127/tools/bin/../lib/gcc/arm-none-eabi/10.3.1/../../../../arm-none-eabi/lib/thumb/v7-m/nofp\libc_nano.a(lib_a-errno.o)
                0x0000000008005e40                __errno
 .text.__libc_init_array
                0x0000000008005e4c       0x48 c:/st/stm32cubeide_1.10.1/stm32cubeide/plugins/com.st.stm32cube.ide.mcu.externaltools.gnu-tools-for-stm32.10.3-2021.10.win32_1.0.0.202111181127/tools/bin/../lib/gcc/arm-none-eabi/10.3.1/../../../../arm-none-eabi/lib/thumb/v7-m/nofp\libc_nano.a(lib_a-init.o)
                0x0000000008005e4c                __libc_init_array
 .text.__retarget_lock_acquire_recursive
                0x0000000008005e94        0x2 c:/st/stm32cubeide_1.10.1/stm32cubeide/plugins/com.st.stm32cube.ide.mcu.externaltools.gnu-tools-for-stm32.10.3-2021.10.win32_1.0.0.202111181127/tools/bin/../lib/gcc/arm-none-eabi/10.3.1/../../../../arm-none-eabi/lib/thumb/v7-m/nofp\libc_nano.a(lib_a-lock.o)
                0x0000000008005e94                __retarget_lock_acquire_recursive
 .text.__retarget_lock_release_recursive
                0x0000000008005e96        0x2 c:/st/stm32cubeide_1.10.1/stm32cubeide/plugins/com.st.stm32cube.ide.mcu.externaltools.gnu-tools-for-stm32.10.3-2021.10.win32_1.0.0.202111181127/tools/bin/../lib/gcc/arm-none-eabi/10.3.1/../../../../arm-none-eabi/lib/thumb/v7-m/nofp\libc_nano.a(lib_a-lock.o)
                0x0000000008005e96                __retarget_lock_release_recursive
 .text.memcpy   0x0000000008005e98       0x1c c:/st/stm32cubeide_1.10.1/stm32cubeide/plugins/com.st.stm32cube.ide.mcu.externaltools.gnu-tools-for-stm32.10.3-2021.10.win32_1.0.0.202111181127/tools/bin/../lib/gcc/arm-none-eabi/10.3.1/../../../../arm-none-eabi/lib/thumb/v7-m/nofp\libc_nano.a(lib_a-memcpy-stub.o)
                0x0000000008005e98                memcpy
 .text.memset   0x0000000008005eb4       0x10 c:/st/stm32cubeide_1.10.1/stm32cubeide/plugins/com.st.stm32cube.ide.mcu.externaltools.gnu-tools-for-stm32.10.3-2021.10.win32_1.0.0.202111181127/tools/bin/../lib/gcc/arm-none-eabi/10.3.1/../../../../arm-none-eabi/lib/thumb/v7-m/nofp\libc_nano.a(lib_a-memset.o)
                0x0000000008005eb4                memset
 .text.sbrk_aligned
                0x0000000008005ec4       0x40 c:/st/stm32cubeide_1.10.1/stm32cubeide/plugins/com.st.stm32cube.ide.mcu.externaltools.gnu-tools-for-stm32.10.3-2021.10.win32_1.0.0.202111181127/tools/bin/../lib/gcc/arm-none-eabi/10.3.1/../../../../arm-none-eabi/lib/thumb/v7-m/nofp\libc_nano.a(lib_a-nano-mallocr.o)
 .text._malloc_r
                0x0000000008005f04       0xe8 c:/st/stm32cubeide_1.10.1/stm32cubeide/plugins/com.st.stm32cube.ide.mcu.externaltools.gnu-tools-for-stm32.10.3-2021.10.win32_1.0.0.202111181127/tools/bin/../lib/gcc/arm-none-eabi/10.3.1/../../../../arm-none-eabi/lib/thumb/v7-m/nofp\libc_nano.a(lib_a-nano-mallocr.o)
                0x0000000008005f04                _malloc_r
 .text.cleanup_glue
                0x0000000008005fec       0x1a c:/st/stm32cubeide_1.10.1/stm32cubeide/plugins/com.st.stm32cube.ide.mcu.externaltools.gnu-tools-for-stm32.10.3-2021.10.win32_1.0.0.202111181127/tools/bin/../lib/gcc/arm-none-eabi/10.3.1/../../../../arm-none-eabi/lib/thumb/v7-m/nofp\libc_nano.a(lib_a-reent.o)
                0x0000000008005fec                cleanup_glue
 *fill*         0x0000000008006006        0x2 
 .text._reclaim_reent
                0x0000000008006008       0xb8 c:/st/stm32cubeide_1.10.1/stm32cubeide/plugins/com.st.stm32cube.ide.mcu.externaltools.gnu-tools-for-stm32.10.3-2021.10.win32_1.0.0.202111181127/tools/bin/../lib/gcc/arm-none-eabi/10.3.1/../../../../arm-none-eabi/lib/thumb/v7-m/nofp\libc_nano.a(lib_a-reent.o)
                0x0000000008006008                _reclaim_reent
 .text._sbrk_r  0x00000000080060c0       0x20 c:/st/stm32cubeide_1.10.1/stm32cubeide/plugins/com.st.stm32cube.ide.mcu.externaltools.gnu-tools-for-stm32.10.3-2021.10.win32_1.0.0.202111181127/tools/bin/../lib/gcc/arm-none-eabi/10.3.1/../../../../arm-none-eabi/lib/thumb/v7-m/nofp\libc_nano.a(lib_a-sbrkr.o)
                0x00000000080060c0                _sbrk_r
 .text.sprintf  0x00000000080060e0       0x40 c:/st/stm32cubeide_1.10.1/stm32cubeide/plugins/com.st.stm32cube.ide.mcu.externaltools.gnu-tools-for-stm32.10.3-2021.10.win32_1.0.0.202111181127/tools/bin/../lib/gcc/arm-none-eabi/10.3.1/../../../../arm-none-eabi/lib/thumb/v7-m/nofp\libc_nano.a(lib_a-sprintf.o)
                0x00000000080060e0                siprintf
                0x00000000080060e0                sprintf
 .text.__malloc_lock
                0x0000000008006120        0xc c:/st/stm32cubeide_1.10.1/stm32cubeide/plugins/com.st.stm32cube.ide.mcu.externaltools.gnu-tools-for-stm32.10.3-2021.10.win32_1.0.0.202111181127/tools/bin/../lib/gcc/arm-none-eabi/10.3.1/../../../../arm-none-eabi/lib/thumb/v7-m/nofp\libc_nano.a(lib_a-mlock.o)
                0x0000000008006120                __malloc_lock
 .text.__malloc_unlock
                0x000000000800612c        0xc c:/st/stm32cubeide_1.10.1/stm32cubeide/plugins/com.st.stm32cube.ide.mcu.externaltools.gnu-tools-for-stm32.10.3-2021.10.win32_1.0.0.202111181127/tools/bin/../lib/gcc/arm-none-eabi/10.3.1/../../../../arm-none-eabi/lib/thumb/v7-m/nofp\libc_nano.a(lib_a-mlock.o)
                0x000000000800612c                __malloc_unlock
 .text._free_r  0x0000000008006138       0x90 c:/st/stm32cubeide_1.10.1/stm32cubeide/plugins/com.st.stm32cube.ide.mcu.externaltools.gnu-tools-for-stm32.10.3-2021.10.win32_1.0.0.202111181127/tools/bin/../lib/gcc/arm-none-eabi/10.3.1/../../../../arm-none-eabi/lib/thumb/v7-m/nofp\libc_nano.a(lib_a-nano-freer.o)
                0x0000000008006138                _free_r
 .text.__ssputs_r
                0x00000000080061c8       0xb6 c:/st/stm32cubeide_1.10.1/stm32cubeide/plugins/com.st.stm32cube.ide.mcu.externaltools.gnu-tools-for-stm32.10.3-2021.10.win32_1.0.0.202111181127/tools/bin/../lib/gcc/arm-none-eabi/10.3.1/../../../../arm-none-eabi/lib/thumb/v7-m/nofp\libc_nano.a(lib_a-nano-svfprintf.o)
                0x00000000080061c8                __ssputs_r
 *fill*         0x000000000800627e        0x2 
 .text._svfprintf_r
                0x0000000008006280      0x200 c:/st/stm32cubeide_1.10.1/stm32cubeide/plugins/com.st.stm32cube.ide.mcu.externaltools.gnu-tools-for-stm32.10.3-2021.10.win32_1.0.0.202111181127/tools/bin/../lib/gcc/arm-none-eabi/10.3.1/../../../../arm-none-eabi/lib/thumb/v7-m/nofp\libc_nano.a(lib_a-nano-svfprintf.o)
                0x0000000008006280                _svfiprintf_r
                0x0000000008006280                _svfprintf_r
 .text._printf_common
                0x0000000008006480       0xde c:/st/stm32cubeide_1.10.1/stm32cubeide/plugins/com.st.stm32cube.ide.mcu.externaltools.gnu-tools-for-stm32.10.3-2021.10.win32_1.0.0.202111181127/tools/bin/../lib/gcc/arm-none-eabi/10.3.1/../../../../arm-none-eabi/lib/thumb/v7-m/nofp\libc_nano.a(lib_a-nano-vfprintf_i.o)
                0x0000000008006480                _printf_common
 *fill*         0x000000000800655e        0x2 
 .text._printf_i
                0x0000000008006560      0x24c c:/st/stm32cubeide_1.10.1/stm32cubeide/plugins/com.st.stm32cube.ide.mcu.externaltools.gnu-tools-for-stm32.10.3-2021.10.win32_1.0.0.202111181127/tools/bin/../lib/gcc/arm-none-eabi/10.3.1/../../../../arm-none-eabi/lib/thumb/v7-m/nofp\libc_nano.a(lib_a-nano-vfprintf_i.o)
                0x0000000008006560                _printf_i
 .text.memchr   0x00000000080067ac       0x1c c:/st/stm32cubeide_1.10.1/stm32cubeide/plugins/com.st.stm32cube.ide.mcu.externaltools.gnu-tools-for-stm32.10.3-2021.10.win32_1.0.0.202111181127/tools/bin/../lib/gcc/arm-none-eabi/10.3.1/../../../../arm-none-eabi/lib/thumb/v7-m/nofp\libc_nano.a(lib_a-memchr-stub.o)
                0x00000000080067ac                memchr
 .text.memmove  0x00000000080067c8       0x34 c:/st/stm32cubeide_1.10.1/stm32cubeide/plugins/com.st.stm32cube.ide.mcu.externaltools.gnu-tools-for-stm32.10.3-2021.10.win32_1.0.0.202111181127/tools/bin/../lib/gcc/arm-none-eabi/10.3.1/../../../../arm-none-eabi/lib/thumb/v7-m/nofp\libc_nano.a(lib_a-memmove.o)
                0x00000000080067c8                memmove
 .text._realloc_r
                0x00000000080067fc       0x5e c:/st/stm32cubeide_1.10.1/stm32cubeide/plugins/com.st.stm32cube.ide.mcu.externaltools.gnu-tools-for-stm32.10.3-2021.10.win32_1.0.0.202111181127/tools/bin/../lib/gcc/arm-none-eabi/10.3.1/../../../../arm-none-eabi/lib/thumb/v7-m/nofp\libc_nano.a(lib_a-nano-reallocr.o)
                0x00000000080067fc                _realloc_r
 .text._malloc_usable_size_r
                0x000000000800685a       0x10 c:/st/stm32cubeide_1.10.1/stm32cubeide/plugins/com.st.stm32cube.ide.mcu.externaltools.gnu-tools-for-stm32.10.3-2021.10.win32_1.0.0.202111181127/tools/bin/../lib/gcc/arm-none-eabi/10.3.1/../../../../arm-none-eabi/lib/thumb/v7-m/nofp\libc_nano.a(lib_a-nano-msizer.o)
                0x000000000800685a                _malloc_usable_size_r
 *(.glue_7)
 .glue_7        0x000000000800686a        0x0 linker stubs
 *(.glue_7t)
 .glue_7t       0x000000000800686a        0x0 linker stubs
 *(.eh_frame)
 *fill*         0x000000000800686a        0x2 
 .eh_frame      0x000000000800686c        0x0 c:/st/stm32cubeide_1.10.1/stm32cubeide/plugins/com.st.stm32cube.ide.mcu.externaltools.gnu-tools-for-stm32.10.3-2021.10.win32_1.0.0.202111181127/tools/bin/../lib/gcc/arm-none-eabi/10.3.1/thumb/v7-m/nofp/crtbegin.o
 *(.init)
 .init          0x000000000800686c        0x4 c:/st/stm32cubeide_1.10.1/stm32cubeide/plugins/com.st.stm32cube.ide.mcu.externaltools.gnu-tools-for-stm32.10.3-2021.10.win32_1.0.0.202111181127/tools/bin/../lib/gcc/arm-none-eabi/10.3.1/thumb/v7-m/nofp/crti.o
                0x000000000800686c                _init
 .init          0x0000000008006870        0x8 c:/st/stm32cubeide_1.10.1/stm32cubeide/plugins/com.st.stm32cube.ide.mcu.externaltools.gnu-tools-for-stm32.10.3-2021.10.win32_1.0.0.202111181127/tools/bin/../lib/gcc/arm-none-eabi/10.3.1/thumb/v7-m/nofp/crtn.o
 *(.fini)
 .fini          0x0000000008006878        0x4 c:/st/stm32cubeide_1.10.1/stm32cubeide/plugins/com.st.stm32cube.ide.mcu.externaltools.gnu-tools-for-stm32.10.3-2021.10.win32_1.0.0.202111181127/tools/bin/../lib/gcc/arm-none-eabi/10.3.1/thumb/v7-m/nofp/crti.o
                0x0000000008006878                _fini
 .fini          0x000000000800687c        0x8 c:/st/stm32cubeide_1.10.1/stm32cubeide/plugins/com.st.stm32cube.ide.mcu.externaltools.gnu-tools-for-stm32.10.3-2021.10.win32_1.0.0.202111181127/tools/bin/../lib/gcc/arm-none-eabi/10.3.1/thumb/v7-m/nofp/crtn.o
                0x0000000008006884                . = ALIGN (0x4)
                0x0000000008006884                _etext = .

.vfp11_veneer   0x0000000008006884        0x0
 .vfp11_veneer  0x0000000008006884        0x0 linker stubs

.v4_bx          0x0000000008006884        0x0
 .v4_bx         0x0000000008006884        0x0 linker stubs

.iplt           0x0000000008006884        0x0
 .iplt          0x0000000008006884        0x0 c:/st/stm32cubeide_1.10.1/stm32cubeide/plugins/com.st.stm32cube.ide.mcu.externaltools.gnu-tools-for-stm32.10.3-2021.10.win32_1.0.0.202111181127/tools/bin/../lib/gcc/arm-none-eabi/10.3.1/thumb/v7-m/nofp/crtbegin.o

.rodata         0x0000000008006884      0x740
                0x0000000008006884                . = ALIGN (0x4)
 *(.rodata)
 .rodata        0x0000000008006884       0x70 ./Core/Src/main.o
 .rodata        0x00000000080068f4        0xf ./Core/Src/tft.o
 *fill*         0x0000000008006903        0x1 
 .rodata        0x0000000008006904       0x10 ./Drivers/STM32F1xx_HAL_Driver/Src/stm32f1xx_hal_rcc.o
 .rodata        0x0000000008006914        0x5 ./Middlewares/Third_Party/FreeRTOS/Source/tasks.o
 *(.rodata*)
 *fill*         0x0000000008006919        0x3 
 .rodata.ucAscii_1608
                0x000000000800691c      0x5f0 ./Core/Src/ascii.o
                0x000000000800691c                ucAscii_1608
 .rodata.AHBPrescTable
                0x0000000008006f0c       0x10 ./Core/Src/system_stm32f1xx.o
                0x0000000008006f0c                AHBPrescTable
 .rodata.SD_Driver
                0x0000000008006f1c       0x14 ./Middlewares/Third_Party/FatFs/src/drivers/sd_diskio.o
                0x0000000008006f1c                SD_Driver
 .rodata.__sf_fake_stderr
                0x0000000008006f30       0x20 c:/st/stm32cubeide_1.10.1/stm32cubeide/plugins/com.st.stm32cube.ide.mcu.externaltools.gnu-tools-for-stm32.10.3-2021.10.win32_1.0.0.202111181127/tools/bin/../lib/gcc/arm-none-eabi/10.3.1/../../../../arm-none-eabi/lib/thumb/v7-m/nofp\libc_nano.a(lib_a-findfp.o)
                0x0000000008006f30                __sf_fake_stderr
 .rodata.__sf_fake_stdin
                0x0000000008006f50       0x20 c:/st/stm32cubeide_1.10.1/stm32cubeide/plugins/com.st.stm32cube.ide.mcu.externaltools.gnu-tools-for-stm32.10.3-2021.10.win32_1.0.0.202111181127/tools/bin/../lib/gcc/arm-none-eabi/10.3.1/../../../../arm-none-eabi/lib/thumb/v7-m/nofp\libc_nano.a(lib_a-findfp.o)
                0x0000000008006f50                __sf_fake_stdin
 .rodata.__sf_fake_stdout
                0x0000000008006f70       0x20 c:/st/stm32cubeide_1.10.1/stm32cubeide/plugins/com.st.stm32cube.ide.mcu.externaltools.gnu-tools-for-stm32.10.3-2021.10.win32_1.0.0.202111181127/tools/bin/../lib/gcc/arm-none-eabi/10.3.1/../../../../arm-none-eabi/lib/thumb/v7-m/nofp\libc_nano.a(lib_a-findfp.o)
                0x0000000008006f70                __sf_fake_stdout
 .rodata._svfprintf_r.str1.1
                0x0000000008006f90       0x11 c:/st/stm32cubeide_1.10.1/stm32cubeide/plugins/com.st.stm32cube.ide.mcu.externaltools.gnu-tools-for-stm32.10.3-2021.10.win32_1.0.0.202111181127/tools/bin/../lib/gcc/arm-none-eabi/10.3.1/../../../../arm-none-eabi/lib/thumb/v7-m/nofp\libc_nano.a(lib_a-nano-svfprintf.o)
 .rodata._printf_i.str1.1
                0x0000000008006fa1       0x22 c:/st/stm32cubeide_1.10.1/stm32cubeide/plugins/com.st.stm32cube.ide.mcu.externaltools.gnu-tools-for-stm32.10.3-2021.10.win32_1.0.0.202111181127/tools/bin/../lib/gcc/arm-none-eabi/10.3.1/../../../../arm-none-eabi/lib/thumb/v7-m/nofp\libc_nano.a(lib_a-nano-vfprintf_i.o)
                0x0000000008006fc4                . = ALIGN (0x4)
 *fill*         0x0000000008006fc3        0x1 

.rel.dyn        0x0000000008006fc4        0x0
 .rel.iplt      0x0000000008006fc4        0x0 c:/st/stm32cubeide_1.10.1/stm32cubeide/plugins/com.st.stm32cube.ide.mcu.externaltools.gnu-tools-for-stm32.10.3-2021.10.win32_1.0.0.202111181127/tools/bin/../lib/gcc/arm-none-eabi/10.3.1/thumb/v7-m/nofp/crtbegin.o

.ARM.extab      0x0000000008006fc4        0x0
                0x0000000008006fc4                . = ALIGN (0x4)
 *(.ARM.extab* .gnu.linkonce.armextab.*)
                0x0000000008006fc4                . = ALIGN (0x4)

.ARM            0x0000000008006fc4        0x0
                0x0000000008006fc4                . = ALIGN (0x4)
                0x0000000008006fc4                __exidx_start = .
 *(.ARM.exidx*)
                0x0000000008006fc4                __exidx_end = .
                0x0000000008006fc4                . = ALIGN (0x4)

.preinit_array  0x0000000008006fc4        0x0
                0x0000000008006fc4                . = ALIGN (0x4)
                0x0000000008006fc4                PROVIDE (__preinit_array_start = .)
 *(.preinit_array*)
                0x0000000008006fc4                PROVIDE (__preinit_array_end = .)
                0x0000000008006fc4                . = ALIGN (0x4)

.init_array     0x0000000008006fc4        0x4
                0x0000000008006fc4                . = ALIGN (0x4)
                0x0000000008006fc4                PROVIDE (__init_array_start = .)
 *(SORT_BY_NAME(.init_array.*))
 *(.init_array*)
 .init_array    0x0000000008006fc4        0x4 c:/st/stm32cubeide_1.10.1/stm32cubeide/plugins/com.st.stm32cube.ide.mcu.externaltools.gnu-tools-for-stm32.10.3-2021.10.win32_1.0.0.202111181127/tools/bin/../lib/gcc/arm-none-eabi/10.3.1/thumb/v7-m/nofp/crtbegin.o
                0x0000000008006fc8                PROVIDE (__init_array_end = .)
                0x0000000008006fc8                . = ALIGN (0x4)

.fini_array     0x0000000008006fc8        0x4
                0x0000000008006fc8                . = ALIGN (0x4)
                [!provide]                        PROVIDE (__fini_array_start = .)
 *(SORT_BY_NAME(.fini_array.*))
 *(.fini_array*)
 .fini_array    0x0000000008006fc8        0x4 c:/st/stm32cubeide_1.10.1/stm32cubeide/plugins/com.st.stm32cube.ide.mcu.externaltools.gnu-tools-for-stm32.10.3-2021.10.win32_1.0.0.202111181127/tools/bin/../lib/gcc/arm-none-eabi/10.3.1/thumb/v7-m/nofp/crtbegin.o
                [!provide]                        PROVIDE (__fini_array_end = .)
                0x0000000008006fcc                . = ALIGN (0x4)
                0x0000000008006fcc                _sidata = LOADADDR (.data)

.data           0x0000000020000000       0x74 load address 0x0000000008006fcc
                0x0000000020000000                . = ALIGN (0x4)
                0x0000000020000000                _sdata = .
 *(.data)
 *(.data*)
 .data.SystemCoreClock
                0x0000000020000000        0x4 ./Core/Src/system_stm32f1xx.o
                0x0000000020000000                SystemCoreClock
 .data.uwTickPrio
                0x0000000020000004        0x4 ./Drivers/STM32F1xx_HAL_Driver/Src/stm32f1xx_hal.o
                0x0000000020000004                uwTickPrio
 .data.uwTickFreq
                0x0000000020000008        0x1 ./Drivers/STM32F1xx_HAL_Driver/Src/stm32f1xx_hal.o
                0x0000000020000008                uwTickFreq
 .data.Stat     0x0000000020000009        0x1 ./Middlewares/Third_Party/FatFs/src/drivers/sd_diskio.o
 *fill*         0x000000002000000a        0x2 
 .data.uxCriticalNesting
                0x000000002000000c        0x4 ./Middlewares/Third_Party/FreeRTOS/Source/portable/GCC/ARM_CM3/port.o
 .data._impure_ptr
                0x0000000020000010        0x4 c:/st/stm32cubeide_1.10.1/stm32cubeide/plugins/com.st.stm32cube.ide.mcu.externaltools.gnu-tools-for-stm32.10.3-2021.10.win32_1.0.0.202111181127/tools/bin/../lib/gcc/arm-none-eabi/10.3.1/../../../../arm-none-eabi/lib/thumb/v7-m/nofp\libc_nano.a(lib_a-impure.o)
                0x0000000020000010                _impure_ptr
 .data.impure_data
                0x0000000020000014       0x60 c:/st/stm32cubeide_1.10.1/stm32cubeide/plugins/com.st.stm32cube.ide.mcu.externaltools.gnu-tools-for-stm32.10.3-2021.10.win32_1.0.0.202111181127/tools/bin/../lib/gcc/arm-none-eabi/10.3.1/../../../../arm-none-eabi/lib/thumb/v7-m/nofp\libc_nano.a(lib_a-impure.o)
 *(.RamFunc)
 *(.RamFunc*)
                0x0000000020000074                . = ALIGN (0x4)
                0x0000000020000074                _edata = .

.igot.plt       0x0000000020000074        0x0 load address 0x0000000008007040
 .igot.plt      0x0000000020000074        0x0 c:/st/stm32cubeide_1.10.1/stm32cubeide/plugins/com.st.stm32cube.ide.mcu.externaltools.gnu-tools-for-stm32.10.3-2021.10.win32_1.0.0.202111181127/tools/bin/../lib/gcc/arm-none-eabi/10.3.1/thumb/v7-m/nofp/crtbegin.o
                0x0000000020000074                . = ALIGN (0x4)

.bss            0x0000000020000074     0x1188 load address 0x0000000008007040
                0x0000000020000074                _sbss = .
                0x0000000020000074                __bss_start__ = _sbss
 *(.bss)
 .bss           0x0000000020000074       0x1c c:/st/stm32cubeide_1.10.1/stm32cubeide/plugins/com.st.stm32cube.ide.mcu.externaltools.gnu-tools-for-stm32.10.3-2021.10.win32_1.0.0.202111181127/tools/bin/../lib/gcc/arm-none-eabi/10.3.1/thumb/v7-m/nofp/crtbegin.o
 *(.bss*)
 .bss.sample_sum
                0x0000000020000090        0x2 ./Core/Src/audio.o
                0x0000000020000090                sample_sum
 .bss.dac_out   0x0000000020000092        0x2 ./Core/Src/audio.o
                0x0000000020000092                dac_out
 .bss.i         0x0000000020000094        0x4 ./Core/Src/audio.o
                0x0000000020000094                i
 .bss.xIdleTaskTCBBuffer
                0x0000000020000098       0xb4 ./Core/Src/freertos.o
 .bss.xIdleStack
                0x000000002000014c      0x200 ./Core/Src/freertos.o
 .bss.hdac      0x000000002000034c       0x14 ./Core/Src/main.o
                0x000000002000034c                hdac
 .bss.hsd       0x0000000020000360       0x84 ./Core/Src/main.o
                0x0000000020000360                hsd
 .bss.htim2     0x00000000200003e4       0x48 ./Core/Src/main.o
                0x00000000200003e4                htim2
 .bss.hsram1    0x000000002000042c       0x48 ./Core/Src/main.o
                0x000000002000042c                hsram1
 .bss.AudioTaskHandle
                0x0000000020000474        0x4 ./Core/Src/main.o
                0x0000000020000474                AudioTaskHandle
 .bss.SDTaskHandle
                0x0000000020000478        0x4 ./Core/Src/main.o
                0x0000000020000478                SDTaskHandle
 .bss.TFTTaskHandle
                0x000000002000047c        0x4 ./Core/Src/main.o
                0x000000002000047c                TFTTaskHandle
 .bss.FSMC_Initialized
                0x0000000020000480        0x4 ./Core/Src/stm32f1xx_hal_msp.o
 .bss.__sbrk_heap_end
                0x0000000020000484        0x4 ./Core/Src/sysmem.o
 .bss.uwTick    0x0000000020000488        0x4 ./Drivers/STM32F1xx_HAL_Driver/Src/stm32f1xx_hal.o
                0x0000000020000488                uwTick
 .bss.retSD     0x000000002000048c        0x1 ./FATFS/App/fatfs.o
                0x000000002000048c                retSD
 *fill*         0x000000002000048d        0x3 
 .bss.SDPath    0x0000000020000490        0x4 ./FATFS/App/fatfs.o
                0x0000000020000490                SDPath
 .bss.disk      0x0000000020000494        0xc ./Middlewares/Third_Party/FatFs/src/ff_gen_drv.o
                0x0000000020000494                disk
 .bss.pxCurrentTCB
                0x00000000200004a0        0x4 ./Middlewares/Third_Party/FreeRTOS/Source/tasks.o
                0x00000000200004a0                pxCurrentTCB
 .bss.pxReadyTasksLists
                0x00000000200004a4       0x8c ./Middlewares/Third_Party/FreeRTOS/Source/tasks.o
 .bss.xDelayedTaskList1
                0x0000000020000530       0x14 ./Middlewares/Third_Party/FreeRTOS/Source/tasks.o
 .bss.xDelayedTaskList2
                0x0000000020000544       0x14 ./Middlewares/Third_Party/FreeRTOS/Source/tasks.o
 .bss.pxDelayedTaskList
                0x0000000020000558        0x4 ./Middlewares/Third_Party/FreeRTOS/Source/tasks.o
 .bss.pxOverflowDelayedTaskList
                0x000000002000055c        0x4 ./Middlewares/Third_Party/FreeRTOS/Source/tasks.o
 .bss.xPendingReadyList
                0x0000000020000560       0x14 ./Middlewares/Third_Party/FreeRTOS/Source/tasks.o
 .bss.xTasksWaitingTermination
                0x0000000020000574       0x14 ./Middlewares/Third_Party/FreeRTOS/Source/tasks.o
 .bss.uxDeletedTasksWaitingCleanUp
                0x0000000020000588        0x4 ./Middlewares/Third_Party/FreeRTOS/Source/tasks.o
 .bss.xSuspendedTaskList
                0x000000002000058c       0x14 ./Middlewares/Third_Party/FreeRTOS/Source/tasks.o
 .bss.uxCurrentNumberOfTasks
                0x00000000200005a0        0x4 ./Middlewares/Third_Party/FreeRTOS/Source/tasks.o
 .bss.xTickCount
                0x00000000200005a4        0x4 ./Middlewares/Third_Party/FreeRTOS/Source/tasks.o
 .bss.uxTopReadyPriority
                0x00000000200005a8        0x4 ./Middlewares/Third_Party/FreeRTOS/Source/tasks.o
 .bss.xSchedulerRunning
                0x00000000200005ac        0x4 ./Middlewares/Third_Party/FreeRTOS/Source/tasks.o
 .bss.uxPendedTicks
                0x00000000200005b0        0x4 ./Middlewares/Third_Party/FreeRTOS/Source/tasks.o
 .bss.xYieldPending
                0x00000000200005b4        0x4 ./Middlewares/Third_Party/FreeRTOS/Source/tasks.o
 .bss.xNumOfOverflows
                0x00000000200005b8        0x4 ./Middlewares/Third_Party/FreeRTOS/Source/tasks.o
 .bss.uxTaskNumber
                0x00000000200005bc        0x4 ./Middlewares/Third_Party/FreeRTOS/Source/tasks.o
 .bss.xNextTaskUnblockTime
                0x00000000200005c0        0x4 ./Middlewares/Third_Party/FreeRTOS/Source/tasks.o
 .bss.xIdleTaskHandle
                0x00000000200005c4        0x4 ./Middlewares/Third_Party/FreeRTOS/Source/tasks.o
 .bss.uxSchedulerSuspended
                0x00000000200005c8        0x4 ./Middlewares/Third_Party/FreeRTOS/Source/tasks.o
 .bss.ucMaxSysCallPriority
                0x00000000200005cc        0x1 ./Middlewares/Third_Party/FreeRTOS/Source/portable/GCC/ARM_CM3/port.o
 *fill*         0x00000000200005cd        0x3 
 .bss.ulMaxPRIGROUPValue
                0x00000000200005d0        0x4 ./Middlewares/Third_Party/FreeRTOS/Source/portable/GCC/ARM_CM3/port.o
 .bss.ucHeap    0x00000000200005d4      0xc00 ./Middlewares/Third_Party/FreeRTOS/Source/portable/MemMang/heap_4.o
 .bss.xStart    0x00000000200011d4        0x8 ./Middlewares/Third_Party/FreeRTOS/Source/portable/MemMang/heap_4.o
 .bss.pxEnd     0x00000000200011dc        0x4 ./Middlewares/Third_Party/FreeRTOS/Source/portable/MemMang/heap_4.o
 .bss.xFreeBytesRemaining
                0x00000000200011e0        0x4 ./Middlewares/Third_Party/FreeRTOS/Source/portable/MemMang/heap_4.o
 .bss.xMinimumEverFreeBytesRemaining
                0x00000000200011e4        0x4 ./Middlewares/Third_Party/FreeRTOS/Source/portable/MemMang/heap_4.o
 .bss.xBlockAllocatedBit
                0x00000000200011e8        0x4 ./Middlewares/Third_Party/FreeRTOS/Source/portable/MemMang/heap_4.o
 .bss.__lock___malloc_recursive_mutex
                0x00000000200011ec        0x1 c:/st/stm32cubeide_1.10.1/stm32cubeide/plugins/com.st.stm32cube.ide.mcu.externaltools.gnu-tools-for-stm32.10.3-2021.10.win32_1.0.0.202111181127/tools/bin/../lib/gcc/arm-none-eabi/10.3.1/../../../../arm-none-eabi/lib/thumb/v7-m/nofp\libc_nano.a(lib_a-lock.o)
                0x00000000200011ec                __lock___malloc_recursive_mutex
 *fill*         0x00000000200011ed        0x3 
 .bss.__malloc_free_list
                0x00000000200011f0        0x4 c:/st/stm32cubeide_1.10.1/stm32cubeide/plugins/com.st.stm32cube.ide.mcu.externaltools.gnu-tools-for-stm32.10.3-2021.10.win32_1.0.0.202111181127/tools/bin/../lib/gcc/arm-none-eabi/10.3.1/../../../../arm-none-eabi/lib/thumb/v7-m/nofp\libc_nano.a(lib_a-nano-mallocr.o)
                0x00000000200011f0                __malloc_free_list
 .bss.__malloc_sbrk_start
                0x00000000200011f4        0x4 c:/st/stm32cubeide_1.10.1/stm32cubeide/plugins/com.st.stm32cube.ide.mcu.externaltools.gnu-tools-for-stm32.10.3-2021.10.win32_1.0.0.202111181127/tools/bin/../lib/gcc/arm-none-eabi/10.3.1/../../../../arm-none-eabi/lib/thumb/v7-m/nofp\libc_nano.a(lib_a-nano-mallocr.o)
                0x00000000200011f4                __malloc_sbrk_start
 .bss.errno     0x00000000200011f8        0x4 c:/st/stm32cubeide_1.10.1/stm32cubeide/plugins/com.st.stm32cube.ide.mcu.externaltools.gnu-tools-for-stm32.10.3-2021.10.win32_1.0.0.202111181127/tools/bin/../lib/gcc/arm-none-eabi/10.3.1/../../../../arm-none-eabi/lib/thumb/v7-m/nofp\libc_nano.a(lib_a-reent.o)
                0x00000000200011f8                errno
 *(COMMON)
                0x00000000200011fc                . = ALIGN (0x4)
                0x00000000200011fc                _ebss = .
                0x00000000200011fc                __bss_end__ = _ebss

._user_heap_stack
                0x00000000200011fc      0x604 load address 0x0000000008007040
                0x0000000020001200                . = ALIGN (0x8)
 *fill*         0x00000000200011fc        0x4 
                [!provide]                        PROVIDE (end = .)
                0x0000000020001200                PROVIDE (_end = .)
                0x0000000020001400                . = (. + _Min_Heap_Size)
 *fill*         0x0000000020001200      0x200 
                0x0000000020001800                . = (. + _Min_Stack_Size)
 *fill*         0x0000000020001400      0x400 
                0x0000000020001800                . = ALIGN (0x8)

/DISCARD/
 libc.a(*)
 libm.a(*)
 libgcc.a(*)

.ARM.attributes
                0x0000000000000000       0x29
 *(.ARM.attributes)
 .ARM.attributes
                0x0000000000000000       0x1d c:/st/stm32cubeide_1.10.1/stm32cubeide/plugins/com.st.stm32cube.ide.mcu.externaltools.gnu-tools-for-stm32.10.3-2021.10.win32_1.0.0.202111181127/tools/bin/../lib/gcc/arm-none-eabi/10.3.1/thumb/v7-m/nofp/crti.o
 .ARM.attributes
                0x000000000000001d       0x2d c:/st/stm32cubeide_1.10.1/stm32cubeide/plugins/com.st.stm32cube.ide.mcu.externaltools.gnu-tools-for-stm32.10.3-2021.10.win32_1.0.0.202111181127/tools/bin/../lib/gcc/arm-none-eabi/10.3.1/thumb/v7-m/nofp/crtbegin.o
 .ARM.attributes
                0x000000000000004a       0x2d ./Core/Src/ascii.o
 .ARM.attributes
                0x0000000000000077       0x2d ./Core/Src/audio.o
 .ARM.attributes
                0x00000000000000a4       0x2d ./Core/Src/freertos.o
 .ARM.attributes
                0x00000000000000d1       0x2d ./Core/Src/lcd.o
 .ARM.attributes
                0x00000000000000fe       0x2d ./Core/Src/main.o
 .ARM.attributes
                0x000000000000012b       0x2d ./Core/Src/stm32f1xx_hal_msp.o
 .ARM.attributes
                0x0000000000000158       0x2d ./Core/Src/stm32f1xx_it.o
 .ARM.attributes
                0x0000000000000185       0x2d ./Core/Src/sysmem.o
 .ARM.attributes
                0x00000000000001b2       0x2d ./Core/Src/system_stm32f1xx.o
 .ARM.attributes
                0x00000000000001df       0x2d ./Core/Src/tft.o
 .ARM.attributes
                0x000000000000020c       0x21 ./Core/Startup/startup_stm32f103vetx.o
 .ARM.attributes
                0x000000000000022d       0x2d ./Drivers/STM32F1xx_HAL_Driver/Src/stm32f1xx_hal.o
 .ARM.attributes
                0x000000000000025a       0x2d ./Drivers/STM32F1xx_HAL_Driver/Src/stm32f1xx_hal_cortex.o
 .ARM.attributes
                0x0000000000000287       0x2d ./Drivers/STM32F1xx_HAL_Driver/Src/stm32f1xx_hal_dac.o
 .ARM.attributes
                0x00000000000002b4       0x2d ./Drivers/STM32F1xx_HAL_Driver/Src/stm32f1xx_hal_gpio.o
 .ARM.attributes
                0x00000000000002e1       0x2d ./Drivers/STM32F1xx_HAL_Driver/Src/stm32f1xx_hal_rcc.o
 .ARM.attributes
                0x000000000000030e       0x2d ./Drivers/STM32F1xx_HAL_Driver/Src/stm32f1xx_hal_sd.o
 .ARM.attributes
                0x000000000000033b       0x2d ./Drivers/STM32F1xx_HAL_Driver/Src/stm32f1xx_hal_sram.o
 .ARM.attributes
                0x0000000000000368       0x2d ./Drivers/STM32F1xx_HAL_Driver/Src/stm32f1xx_hal_tim.o
 .ARM.attributes
                0x0000000000000395       0x2d ./Drivers/STM32F1xx_HAL_Driver/Src/stm32f1xx_hal_tim_ex.o
 .ARM.attributes
                0x00000000000003c2       0x2d ./Drivers/STM32F1xx_HAL_Driver/Src/stm32f1xx_ll_fsmc.o
 .ARM.attributes
                0x00000000000003ef       0x2d ./Drivers/STM32F1xx_HAL_Driver/Src/stm32f1xx_ll_sdmmc.o
 .ARM.attributes
                0x000000000000041c       0x2d ./FATFS/App/fatfs.o
 .ARM.attributes
                0x0000000000000449       0x2d ./FATFS/Target/bsp_driver_sd.o
 .ARM.attributes
                0x0000000000000476       0x2d ./Middlewares/Third_Party/FatFs/src/ff_gen_drv.o
 .ARM.attributes
                0x00000000000004a3       0x2d ./Middlewares/Third_Party/FatFs/src/drivers/sd_diskio.o
 .ARM.attributes
                0x00000000000004d0       0x2d ./Middlewares/Third_Party/FreeRTOS/Source/CMSIS_RTOS/cmsis_os.o
 .ARM.attributes
                0x00000000000004fd       0x2d ./Middlewares/Third_Party/FreeRTOS/Source/list.o
 .ARM.attributes
                0x000000000000052a       0x2d ./Middlewares/Third_Party/FreeRTOS/Source/tasks.o
 .ARM.attributes
                0x0000000000000557       0x2d ./Middlewares/Third_Party/FreeRTOS/Source/portable/GCC/ARM_CM3/port.o
 .ARM.attributes
                0x0000000000000584       0x2d ./Middlewares/Third_Party/FreeRTOS/Source/portable/MemMang/heap_4.o
 .ARM.attributes
                0x00000000000005b1       0x2d c:/st/stm32cubeide_1.10.1/stm32cubeide/plugins/com.st.stm32cube.ide.mcu.externaltools.gnu-tools-for-stm32.10.3-2021.10.win32_1.0.0.202111181127/tools/bin/../lib/gcc/arm-none-eabi/10.3.1/../../../../arm-none-eabi/lib/thumb/v7-m/nofp\libc_nano.a(lib_a-errno.o)
 .ARM.attributes
                0x00000000000005de       0x2d c:/st/stm32cubeide_1.10.1/stm32cubeide/plugins/com.st.stm32cube.ide.mcu.externaltools.gnu-tools-for-stm32.10.3-2021.10.win32_1.0.0.202111181127/tools/bin/../lib/gcc/arm-none-eabi/10.3.1/../../../../arm-none-eabi/lib/thumb/v7-m/nofp\libc_nano.a(lib_a-findfp.o)
 .ARM.attributes
                0x000000000000060b       0x2d c:/st/stm32cubeide_1.10.1/stm32cubeide/plugins/com.st.stm32cube.ide.mcu.externaltools.gnu-tools-for-stm32.10.3-2021.10.win32_1.0.0.202111181127/tools/bin/../lib/gcc/arm-none-eabi/10.3.1/../../../../arm-none-eabi/lib/thumb/v7-m/nofp\libc_nano.a(lib_a-impure.o)
 .ARM.attributes
                0x0000000000000638       0x2d c:/st/stm32cubeide_1.10.1/stm32cubeide/plugins/com.st.stm32cube.ide.mcu.externaltools.gnu-tools-for-stm32.10.3-2021.10.win32_1.0.0.202111181127/tools/bin/../lib/gcc/arm-none-eabi/10.3.1/../../../../arm-none-eabi/lib/thumb/v7-m/nofp\libc_nano.a(lib_a-init.o)
 .ARM.attributes
                0x0000000000000665       0x2d c:/st/stm32cubeide_1.10.1/stm32cubeide/plugins/com.st.stm32cube.ide.mcu.externaltools.gnu-tools-for-stm32.10.3-2021.10.win32_1.0.0.202111181127/tools/bin/../lib/gcc/arm-none-eabi/10.3.1/../../../../arm-none-eabi/lib/thumb/v7-m/nofp\libc_nano.a(lib_a-lock.o)
 .ARM.attributes
                0x0000000000000692       0x2d c:/st/stm32cubeide_1.10.1/stm32cubeide/plugins/com.st.stm32cube.ide.mcu.externaltools.gnu-tools-for-stm32.10.3-2021.10.win32_1.0.0.202111181127/tools/bin/../lib/gcc/arm-none-eabi/10.3.1/../../../../arm-none-eabi/lib/thumb/v7-m/nofp\libc_nano.a(lib_a-memcpy-stub.o)
 .ARM.attributes
                0x00000000000006bf       0x2d c:/st/stm32cubeide_1.10.1/stm32cubeide/plugins/com.st.stm32cube.ide.mcu.externaltools.gnu-tools-for-stm32.10.3-2021.10.win32_1.0.0.202111181127/tools/bin/../lib/gcc/arm-none-eabi/10.3.1/../../../../arm-none-eabi/lib/thumb/v7-m/nofp\libc_nano.a(lib_a-memset.o)
 .ARM.attributes
                0x00000000000006ec       0x2d c:/st/stm32cubeide_1.10.1/stm32cubeide/plugins/com.st.stm32cube.ide.mcu.externaltools.gnu-tools-for-stm32.10.3-2021.10.win32_1.0.0.202111181127/tools/bin/../lib/gcc/arm-none-eabi/10.3.1/../../../../arm-none-eabi/lib/thumb/v7-m/nofp\libc_nano.a(lib_a-nano-mallocr.o)
 .ARM.attributes
                0x0000000000000719       0x2d c:/st/stm32cubeide_1.10.1/stm32cubeide/plugins/com.st.stm32cube.ide.mcu.externaltools.gnu-tools-for-stm32.10.3-2021.10.win32_1.0.0.202111181127/tools/bin/../lib/gcc/arm-none-eabi/10.3.1/../../../../arm-none-eabi/lib/thumb/v7-m/nofp\libc_nano.a(lib_a-reent.o)
 .ARM.attributes
                0x0000000000000746       0x2d c:/st/stm32cubeide_1.10.1/stm32cubeide/plugins/com.st.stm32cube.ide.mcu.externaltools.gnu-tools-for-stm32.10.3-2021.10.win32_1.0.0.202111181127/tools/bin/../lib/gcc/arm-none-eabi/10.3.1/../../../../arm-none-eabi/lib/thumb/v7-m/nofp\libc_nano.a(lib_a-sbrkr.o)
 .ARM.attributes
                0x0000000000000773       0x2d c:/st/stm32cubeide_1.10.1/stm32cubeide/plugins/com.st.stm32cube.ide.mcu.externaltools.gnu-tools-for-stm32.10.3-2021.10.win32_1.0.0.202111181127/tools/bin/../lib/gcc/arm-none-eabi/10.3.1/../../../../arm-none-eabi/lib/thumb/v7-m/nofp\libc_nano.a(lib_a-sprintf.o)
 .ARM.attributes
                0x00000000000007a0       0x2d c:/st/stm32cubeide_1.10.1/stm32cubeide/plugins/com.st.stm32cube.ide.mcu.externaltools.gnu-tools-for-stm32.10.3-2021.10.win32_1.0.0.202111181127/tools/bin/../lib/gcc/arm-none-eabi/10.3.1/../../../../arm-none-eabi/lib/thumb/v7-m/nofp\libc_nano.a(lib_a-mlock.o)
 .ARM.attributes
                0x00000000000007cd       0x2d c:/st/stm32cubeide_1.10.1/stm32cubeide/plugins/com.st.stm32cube.ide.mcu.externaltools.gnu-tools-for-stm32.10.3-2021.10.win32_1.0.0.202111181127/tools/bin/../lib/gcc/arm-none-eabi/10.3.1/../../../../arm-none-eabi/lib/thumb/v7-m/nofp\libc_nano.a(lib_a-nano-freer.o)
 .ARM.attributes
                0x00000000000007fa       0x2d c:/st/stm32cubeide_1.10.1/stm32cubeide/plugins/com.st.stm32cube.ide.mcu.externaltools.gnu-tools-for-stm32.10.3-2021.10.win32_1.0.0.202111181127/tools/bin/../lib/gcc/arm-none-eabi/10.3.1/../../../../arm-none-eabi/lib/thumb/v7-m/nofp\libc_nano.a(lib_a-nano-svfprintf.o)
 .ARM.attributes
                0x0000000000000827       0x2d c:/st/stm32cubeide_1.10.1/stm32cubeide/plugins/com.st.stm32cube.ide.mcu.externaltools.gnu-tools-for-stm32.10.3-2021.10.win32_1.0.0.202111181127/tools/bin/../lib/gcc/arm-none-eabi/10.3.1/../../../../arm-none-eabi/lib/thumb/v7-m/nofp\libc_nano.a(lib_a-nano-vfprintf_i.o)
 .ARM.attributes
                0x0000000000000854       0x2d c:/st/stm32cubeide_1.10.1/stm32cubeide/plugins/com.st.stm32cube.ide.mcu.externaltools.gnu-tools-for-stm32.10.3-2021.10.win32_1.0.0.202111181127/tools/bin/../lib/gcc/arm-none-eabi/10.3.1/../../../../arm-none-eabi/lib/thumb/v7-m/nofp\libc_nano.a(lib_a-memchr-stub.o)
 .ARM.attributes
                0x0000000000000881       0x2d c:/st/stm32cubeide_1.10.1/stm32cubeide/plugins/com.st.stm32cube.ide.mcu.externaltools.gnu-tools-for-stm32.10.3-2021.10.win32_1.0.0.202111181127/tools/bin/../lib/gcc/arm-none-eabi/10.3.1/../../../../arm-none-eabi/lib/thumb/v7-m/nofp\libc_nano.a(lib_a-memmove.o)
 .ARM.attributes
                0x00000000000008ae       0x2d c:/st/stm32cubeide_1.10.1/stm32cubeide/plugins/com.st.stm32cube.ide.mcu.externaltools.gnu-tools-for-stm32.10.3-2021.10.win32_1.0.0.202111181127/tools/bin/../lib/gcc/arm-none-eabi/10.3.1/../../../../arm-none-eabi/lib/thumb/v7-m/nofp\libc_nano.a(lib_a-nano-reallocr.o)
 .ARM.attributes
                0x00000000000008db       0x2d c:/st/stm32cubeide_1.10.1/stm32cubeide/plugins/com.st.stm32cube.ide.mcu.externaltools.gnu-tools-for-stm32.10.3-2021.10.win32_1.0.0.202111181127/tools/bin/../lib/gcc/arm-none-eabi/10.3.1/../../../../arm-none-eabi/lib/thumb/v7-m/nofp\libc_nano.a(lib_a-nano-msizer.o)
 .ARM.attributes
                0x0000000000000908       0x1d c:/st/stm32cubeide_1.10.1/stm32cubeide/plugins/com.st.stm32cube.ide.mcu.externaltools.gnu-tools-for-stm32.10.3-2021.10.win32_1.0.0.202111181127/tools/bin/../lib/gcc/arm-none-eabi/10.3.1/thumb/v7-m/nofp/crtn.o
OUTPUT(LAB3.elf elf32-littlearm)
LOAD linker stubs
LOAD c:/st/stm32cubeide_1.10.1/stm32cubeide/plugins/com.st.stm32cube.ide.mcu.externaltools.gnu-tools-for-stm32.10.3-2021.10.win32_1.0.0.202111181127/tools/bin/../lib/gcc/arm-none-eabi/10.3.1/../../../../arm-none-eabi/lib/thumb/v7-m/nofp\libc.a
LOAD c:/st/stm32cubeide_1.10.1/stm32cubeide/plugins/com.st.stm32cube.ide.mcu.externaltools.gnu-tools-for-stm32.10.3-2021.10.win32_1.0.0.202111181127/tools/bin/../lib/gcc/arm-none-eabi/10.3.1/../../../../arm-none-eabi/lib/thumb/v7-m/nofp\libm.a
LOAD c:/st/stm32cubeide_1.10.1/stm32cubeide/plugins/com.st.stm32cube.ide.mcu.externaltools.gnu-tools-for-stm32.10.3-2021.10.win32_1.0.0.202111181127/tools/bin/../lib/gcc/arm-none-eabi/10.3.1/thumb/v7-m/nofp\libgcc.a

.debug_info     0x0000000000000000    0x1749c
 .debug_info    0x0000000000000000       0x6a ./Core/Src/ascii.o
 .debug_info    0x000000000000006a      0x9a3 ./Core/Src/audio.o
 .debug_info    0x0000000000000a0d      0x9b6 ./Core/Src/freertos.o
 .debug_info    0x00000000000013c3      0x88f ./Core/Src/lcd.o
 .debug_info    0x0000000000001c52     0x202c ./Core/Src/main.o
 .debug_info    0x0000000000003c7e     0x13f2 ./Core/Src/stm32f1xx_hal_msp.o
 .debug_info    0x0000000000005070      0x126 ./Core/Src/stm32f1xx_it.o
 .debug_info    0x0000000000005196      0x171 ./Core/Src/sysmem.o
 .debug_info    0x0000000000005307      0x23d ./Core/Src/system_stm32f1xx.o
 .debug_info    0x0000000000005544      0x2a8 ./Core/Src/tft.o
 .debug_info    0x00000000000057ec       0x22 ./Core/Startup/startup_stm32f103vetx.o
 .debug_info    0x000000000000580e      0x79a ./Drivers/STM32F1xx_HAL_Driver/Src/stm32f1xx_hal.o
 .debug_info    0x0000000000005fa8      0xb86 ./Drivers/STM32F1xx_HAL_Driver/Src/stm32f1xx_hal_cortex.o
 .debug_info    0x0000000000006b2e      0x9f2 ./Drivers/STM32F1xx_HAL_Driver/Src/stm32f1xx_hal_dac.o
 .debug_info    0x0000000000007520      0x615 ./Drivers/STM32F1xx_HAL_Driver/Src/stm32f1xx_hal_gpio.o
 .debug_info    0x0000000000007b35      0x860 ./Drivers/STM32F1xx_HAL_Driver/Src/stm32f1xx_hal_rcc.o
 .debug_info    0x0000000000008395     0x1cbf ./Drivers/STM32F1xx_HAL_Driver/Src/stm32f1xx_hal_sd.o
 .debug_info    0x000000000000a054      0xd5b ./Drivers/STM32F1xx_HAL_Driver/Src/stm32f1xx_hal_sram.o
 .debug_info    0x000000000000adaf     0x29de ./Drivers/STM32F1xx_HAL_Driver/Src/stm32f1xx_hal_tim.o
 .debug_info    0x000000000000d78d     0x1513 ./Drivers/STM32F1xx_HAL_Driver/Src/stm32f1xx_hal_tim_ex.o
 .debug_info    0x000000000000eca0      0xa08 ./Drivers/STM32F1xx_HAL_Driver/Src/stm32f1xx_ll_fsmc.o
 .debug_info    0x000000000000f6a8     0x1194 ./Drivers/STM32F1xx_HAL_Driver/Src/stm32f1xx_ll_sdmmc.o
 .debug_info    0x000000000001083c      0x55f ./FATFS/App/fatfs.o
 .debug_info    0x0000000000010d9b      0xb08 ./FATFS/Target/bsp_driver_sd.o
 .debug_info    0x00000000000118a3      0x3a4 ./Middlewares/Third_Party/FatFs/src/ff_gen_drv.o
 .debug_info    0x0000000000011c47      0x4d5 ./Middlewares/Third_Party/FatFs/src/drivers/sd_diskio.o
 .debug_info    0x000000000001211c     0x232c ./Middlewares/Third_Party/FreeRTOS/Source/CMSIS_RTOS/cmsis_os.o
 .debug_info    0x0000000000014448      0x2cb ./Middlewares/Third_Party/FreeRTOS/Source/list.o
 .debug_info    0x0000000000014713     0x24ea ./Middlewares/Third_Party/FreeRTOS/Source/tasks.o
 .debug_info    0x0000000000016bfd      0x4b7 ./Middlewares/Third_Party/FreeRTOS/Source/portable/GCC/ARM_CM3/port.o
 .debug_info    0x00000000000170b4      0x3e8 ./Middlewares/Third_Party/FreeRTOS/Source/portable/MemMang/heap_4.o

.debug_abbrev   0x0000000000000000     0x3cf1
 .debug_abbrev  0x0000000000000000       0x59 ./Core/Src/ascii.o
 .debug_abbrev  0x0000000000000059      0x208 ./Core/Src/audio.o
 .debug_abbrev  0x0000000000000261      0x169 ./Core/Src/freertos.o
 .debug_abbrev  0x00000000000003ca      0x275 ./Core/Src/lcd.o
 .debug_abbrev  0x000000000000063f      0x357 ./Core/Src/main.o
 .debug_abbrev  0x0000000000000996      0x285 ./Core/Src/stm32f1xx_hal_msp.o
 .debug_abbrev  0x0000000000000c1b       0xab ./Core/Src/stm32f1xx_it.o
 .debug_abbrev  0x0000000000000cc6       0xbb ./Core/Src/sysmem.o
 .debug_abbrev  0x0000000000000d81      0x13b ./Core/Src/system_stm32f1xx.o
 .debug_abbrev  0x0000000000000ebc      0x1db ./Core/Src/tft.o
 .debug_abbrev  0x0000000000001097       0x12 ./Core/Startup/startup_stm32f103vetx.o
 .debug_abbrev  0x00000000000010a9      0x1fb ./Drivers/STM32F1xx_HAL_Driver/Src/stm32f1xx_hal.o
 .debug_abbrev  0x00000000000012a4      0x2ed ./Drivers/STM32F1xx_HAL_Driver/Src/stm32f1xx_hal_cortex.o
 .debug_abbrev  0x0000000000001591      0x1f4 ./Drivers/STM32F1xx_HAL_Driver/Src/stm32f1xx_hal_dac.o
 .debug_abbrev  0x0000000000001785      0x1bb ./Drivers/STM32F1xx_HAL_Driver/Src/stm32f1xx_hal_gpio.o
 .debug_abbrev  0x0000000000001940      0x2a8 ./Drivers/STM32F1xx_HAL_Driver/Src/stm32f1xx_hal_rcc.o
 .debug_abbrev  0x0000000000001be8      0x273 ./Drivers/STM32F1xx_HAL_Driver/Src/stm32f1xx_hal_sd.o
 .debug_abbrev  0x0000000000001e5b      0x1f8 ./Drivers/STM32F1xx_HAL_Driver/Src/stm32f1xx_hal_sram.o
 .debug_abbrev  0x0000000000002053      0x25d ./Drivers/STM32F1xx_HAL_Driver/Src/stm32f1xx_hal_tim.o
 .debug_abbrev  0x00000000000022b0      0x265 ./Drivers/STM32F1xx_HAL_Driver/Src/stm32f1xx_hal_tim_ex.o
 .debug_abbrev  0x0000000000002515      0x196 ./Drivers/STM32F1xx_HAL_Driver/Src/stm32f1xx_ll_fsmc.o
 .debug_abbrev  0x00000000000026ab      0x1f5 ./Drivers/STM32F1xx_HAL_Driver/Src/stm32f1xx_ll_sdmmc.o
 .debug_abbrev  0x00000000000028a0      0x19a ./FATFS/App/fatfs.o
 .debug_abbrev  0x0000000000002a3a      0x295 ./FATFS/Target/bsp_driver_sd.o
 .debug_abbrev  0x0000000000002ccf      0x196 ./Middlewares/Third_Party/FatFs/src/ff_gen_drv.o
 .debug_abbrev  0x0000000000002e65      0x17a ./Middlewares/Third_Party/FatFs/src/drivers/sd_diskio.o
 .debug_abbrev  0x0000000000002fdf      0x406 ./Middlewares/Third_Party/FreeRTOS/Source/CMSIS_RTOS/cmsis_os.o
 .debug_abbrev  0x00000000000033e5       0xf2 ./Middlewares/Third_Party/FreeRTOS/Source/list.o
 .debug_abbrev  0x00000000000034d7      0x3c4 ./Middlewares/Third_Party/FreeRTOS/Source/tasks.o
 .debug_abbrev  0x000000000000389b      0x257 ./Middlewares/Third_Party/FreeRTOS/Source/portable/GCC/ARM_CM3/port.o
 .debug_abbrev  0x0000000000003af2      0x1ff ./Middlewares/Third_Party/FreeRTOS/Source/portable/MemMang/heap_4.o

.debug_aranges  0x0000000000000000     0x15b8
 .debug_aranges
                0x0000000000000000       0x18 ./Core/Src/ascii.o
 .debug_aranges
                0x0000000000000018       0x28 ./Core/Src/audio.o
 .debug_aranges
                0x0000000000000040       0x20 ./Core/Src/freertos.o
 .debug_aranges
                0x0000000000000060       0xb8 ./Core/Src/lcd.o
 .debug_aranges
                0x0000000000000118       0x70 ./Core/Src/main.o
 .debug_aranges
                0x0000000000000188       0x70 ./Core/Src/stm32f1xx_hal_msp.o
 .debug_aranges
                0x00000000000001f8       0x50 ./Core/Src/stm32f1xx_it.o
 .debug_aranges
                0x0000000000000248       0x20 ./Core/Src/sysmem.o
 .debug_aranges
                0x0000000000000268       0x28 ./Core/Src/system_stm32f1xx.o
 .debug_aranges
                0x0000000000000290       0x28 ./Core/Src/tft.o
 .debug_aranges
                0x00000000000002b8       0x28 ./Core/Startup/startup_stm32f103vetx.o
 .debug_aranges
                0x00000000000002e0       0xe0 ./Drivers/STM32F1xx_HAL_Driver/Src/stm32f1xx_hal.o
 .debug_aranges
                0x00000000000003c0      0x100 ./Drivers/STM32F1xx_HAL_Driver/Src/stm32f1xx_hal_cortex.o
 .debug_aranges
                0x00000000000004c0       0xc0 ./Drivers/STM32F1xx_HAL_Driver/Src/stm32f1xx_hal_dac.o
 .debug_aranges
                0x0000000000000580       0x58 ./Drivers/STM32F1xx_HAL_Driver/Src/stm32f1xx_hal_gpio.o
 .debug_aranges
                0x00000000000005d8       0x90 ./Drivers/STM32F1xx_HAL_Driver/Src/stm32f1xx_hal_rcc.o
 .debug_aranges
                0x0000000000000668      0x168 ./Drivers/STM32F1xx_HAL_Driver/Src/stm32f1xx_hal_sd.o
 .debug_aranges
                0x00000000000007d0       0xb8 ./Drivers/STM32F1xx_HAL_Driver/Src/stm32f1xx_hal_sram.o
 .debug_aranges
                0x0000000000000888      0x3d0 ./Drivers/STM32F1xx_HAL_Driver/Src/stm32f1xx_hal_tim.o
 .debug_aranges
                0x0000000000000c58      0x168 ./Drivers/STM32F1xx_HAL_Driver/Src/stm32f1xx_hal_tim_ex.o
 .debug_aranges
                0x0000000000000dc0       0xa8 ./Drivers/STM32F1xx_HAL_Driver/Src/stm32f1xx_ll_fsmc.o
 .debug_aranges
                0x0000000000000e68      0x180 ./Drivers/STM32F1xx_HAL_Driver/Src/stm32f1xx_ll_sdmmc.o
 .debug_aranges
                0x0000000000000fe8       0x28 ./FATFS/App/fatfs.o
 .debug_aranges
                0x0000000000001010       0xa0 ./FATFS/Target/bsp_driver_sd.o
 .debug_aranges
                0x00000000000010b0       0x40 ./Middlewares/Third_Party/FatFs/src/ff_gen_drv.o
 .debug_aranges
                0x00000000000010f0       0x40 ./Middlewares/Third_Party/FatFs/src/drivers/sd_diskio.o
 .debug_aranges
                0x0000000000001130      0x1d8 ./Middlewares/Third_Party/FreeRTOS/Source/CMSIS_RTOS/cmsis_os.o
 .debug_aranges
                0x0000000000001308       0x40 ./Middlewares/Third_Party/FreeRTOS/Source/list.o
 .debug_aranges
                0x0000000000001348      0x1a8 ./Middlewares/Third_Party/FreeRTOS/Source/tasks.o
 .debug_aranges
                0x00000000000014f0       0x78 ./Middlewares/Third_Party/FreeRTOS/Source/portable/GCC/ARM_CM3/port.o
 .debug_aranges
                0x0000000000001568       0x50 ./Middlewares/Third_Party/FreeRTOS/Source/portable/MemMang/heap_4.o

.debug_macro    0x0000000000000000    0x1e2b0
 .debug_macro   0x0000000000000000       0x15 ./Core/Src/ascii.o
 .debug_macro   0x0000000000000015      0xa6c ./Core/Src/ascii.o
 .debug_macro   0x0000000000000a81      0x210 ./Core/Src/audio.o
 .debug_macro   0x0000000000000c91      0x227 ./Core/Src/audio.o
 .debug_macro   0x0000000000000eb8       0x2e ./Core/Src/audio.o
 .debug_macro   0x0000000000000ee6       0x22 ./Core/Src/audio.o
 .debug_macro   0x0000000000000f08       0x22 ./Core/Src/audio.o
 .debug_macro   0x0000000000000f2a       0x8e ./Core/Src/audio.o
 .debug_macro   0x0000000000000fb8       0x51 ./Core/Src/audio.o
 .debug_macro   0x0000000000001009      0x103 ./Core/Src/audio.o
 .debug_macro   0x000000000000110c       0x6a ./Core/Src/audio.o
 .debug_macro   0x0000000000001176      0x1df ./Core/Src/audio.o
 .debug_macro   0x0000000000001355       0x1c ./Core/Src/audio.o
 .debug_macro   0x0000000000001371       0x22 ./Core/Src/audio.o
 .debug_macro   0x0000000000001393       0xbd ./Core/Src/audio.o
 .debug_macro   0x0000000000001450      0xd23 ./Core/Src/audio.o
 .debug_macro   0x0000000000002173     0xfd8c ./Core/Src/audio.o
 .debug_macro   0x0000000000011eff       0x6d ./Core/Src/audio.o
 .debug_macro   0x0000000000011f6c     0x3468 ./Core/Src/audio.o
 .debug_macro   0x00000000000153d4      0x174 ./Core/Src/audio.o
 .debug_macro   0x0000000000015548       0x5c ./Core/Src/audio.o
 .debug_macro   0x00000000000155a4      0x5be ./Core/Src/audio.o
 .debug_macro   0x0000000000015b62      0x4d5 ./Core/Src/audio.o
 .debug_macro   0x0000000000016037      0x1cb ./Core/Src/audio.o
 .debug_macro   0x0000000000016202      0x114 ./Core/Src/audio.o
 .debug_macro   0x0000000000016316      0x1ea ./Core/Src/audio.o
 .debug_macro   0x0000000000016500       0x27 ./Core/Src/audio.o
 .debug_macro   0x0000000000016527      0x144 ./Core/Src/audio.o
 .debug_macro   0x000000000001666b      0x1bc ./Core/Src/audio.o
 .debug_macro   0x0000000000016827       0x30 ./Core/Src/audio.o
 .debug_macro   0x0000000000016857       0x3c ./Core/Src/audio.o
 .debug_macro   0x0000000000016893       0x57 ./Core/Src/audio.o
 .debug_macro   0x00000000000168ea       0xe3 ./Core/Src/audio.o
 .debug_macro   0x00000000000169cd       0xde ./Core/Src/audio.o
 .debug_macro   0x0000000000016aab       0x88 ./Core/Src/audio.o
 .debug_macro   0x0000000000016b33      0x24f ./Core/Src/audio.o
 .debug_macro   0x0000000000016d82      0x356 ./Core/Src/audio.o
 .debug_macro   0x00000000000170d8      0x141 ./Core/Src/audio.o
 .debug_macro   0x0000000000017219      0x861 ./Core/Src/audio.o
 .debug_macro   0x0000000000017a7a      0x1d5 ./Core/Src/audio.o
 .debug_macro   0x0000000000017c4f      0x8d1 ./Core/Src/audio.o
 .debug_macro   0x0000000000018520       0xb5 ./Core/Src/audio.o
 .debug_macro   0x00000000000185d5      0x2ef ./Core/Src/freertos.o
 .debug_macro   0x00000000000188c4       0xd6 ./Core/Src/freertos.o
 .debug_macro   0x000000000001899a      0x15a ./Core/Src/freertos.o
 .debug_macro   0x0000000000018af4       0xd7 ./Core/Src/freertos.o
 .debug_macro   0x0000000000018bcb       0x10 ./Core/Src/freertos.o
 .debug_macro   0x0000000000018bdb       0x1f ./Core/Src/freertos.o
 .debug_macro   0x0000000000018bfa       0x52 ./Core/Src/freertos.o
 .debug_macro   0x0000000000018c4c       0x18 ./Core/Src/freertos.o
 .debug_macro   0x0000000000018c64       0x3c ./Core/Src/freertos.o
 .debug_macro   0x0000000000018ca0       0x34 ./Core/Src/freertos.o
 .debug_macro   0x0000000000018cd4       0x16 ./Core/Src/freertos.o
 .debug_macro   0x0000000000018cea       0x43 ./Core/Src/freertos.o
 .debug_macro   0x0000000000018d2d       0x34 ./Core/Src/freertos.o
 .debug_macro   0x0000000000018d61       0x10 ./Core/Src/freertos.o
 .debug_macro   0x0000000000018d71       0x58 ./Core/Src/freertos.o
 .debug_macro   0x0000000000018dc9       0x71 ./Core/Src/freertos.o
 .debug_macro   0x0000000000018e3a       0x1c ./Core/Src/freertos.o
 .debug_macro   0x0000000000018e56      0x12a ./Core/Src/freertos.o
 .debug_macro   0x0000000000018f80       0x10 ./Core/Src/freertos.o
 .debug_macro   0x0000000000018f90       0x35 ./Core/Src/freertos.o
 .debug_macro   0x0000000000018fc5      0x4b1 ./Core/Src/freertos.o
 .debug_macro   0x0000000000019476       0xb5 ./Core/Src/freertos.o
 .debug_macro   0x000000000001952b       0x8c ./Core/Src/freertos.o
 .debug_macro   0x00000000000195b7      0x29e ./Core/Src/lcd.o
 .debug_macro   0x0000000000019855       0xd0 ./Core/Src/lcd.o