04:11:59 **** Incremental Build of configuration Debug for project AUDIO ****
make -j16 all 
arm-none-eabi-size   AUDIO.elf 
   text	   data	    bss	    dec	    hex	filename
  40468	    124	   8332	  48924	   bf1c	AUDIO.elf
Finished building: default.size.stdout
 
04:12:04 **** Incremental Build of configuration Debug for project AUDIO ****
make -j16 all 
arm-none-eabi-size   AUDIO.elf 
   text	   data	    bss	    dec	    hex	filename
  40468	    124	   8332	  48924	   bf1c	AUDIO.elf
Finished building: default.size.stdout
 
04:13:19 **** Incremental Build of configuration Debug for project AUDIO ****
make -j16 all 
arm-none-eabi-gcc "../Core/Src/main.c" -mcpu=cortex-m3 -std=gnu11 -g3 -DDEBUG -DUSE_HAL_DRIVER -DSTM32F103xE -c -I../Core/Inc -I../Drivers/STM32F1xx_HAL_Driver/Inc/Legacy -I../Drivers/STM32F1xx_HAL_Driver/Inc -I../Drivers/CMSIS/Device/ST/STM32F1xx/Include -I../Drivers/CMSIS/Include -I../FATFS/Target -I../FATFS/App -I../Middlewares/Third_Party/FatFs/src -I../Middlewares/Third_Party/FatFs/src/drivers -O0 -ffunction-sections -fdata-sections -Wall -fstack-usage -MMD -MP -MF"Core/Src/main.d" -MT"Core/Src/main.o" --specs=nano.specs -mfloat-abi=soft -mthumb -o "Core/Src/main.o"
In file included from ../Core/Src/main.c:28:
../Core/Inc/fileBuff.h: In function 'initFileHeader':
../Core/Inc/fileBuff.h:71:80: warning: pointer targets in passing argument 4 of 'f_read' differ in signedness [-Wpointer-sign]
   71 |  return f_read(&(fileStruct->file), &(fileStruct->header), sizeof(WAV_HEADER), &bytes_read);
      |                                                                                ^~~~~~~~~~~
      |                                                                                |
      |                                                                                int *
In file included from ../FATFS/App/fatfs.h:26,
                 from ../Core/Src/main.c:21:
../Middlewares/Third_Party/FatFs/src/ff.h:228:54: note: expected 'UINT *' {aka 'unsigned int *'} but argument is of type 'int *'
  228 | FRESULT f_read (FIL* fp, void* buff, UINT btr, UINT* br);   /* Read data from a file */
      |                                                ~~~~~~^~
In file included from ../Core/Src/main.c:28:
../Core/Inc/fileBuff.h: In function 'readFile':
../Core/Inc/fileBuff.h:79:84: warning: passing argument 4 of 'f_read' from incompatible pointer type [-Wincompatible-pointer-types]
   79 |   FRESULT res = f_read(&(f->file), f->structs[f->currWriting].data.raw, BUFF_SIZE, &(f->structs[f->currWriting].buffSize));
      |                                                                                    ^~~~~~~~~~~~~~~~~~~~~~~~~~~~~~~~~~~~~~
      |                                                                                    |
      |                                                                                    uint16_t * {aka short unsigned int *}
In file included from ../FATFS/App/fatfs.h:26,
                 from ../Core/Src/main.c:21:
../Middlewares/Third_Party/FatFs/src/ff.h:228:54: note: expected 'UINT *' {aka 'unsigned int *'} but argument is of type 'uint16_t *' {aka 'short unsigned int *'}
  228 | FRESULT f_read (FIL* fp, void* buff, UINT btr, UINT* br);   /* Read data from a file */
      |                                                ~~~~~~^~
../Core/Src/main.c: In function 'error_handler':
../Core/Src/main.c:78:3: warning: implicit declaration of function 'sprintf' [-Wimplicit-function-declaration]
   78 |   sprintf(buff, "%d %s", res, msg);
      |   ^~~~~~~
../Core/Src/main.c:78:3: warning: incompatible implicit declaration of built-in function 'sprintf'
../Core/Src/main.c:29:1: note: include '<stdio.h>' or provide a declaration of 'sprintf'
   28 | #include "fileBuff.h"
  +++ |+#include <stdio.h>
   29 | /* USER CODE END Includes */
../Core/Src/main.c: In function 'display_success':
../Core/Src/main.c:84:3: warning: incompatible implicit declaration of built-in function 'sprintf'
   84 |   sprintf(buff, "%d %s", num, msg);
      |   ^~~~~~~
../Core/Src/main.c:84:3: note: include '<stdio.h>' or provide a declaration of 'sprintf'
../Core/Src/main.c: In function 'main':
../Core/Src/main.c:180:5: warning: incompatible implicit declaration of built-in function 'sprintf'
  180 |     sprintf(buff, "%d no more :(", res);
      |     ^~~~~~~
../Core/Src/main.c:180:5: note: include '<stdio.h>' or provide a declaration of 'sprintf'
../Core/Src/main.c:203:5: warning: incompatible implicit declaration of built-in function 'sprintf'
  203 |     sprintf(buff, "hertz: %d", header->sampleFreq);
      |     ^~~~~~~
../Core/Src/main.c:203:5: note: include '<stdio.h>' or provide a declaration of 'sprintf'
../Core/Src/main.c:203:28: warning: format '%d' expects argument of type 'int', but argument 3 has type 'uint32_t' {aka 'long unsigned int'} [-Wformat=]
  203 |     sprintf(buff, "hertz: %d", header->sampleFreq);
      |                           ~^   ~~~~~~~~~~~~~~~~~~
      |                            |         |
      |                            int       uint32_t {aka long unsigned int}
      |                           %ld
../Core/Src/main.c:209:27: warning: format '%d' expects argument of type 'int', but argument 3 has type 'uint32_t' {aka 'long unsigned int'} [-Wformat=]
  209 |     sprintf(buff, "data: %d", header->dataChunkLength);
      |                          ~^   ~~~~~~~~~~~~~~~~~~~~~~~
      |                           |         |
      |                           int       uint32_t {aka long unsigned int}
      |                          %ld
../Core/Src/main.c:263:11: warning: unused variable 'sample_sum' [-Wunused-variable]
  263 |   int16_t sample_sum = 0;
      |           ^~~~~~~~~~
arm-none-eabi-gcc -o "AUDIO.elf" @"objects.list"   -mcpu=cortex-m3 -T"C:\Users\pinkp\Documents\GitHub\ELEC3300-Project\AUDIO\STM32F103VETX_FLASH.ld" --specs=nosys.specs -Wl,-Map="AUDIO.map" -Wl,--gc-sections -static --specs=nano.specs -mfloat-abi=soft -mthumb -Wl,--start-group -lc -lm -Wl,--end-group
Finished building target: AUDIO.elf
 
arm-none-eabi-size   AUDIO.elf 
arm-none-eabi-objdump -h -S  AUDIO.elf  > "AUDIO.list"
   text	   data	    bss	    dec	    hex	filename
  40460	    124	   8332	  48916	   bf14	AUDIO.elf
Finished building: default.size.stdout
 
Finished building: AUDIO.list
 
04:20:34 **** Incremental Build of configuration Debug for project AUDIO ****
make -j16 all 
arm-none-eabi-gcc "../Core/Src/main.c" -mcpu=cortex-m3 -std=gnu11 -g3 -DDEBUG -DUSE_HAL_DRIVER -DSTM32F103xE -c -I../Core/Inc -I../Drivers/STM32F1xx_HAL_Driver/Inc/Legacy -I../Drivers/STM32F1xx_HAL_Driver/Inc -I../Drivers/CMSIS/Device/ST/STM32F1xx/Include -I../Drivers/CMSIS/Include -I../FATFS/Target -I../FATFS/App -I../Middlewares/Third_Party/FatFs/src -I../Middlewares/Third_Party/FatFs/src/drivers -O0 -ffunction-sections -fdata-sections -Wall -fstack-usage -MMD -MP -MF"Core/Src/main.d" -MT"Core/Src/main.o" --specs=nano.specs -mfloat-abi=soft -mthumb -o "Core/Src/main.o"
In file included from ../Core/Src/main.c:28:
../Core/Inc/fileBuff.h: In function 'initFileHeader':
../Core/Inc/fileBuff.h:71:80: warning: pointer targets in passing argument 4 of 'f_read' differ in signedness [-Wpointer-sign]
   71 |  return f_read(&(fileStruct->file), &(fileStruct->header), sizeof(WAV_HEADER), &bytes_read);
      |                                                                                ^~~~~~~~~~~
      |                                                                                |
      |                                                                                int *
In file included from ../FATFS/App/fatfs.h:26,
                 from ../Core/Src/main.c:21:
../Middlewares/Third_Party/FatFs/src/ff.h:228:54: note: expected 'UINT *' {aka 'unsigned int *'} but argument is of type 'int *'
  228 | FRESULT f_read (FIL* fp, void* buff, UINT btr, UINT* br);   /* Read data from a file */
      |                                                ~~~~~~^~
In file included from ../Core/Src/main.c:28:
../Core/Inc/fileBuff.h: In function 'readFile':
../Core/Inc/fileBuff.h:79:84: warning: passing argument 4 of 'f_read' from incompatible pointer type [-Wincompatible-pointer-types]
   79 |   FRESULT res = f_read(&(f->file), f->structs[f->currWriting].data.raw, BUFF_SIZE, &(f->structs[f->currWriting].buffSize));
      |                                                                                    ^~~~~~~~~~~~~~~~~~~~~~~~~~~~~~~~~~~~~~
      |                                                                                    |
      |                                                                                    uint16_t * {aka short unsigned int *}
In file included from ../FATFS/App/fatfs.h:26,
                 from ../Core/Src/main.c:21:
../Middlewares/Third_Party/FatFs/src/ff.h:228:54: note: expected 'UINT *' {aka 'unsigned int *'} but argument is of type 'uint16_t *' {aka 'short unsigned int *'}
  228 | FRESULT f_read (FIL* fp, void* buff, UINT btr, UINT* br);   /* Read data from a file */
      |                                                ~~~~~~^~
../Core/Src/main.c: In function 'error_handler':
../Core/Src/main.c:78:3: warning: implicit declaration of function 'sprintf' [-Wimplicit-function-declaration]
   78 |   sprintf(buff, "%d %s", res, msg);
      |   ^~~~~~~
../Core/Src/main.c:78:3: warning: incompatible implicit declaration of built-in function 'sprintf'
../Core/Src/main.c:29:1: note: include '<stdio.h>' or provide a declaration of 'sprintf'
   28 | #include "fileBuff.h"
  +++ |+#include <stdio.h>
   29 | /* USER CODE END Includes */
../Core/Src/main.c: In function 'display_success':
../Core/Src/main.c:84:3: warning: incompatible implicit declaration of built-in function 'sprintf'
   84 |   sprintf(buff, "%d %s", num, msg);
      |   ^~~~~~~
../Core/Src/main.c:84:3: note: include '<stdio.h>' or provide a declaration of 'sprintf'
../Core/Src/main.c: In function 'main':
../Core/Src/main.c:168:5: warning: incompatible implicit declaration of built-in function 'sprintf'
  168 |     sprintf(buff, "%d no more :(", res);
      |     ^~~~~~~
../Core/Src/main.c:168:5: note: include '<stdio.h>' or provide a declaration of 'sprintf'
../Core/Src/main.c:191:5: warning: incompatible implicit declaration of built-in function 'sprintf'
  191 |     sprintf(buff, "hertz: %d", header->sampleFreq);
      |     ^~~~~~~
../Core/Src/main.c:191:5: note: include '<stdio.h>' or provide a declaration of 'sprintf'
../Core/Src/main.c:191:28: warning: format '%d' expects argument of type 'int', but argument 3 has type 'uint32_t' {aka 'long unsigned int'} [-Wformat=]
  191 |     sprintf(buff, "hertz: %d", header->sampleFreq);
      |                           ~^   ~~~~~~~~~~~~~~~~~~
      |                            |         |
      |                            int       uint32_t {aka long unsigned int}
      |                           %ld
../Core/Src/main.c:197:27: warning: format '%d' expects argument of type 'int', but argument 3 has type 'uint32_t' {aka 'long unsigned int'} [-Wformat=]
  197 |     sprintf(buff, "data: %d", header->dataChunkLength);
      |                          ~^   ~~~~~~~~~~~~~~~~~~~~~~~
      |                           |         |
      |                           int       uint32_t {aka long unsigned int}
      |                          %ld
../Core/Src/main.c:219:55: error: request for member 'sampleFile' in something not a structure or union
  219 |       sprintf(buff, "read: %d, write: %d, isEmpty: %d". sampleFile.currReading, sampleFile.currWriting, sampleFile.isEmpty);
      |                                                       ^
../Core/Src/main.c:219:116: error: 'FileStruct' has no member named 'isEmpty'; did you mean 'fileEmpty'?
  219 |       sprintf(buff, "read: %d, write: %d, isEmpty: %d". sampleFile.currReading, sampleFile.currWriting, sampleFile.isEmpty);
      |                                                                                                                    ^~~~~~~
      |                                                                                                                    fileEmpty
../Core/Src/main.c:261:11: warning: unused variable 'sample_sum' [-Wunused-variable]
  261 |   int16_t sample_sum = 0;
      |           ^~~~~~~~~~
make: *** [Core/Src/subdir.mk:37: Core/Src/main.o] Error 1
"make -j16 all" terminated with exit code 2. Build might be incomplete.
04:20:47 **** Incremental Build of configuration Debug for project AUDIO ****
make -j16 all 
arm-none-eabi-gcc "../Core/Src/main.c" -mcpu=cortex-m3 -std=gnu11 -g3 -DDEBUG -DUSE_HAL_DRIVER -DSTM32F103xE -c -I../Core/Inc -I../Drivers/STM32F1xx_HAL_Driver/Inc/Legacy -I../Drivers/STM32F1xx_HAL_Driver/Inc -I../Drivers/CMSIS/Device/ST/STM32F1xx/Include -I../Drivers/CMSIS/Include -I../FATFS/Target -I../FATFS/App -I../Middlewares/Third_Party/FatFs/src -I../Middlewares/Third_Party/FatFs/src/drivers -O0 -ffunction-sections -fdata-sections -Wall -fstack-usage -MMD -MP -MF"Core/Src/main.d" -MT"Core/Src/main.o" --specs=nano.specs -mfloat-abi=soft -mthumb -o "Core/Src/main.o"
In file included from ../Core/Src/main.c:28:
../Core/Inc/fileBuff.h: In function 'initFileHeader':
../Core/Inc/fileBuff.h:71:80: warning: pointer targets in passing argument 4 of 'f_read' differ in signedness [-Wpointer-sign]
   71 |  return f_read(&(fileStruct->file), &(fileStruct->header), sizeof(WAV_HEADER), &bytes_read);
      |                                                                                ^~~~~~~~~~~
      |                                                                                |
      |                                                                                int *
In file included from ../FATFS/App/fatfs.h:26,
                 from ../Core/Src/main.c:21:
../Middlewares/Third_Party/FatFs/src/ff.h:228:54: note: expected 'UINT *' {aka 'unsigned int *'} but argument is of type 'int *'
  228 | FRESULT f_read (FIL* fp, void* buff, UINT btr, UINT* br);   /* Read data from a file */
      |                                                ~~~~~~^~
In file included from ../Core/Src/main.c:28:
../Core/Inc/fileBuff.h: In function 'readFile':
../Core/Inc/fileBuff.h:79:84: warning: passing argument 4 of 'f_read' from incompatible pointer type [-Wincompatible-pointer-types]
   79 |   FRESULT res = f_read(&(f->file), f->structs[f->currWriting].data.raw, BUFF_SIZE, &(f->structs[f->currWriting].buffSize));
      |                                                                                    ^~~~~~~~~~~~~~~~~~~~~~~~~~~~~~~~~~~~~~
      |                                                                                    |
      |                                                                                    uint16_t * {aka short unsigned int *}
In file included from ../FATFS/App/fatfs.h:26,
                 from ../Core/Src/main.c:21:
../Middlewares/Third_Party/FatFs/src/ff.h:228:54: note: expected 'UINT *' {aka 'unsigned int *'} but argument is of type 'uint16_t *' {aka 'short unsigned int *'}
  228 | FRESULT f_read (FIL* fp, void* buff, UINT btr, UINT* br);   /* Read data from a file */
      |                                                ~~~~~~^~
../Core/Src/main.c: In function 'error_handler':
../Core/Src/main.c:78:3: warning: implicit declaration of function 'sprintf' [-Wimplicit-function-declaration]
   78 |   sprintf(buff, "%d %s", res, msg);
      |   ^~~~~~~
../Core/Src/main.c:78:3: warning: incompatible implicit declaration of built-in function 'sprintf'
../Core/Src/main.c:29:1: note: include '<stdio.h>' or provide a declaration of 'sprintf'
   28 | #include "fileBuff.h"
  +++ |+#include <stdio.h>
   29 | /* USER CODE END Includes */
../Core/Src/main.c: In function 'display_success':
../Core/Src/main.c:84:3: warning: incompatible implicit declaration of built-in function 'sprintf'
   84 |   sprintf(buff, "%d %s", num, msg);
      |   ^~~~~~~
../Core/Src/main.c:84:3: note: include '<stdio.h>' or provide a declaration of 'sprintf'
../Core/Src/main.c: In function 'main':
../Core/Src/main.c:168:5: warning: incompatible implicit declaration of built-in function 'sprintf'
  168 |     sprintf(buff, "%d no more :(", res);
      |     ^~~~~~~
../Core/Src/main.c:168:5: note: include '<stdio.h>' or provide a declaration of 'sprintf'
../Core/Src/main.c:191:5: warning: incompatible implicit declaration of built-in function 'sprintf'
  191 |     sprintf(buff, "hertz: %d", header->sampleFreq);
      |     ^~~~~~~
../Core/Src/main.c:191:5: note: include '<stdio.h>' or provide a declaration of 'sprintf'
../Core/Src/main.c:191:28: warning: format '%d' expects argument of type 'int', but argument 3 has type 'uint32_t' {aka 'long unsigned int'} [-Wformat=]
  191 |     sprintf(buff, "hertz: %d", header->sampleFreq);
      |                           ~^   ~~~~~~~~~~~~~~~~~~
      |                            |         |
      |                            int       uint32_t {aka long unsigned int}
      |                           %ld
../Core/Src/main.c:197:27: warning: format '%d' expects argument of type 'int', but argument 3 has type 'uint32_t' {aka 'long unsigned int'} [-Wformat=]
  197 |     sprintf(buff, "data: %d", header->dataChunkLength);
      |                          ~^   ~~~~~~~~~~~~~~~~~~~~~~~
      |                           |         |
      |                           int       uint32_t {aka long unsigned int}
      |                          %ld
../Core/Src/main.c:219:55: error: request for member 'sampleFile' in something not a structure or union
  219 |       sprintf(buff, "read: %d, write: %d, isEmpty: %d". sampleFile.currReading, sampleFile.currWriting, sampleFile.fileEmpty);
      |                                                       ^
../Core/Src/main.c:261:11: warning: unused variable 'sample_sum' [-Wunused-variable]
  261 |   int16_t sample_sum = 0;
      |           ^~~~~~~~~~
make: *** [Core/Src/subdir.mk:37: Core/Src/main.o] Error 1
"make -j16 all" terminated with exit code 2. Build might be incomplete.
04:21:19 **** Incremental Build of configuration Debug for project AUDIO ****
make -j16 all 
arm-none-eabi-gcc "../Core/Src/main.c" -mcpu=cortex-m3 -std=gnu11 -g3 -DDEBUG -DUSE_HAL_DRIVER -DSTM32F103xE -c -I../Core/Inc -I../Drivers/STM32F1xx_HAL_Driver/Inc/Legacy -I../Drivers/STM32F1xx_HAL_Driver/Inc -I../Drivers/CMSIS/Device/ST/STM32F1xx/Include -I../Drivers/CMSIS/Include -I../FATFS/Target -I../FATFS/App -I../Middlewares/Third_Party/FatFs/src -I../Middlewares/Third_Party/FatFs/src/drivers -O0 -ffunction-sections -fdata-sections -Wall -fstack-usage -MMD -MP -MF"Core/Src/main.d" -MT"Core/Src/main.o" --specs=nano.specs -mfloat-abi=soft -mthumb -o "Core/Src/main.o"
In file included from ../Core/Src/main.c:28:
../Core/Inc/fileBuff.h: In function 'initFileHeader':
../Core/Inc/fileBuff.h:71:80: warning: pointer targets in passing argument 4 of 'f_read' differ in signedness [-Wpointer-sign]
   71 |  return f_read(&(fileStruct->file), &(fileStruct->header), sizeof(WAV_HEADER), &bytes_read);
      |                                                                                ^~~~~~~~~~~
      |                                                                                |
      |                                                                                int *
In file included from ../FATFS/App/fatfs.h:26,
                 from ../Core/Src/main.c:21:
../Middlewares/Third_Party/FatFs/src/ff.h:228:54: note: expected 'UINT *' {aka 'unsigned int *'} but argument is of type 'int *'
  228 | FRESULT f_read (FIL* fp, void* buff, UINT btr, UINT* br);   /* Read data from a file */
      |                                                ~~~~~~^~
In file included from ../Core/Src/main.c:28:
../Core/Inc/fileBuff.h: In function 'readFile':
../Core/Inc/fileBuff.h:79:84: warning: passing argument 4 of 'f_read' from incompatible pointer type [-Wincompatible-pointer-types]
   79 |   FRESULT res = f_read(&(f->file), f->structs[f->currWriting].data.raw, BUFF_SIZE, &(f->structs[f->currWriting].buffSize));
      |                                                                                    ^~~~~~~~~~~~~~~~~~~~~~~~~~~~~~~~~~~~~~
      |                                                                                    |
      |                                                                                    uint16_t * {aka short unsigned int *}
In file included from ../FATFS/App/fatfs.h:26,
                 from ../Core/Src/main.c:21:
../Middlewares/Third_Party/FatFs/src/ff.h:228:54: note: expected 'UINT *' {aka 'unsigned int *'} but argument is of type 'uint16_t *' {aka 'short unsigned int *'}
  228 | FRESULT f_read (FIL* fp, void* buff, UINT btr, UINT* br);   /* Read data from a file */
      |                                                ~~~~~~^~
../Core/Src/main.c: In function 'error_handler':
../Core/Src/main.c:78:3: warning: implicit declaration of function 'sprintf' [-Wimplicit-function-declaration]
   78 |   sprintf(buff, "%d %s", res, msg);
      |   ^~~~~~~
../Core/Src/main.c:78:3: warning: incompatible implicit declaration of built-in function 'sprintf'
../Core/Src/main.c:29:1: note: include '<stdio.h>' or provide a declaration of 'sprintf'
   28 | #include "fileBuff.h"
  +++ |+#include <stdio.h>
   29 | /* USER CODE END Includes */
../Core/Src/main.c: In function 'display_success':
../Core/Src/main.c:84:3: warning: incompatible implicit declaration of built-in function 'sprintf'
   84 |   sprintf(buff, "%d %s", num, msg);
      |   ^~~~~~~
../Core/Src/main.c:84:3: note: include '<stdio.h>' or provide a declaration of 'sprintf'
../Core/Src/main.c: In function 'main':
../Core/Src/main.c:168:5: warning: incompatible implicit declaration of built-in function 'sprintf'
  168 |     sprintf(buff, "%d no more :(", res);
      |     ^~~~~~~
../Core/Src/main.c:168:5: note: include '<stdio.h>' or provide a declaration of 'sprintf'
../Core/Src/main.c:191:5: warning: incompatible implicit declaration of built-in function 'sprintf'
  191 |     sprintf(buff, "hertz: %d", header->sampleFreq);
      |     ^~~~~~~
../Core/Src/main.c:191:5: note: include '<stdio.h>' or provide a declaration of 'sprintf'
../Core/Src/main.c:191:28: warning: format '%d' expects argument of type 'int', but argument 3 has type 'uint32_t' {aka 'long unsigned int'} [-Wformat=]
  191 |     sprintf(buff, "hertz: %d", header->sampleFreq);
      |                           ~^   ~~~~~~~~~~~~~~~~~~
      |                            |         |
      |                            int       uint32_t {aka long unsigned int}
      |                           %ld
../Core/Src/main.c:197:27: warning: format '%d' expects argument of type 'int', but argument 3 has type 'uint32_t' {aka 'long unsigned int'} [-Wformat=]
  197 |     sprintf(buff, "data: %d", header->dataChunkLength);
      |                          ~^   ~~~~~~~~~~~~~~~~~~~~~~~
      |                           |         |
      |                           int       uint32_t {aka long unsigned int}
      |                          %ld
../Core/Src/main.c:219:55: error: request for member 'sampleFile' in something not a structure or union
  219 |       sprintf(buff, "read: %d, write: %d, isEmpty: %d". sampleFile.currReading, sampleFile.currWriting, sampleFile.fileEmpty);
      |                                                       ^
../Core/Src/main.c:261:11: warning: unused variable 'sample_sum' [-Wunused-variable]
  261 |   int16_t sample_sum = 0;
      |           ^~~~~~~~~~
make: *** [Core/Src/subdir.mk:37: Core/Src/main.o] Error 1
"make -j16 all" terminated with exit code 2. Build might be incomplete.
04:22:02 **** Incremental Build of configuration Debug for project AUDIO ****
make -j16 all 
arm-none-eabi-gcc "../Core/Src/main.c" -mcpu=cortex-m3 -std=gnu11 -g3 -DDEBUG -DUSE_HAL_DRIVER -DSTM32F103xE -c -I../Core/Inc -I../Drivers/STM32F1xx_HAL_Driver/Inc/Legacy -I../Drivers/STM32F1xx_HAL_Driver/Inc -I../Drivers/CMSIS/Device/ST/STM32F1xx/Include -I../Drivers/CMSIS/Include -I../FATFS/Target -I../FATFS/App -I../Middlewares/Third_Party/FatFs/src -I../Middlewares/Third_Party/FatFs/src/drivers -O0 -ffunction-sections -fdata-sections -Wall -fstack-usage -MMD -MP -MF"Core/Src/main.d" -MT"Core/Src/main.o" --specs=nano.specs -mfloat-abi=soft -mthumb -o "Core/Src/main.o"
In file included from ../Core/Src/main.c:28:
../Core/Inc/fileBuff.h: In function 'initFileHeader':
../Core/Inc/fileBuff.h:71:80: warning: pointer targets in passing argument 4 of 'f_read' differ in signedness [-Wpointer-sign]
   71 |  return f_read(&(fileStruct->file), &(fileStruct->header), sizeof(WAV_HEADER), &bytes_read);
      |                                                                                ^~~~~~~~~~~
      |                                                                                |
      |                                                                                int *
In file included from ../FATFS/App/fatfs.h:26,
                 from ../Core/Src/main.c:21:
../Middlewares/Third_Party/FatFs/src/ff.h:228:54: note: expected 'UINT *' {aka 'unsigned int *'} but argument is of type 'int *'
  228 | FRESULT f_read (FIL* fp, void* buff, UINT btr, UINT* br);   /* Read data from a file */
      |                                                ~~~~~~^~
In file included from ../Core/Src/main.c:28:
../Core/Inc/fileBuff.h: In function 'readFile':
../Core/Inc/fileBuff.h:79:84: warning: passing argument 4 of 'f_read' from incompatible pointer type [-Wincompatible-pointer-types]
   79 |   FRESULT res = f_read(&(f->file), f->structs[f->currWriting].data.raw, BUFF_SIZE, &(f->structs[f->currWriting].buffSize));
      |                                                                                    ^~~~~~~~~~~~~~~~~~~~~~~~~~~~~~~~~~~~~~
      |                                                                                    |
      |                                                                                    uint16_t * {aka short unsigned int *}
In file included from ../FATFS/App/fatfs.h:26,
                 from ../Core/Src/main.c:21:
../Middlewares/Third_Party/FatFs/src/ff.h:228:54: note: expected 'UINT *' {aka 'unsigned int *'} but argument is of type 'uint16_t *' {aka 'short unsigned int *'}
  228 | FRESULT f_read (FIL* fp, void* buff, UINT btr, UINT* br);   /* Read data from a file */
      |                                                ~~~~~~^~
../Core/Src/main.c: In function 'error_handler':
../Core/Src/main.c:78:3: warning: implicit declaration of function 'sprintf' [-Wimplicit-function-declaration]
   78 |   sprintf(buff, "%d %s", res, msg);
      |   ^~~~~~~
../Core/Src/main.c:78:3: warning: incompatible implicit declaration of built-in function 'sprintf'
../Core/Src/main.c:29:1: note: include '<stdio.h>' or provide a declaration of 'sprintf'
   28 | #include "fileBuff.h"
  +++ |+#include <stdio.h>
   29 | /* USER CODE END Includes */
../Core/Src/main.c: In function 'display_success':
../Core/Src/main.c:84:3: warning: incompatible implicit declaration of built-in function 'sprintf'
   84 |   sprintf(buff, "%d %s", num, msg);
      |   ^~~~~~~
../Core/Src/main.c:84:3: note: include '<stdio.h>' or provide a declaration of 'sprintf'
../Core/Src/main.c: In function 'main':
../Core/Src/main.c:168:5: warning: incompatible implicit declaration of built-in function 'sprintf'
  168 |     sprintf(buff, "%d no more :(", res);
      |     ^~~~~~~
../Core/Src/main.c:168:5: note: include '<stdio.h>' or provide a declaration of 'sprintf'
../Core/Src/main.c:191:5: warning: incompatible implicit declaration of built-in function 'sprintf'
  191 |     sprintf(buff, "hertz: %d", header->sampleFreq);
      |     ^~~~~~~
../Core/Src/main.c:191:5: note: include '<stdio.h>' or provide a declaration of 'sprintf'
../Core/Src/main.c:191:28: warning: format '%d' expects argument of type 'int', but argument 3 has type 'uint32_t' {aka 'long unsigned int'} [-Wformat=]
  191 |     sprintf(buff, "hertz: %d", header->sampleFreq);
      |                           ~^   ~~~~~~~~~~~~~~~~~~
      |                            |         |
      |                            int       uint32_t {aka long unsigned int}
      |                           %ld
../Core/Src/main.c:197:27: warning: format '%d' expects argument of type 'int', but argument 3 has type 'uint32_t' {aka 'long unsigned int'} [-Wformat=]
  197 |     sprintf(buff, "data: %d", header->dataChunkLength);
      |                          ~^   ~~~~~~~~~~~~~~~~~~~~~~~
      |                           |         |
      |                           int       uint32_t {aka long unsigned int}
      |                          %ld
../Core/Src/main.c:261:11: warning: unused variable 'sample_sum' [-Wunused-variable]
  261 |   int16_t sample_sum = 0;
      |           ^~~~~~~~~~
arm-none-eabi-gcc -o "AUDIO.elf" @"objects.list"   -mcpu=cortex-m3 -T"C:\Users\pinkp\Documents\GitHub\ELEC3300-Project\AUDIO\STM32F103VETX_FLASH.ld" --specs=nosys.specs -Wl,-Map="AUDIO.map" -Wl,--gc-sections -static --specs=nano.specs -mfloat-abi=soft -mthumb -Wl,--start-group -lc -lm -Wl,--end-group
Finished building target: AUDIO.elf
 
arm-none-eabi-size   AUDIO.elf 
arm-none-eabi-objdump -h -S  AUDIO.elf  > "AUDIO.list"
   text	   data	    bss	    dec	    hex	filename
  40752	    124	   8332	  49208	   c038	AUDIO.elf
Finished building: default.size.stdout
 
Finished building: AUDIO.list
 
04:23:31 **** Incremental Build of configuration Debug for project AUDIO ****
make -j16 all 
arm-none-eabi-gcc "../Core/Src/main.c" -mcpu=cortex-m3 -std=gnu11 -g3 -DDEBUG -DUSE_HAL_DRIVER -DSTM32F103xE -c -I../Core/Inc -I../Drivers/STM32F1xx_HAL_Driver/Inc/Legacy -I../Drivers/STM32F1xx_HAL_Driver/Inc -I../Drivers/CMSIS/Device/ST/STM32F1xx/Include -I../Drivers/CMSIS/Include -I../FATFS/Target -I../FATFS/App -I../Middlewares/Third_Party/FatFs/src -I../Middlewares/Third_Party/FatFs/src/drivers -O0 -ffunction-sections -fdata-sections -Wall -fstack-usage -MMD -MP -MF"Core/Src/main.d" -MT"Core/Src/main.o" --specs=nano.specs -mfloat-abi=soft -mthumb -o "Core/Src/main.o"
In file included from ../Core/Src/main.c:28:
../Core/Inc/fileBuff.h: In function 'initFileHeader':
../Core/Inc/fileBuff.h:71:80: warning: pointer targets in passing argument 4 of 'f_read' differ in signedness [-Wpointer-sign]
   71 |  return f_read(&(fileStruct->file), &(fileStruct->header), sizeof(WAV_HEADER), &bytes_read);
      |                                                                                ^~~~~~~~~~~
      |                                                                                |
      |                                                                                int *
In file included from ../FATFS/App/fatfs.h:26,
                 from ../Core/Src/main.c:21:
../Middlewares/Third_Party/FatFs/src/ff.h:228:54: note: expected 'UINT *' {aka 'unsigned int *'} but argument is of type 'int *'
  228 | FRESULT f_read (FIL* fp, void* buff, UINT btr, UINT* br);   /* Read data from a file */
      |                                                ~~~~~~^~
In file included from ../Core/Src/main.c:28:
../Core/Inc/fileBuff.h: In function 'readFile':
../Core/Inc/fileBuff.h:79:84: warning: passing argument 4 of 'f_read' from incompatible pointer type [-Wincompatible-pointer-types]
   79 |   FRESULT res = f_read(&(f->file), f->structs[f->currWriting].data.raw, BUFF_SIZE, &(f->structs[f->currWriting].buffSize));
      |                                                                                    ^~~~~~~~~~~~~~~~~~~~~~~~~~~~~~~~~~~~~~
      |                                                                                    |
      |                                                                                    uint16_t * {aka short unsigned int *}
In file included from ../FATFS/App/fatfs.h:26,
                 from ../Core/Src/main.c:21:
../Middlewares/Third_Party/FatFs/src/ff.h:228:54: note: expected 'UINT *' {aka 'unsigned int *'} but argument is of type 'uint16_t *' {aka 'short unsigned int *'}
  228 | FRESULT f_read (FIL* fp, void* buff, UINT btr, UINT* br);   /* Read data from a file */
      |                                                ~~~~~~^~
../Core/Src/main.c: In function 'error_handler':
../Core/Src/main.c:78:3: warning: implicit declaration of function 'sprintf' [-Wimplicit-function-declaration]
   78 |   sprintf(buff, "%d %s", res, msg);
      |   ^~~~~~~
../Core/Src/main.c:78:3: warning: incompatible implicit declaration of built-in function 'sprintf'
../Core/Src/main.c:29:1: note: include '<stdio.h>' or provide a declaration of 'sprintf'
   28 | #include "fileBuff.h"
  +++ |+#include <stdio.h>
   29 | /* USER CODE END Includes */
../Core/Src/main.c: In function 'display_success':
../Core/Src/main.c:84:3: warning: incompatible implicit declaration of built-in function 'sprintf'
   84 |   sprintf(buff, "%d %s", num, msg);
      |   ^~~~~~~
../Core/Src/main.c:84:3: note: include '<stdio.h>' or provide a declaration of 'sprintf'
../Core/Src/main.c: In function 'main':
../Core/Src/main.c:168:5: warning: incompatible implicit declaration of built-in function 'sprintf'
  168 |     sprintf(buff, "%d no more :(", res);
      |     ^~~~~~~
../Core/Src/main.c:168:5: note: include '<stdio.h>' or provide a declaration of 'sprintf'
../Core/Src/main.c:191:5: warning: incompatible implicit declaration of built-in function 'sprintf'
  191 |     sprintf(buff, "hertz: %d", header->sampleFreq);
      |     ^~~~~~~
../Core/Src/main.c:191:5: note: include '<stdio.h>' or provide a declaration of 'sprintf'
../Core/Src/main.c:191:28: warning: format '%d' expects argument of type 'int', but argument 3 has type 'uint32_t' {aka 'long unsigned int'} [-Wformat=]
  191 |     sprintf(buff, "hertz: %d", header->sampleFreq);
      |                           ~^   ~~~~~~~~~~~~~~~~~~
      |                            |         |
      |                            int       uint32_t {aka long unsigned int}
      |                           %ld
../Core/Src/main.c:197:27: warning: format '%d' expects argument of type 'int', but argument 3 has type 'uint32_t' {aka 'long unsigned int'} [-Wformat=]
  197 |     sprintf(buff, "data: %d", header->dataChunkLength);
      |                          ~^   ~~~~~~~~~~~~~~~~~~~~~~~
      |                           |         |
      |                           int       uint32_t {aka long unsigned int}
      |                          %ld
../Core/Src/main.c:261:11: warning: unused variable 'sample_sum' [-Wunused-variable]
  261 |   int16_t sample_sum = 0;
      |           ^~~~~~~~~~
arm-none-eabi-gcc -o "AUDIO.elf" @"objects.list"   -mcpu=cortex-m3 -T"C:\Users\pinkp\Documents\GitHub\ELEC3300-Project\AUDIO\STM32F103VETX_FLASH.ld" --specs=nosys.specs -Wl,-Map="AUDIO.map" -Wl,--gc-sections -static --specs=nano.specs -mfloat-abi=soft -mthumb -Wl,--start-group -lc -lm -Wl,--end-group
Finished building target: AUDIO.elf
 
arm-none-eabi-size   AUDIO.elf 
arm-none-eabi-objdump -h -S  AUDIO.elf  > "AUDIO.list"
   text	   data	    bss	    dec	    hex	filename
  40720	    124	   8332	  49176	   c018	AUDIO.elf
Finished building: default.size.stdout
 
Finished building: AUDIO.list
 
04:26:19 **** Incremental Build of configuration Debug for project AUDIO ****
make -j16 all 
arm-none-eabi-gcc "../Core/Src/main.c" -mcpu=cortex-m3 -std=gnu11 -g3 -DDEBUG -DUSE_HAL_DRIVER -DSTM32F103xE -c -I../Core/Inc -I../Drivers/STM32F1xx_HAL_Driver/Inc/Legacy -I../Drivers/STM32F1xx_HAL_Driver/Inc -I../Drivers/CMSIS/Device/ST/STM32F1xx/Include -I../Drivers/CMSIS/Include -I../FATFS/Target -I../FATFS/App -I../Middlewares/Third_Party/FatFs/src -I../Middlewares/Third_Party/FatFs/src/drivers -O0 -ffunction-sections -fdata-sections -Wall -fstack-usage -MMD -MP -MF"Core/Src/main.d" -MT"Core/Src/main.o" --specs=nano.specs -mfloat-abi=soft -mthumb -o "Core/Src/main.o"
In file included from ../Core/Src/main.c:28:
../Core/Inc/fileBuff.h: In function 'initFileHeader':
../Core/Inc/fileBuff.h:71:80: warning: pointer targets in passing argument 4 of 'f_read' differ in signedness [-Wpointer-sign]
   71 |  return f_read(&(fileStruct->file), &(fileStruct->header), sizeof(WAV_HEADER), &bytes_read);
      |                                                                                ^~~~~~~~~~~
      |                                                                                |
      |                                                                                int *
In file included from ../FATFS/App/fatfs.h:26,
                 from ../Core/Src/main.c:21:
../Middlewares/Third_Party/FatFs/src/ff.h:228:54: note: expected 'UINT *' {aka 'unsigned int *'} but argument is of type 'int *'
  228 | FRESULT f_read (FIL* fp, void* buff, UINT btr, UINT* br);   /* Read data from a file */
      |                                                ~~~~~~^~
In file included from ../Core/Src/main.c:28:
../Core/Inc/fileBuff.h: In function 'readFile':
../Core/Inc/fileBuff.h:79:84: warning: passing argument 4 of 'f_read' from incompatible pointer type [-Wincompatible-pointer-types]
   79 |   FRESULT res = f_read(&(f->file), f->structs[f->currWriting].data.raw, BUFF_SIZE, &(f->structs[f->currWriting].buffSize));
      |                                                                                    ^~~~~~~~~~~~~~~~~~~~~~~~~~~~~~~~~~~~~~
      |                                                                                    |
      |                                                                                    uint16_t * {aka short unsigned int *}
In file included from ../FATFS/App/fatfs.h:26,
                 from ../Core/Src/main.c:21:
../Middlewares/Third_Party/FatFs/src/ff.h:228:54: note: expected 'UINT *' {aka 'unsigned int *'} but argument is of type 'uint16_t *' {aka 'short unsigned int *'}
  228 | FRESULT f_read (FIL* fp, void* buff, UINT btr, UINT* br);   /* Read data from a file */
      |                                                ~~~~~~^~
../Core/Src/main.c: In function 'error_handler':
../Core/Src/main.c:78:3: warning: implicit declaration of function 'sprintf' [-Wimplicit-function-declaration]
   78 |   sprintf(buff, "%d %s", res, msg);
      |   ^~~~~~~
../Core/Src/main.c:78:3: warning: incompatible implicit declaration of built-in function 'sprintf'
../Core/Src/main.c:29:1: note: include '<stdio.h>' or provide a declaration of 'sprintf'
   28 | #include "fileBuff.h"
  +++ |+#include <stdio.h>
   29 | /* USER CODE END Includes */
../Core/Src/main.c: In function 'display_success':
../Core/Src/main.c:84:3: warning: incompatible implicit declaration of built-in function 'sprintf'
   84 |   sprintf(buff, "%d %s", num, msg);
      |   ^~~~~~~
../Core/Src/main.c:84:3: note: include '<stdio.h>' or provide a declaration of 'sprintf'
../Core/Src/main.c: In function 'main':
../Core/Src/main.c:168:5: warning: incompatible implicit declaration of built-in function 'sprintf'
  168 |     sprintf(buff, "%d no more :(", res);
      |     ^~~~~~~
../Core/Src/main.c:168:5: note: include '<stdio.h>' or provide a declaration of 'sprintf'
../Core/Src/main.c:191:5: warning: incompatible implicit declaration of built-in function 'sprintf'
  191 |     sprintf(buff, "hertz: %d", header->sampleFreq);
      |     ^~~~~~~
../Core/Src/main.c:191:5: note: include '<stdio.h>' or provide a declaration of 'sprintf'
../Core/Src/main.c:191:28: warning: format '%d' expects argument of type 'int', but argument 3 has type 'uint32_t' {aka 'long unsigned int'} [-Wformat=]
  191 |     sprintf(buff, "hertz: %d", header->sampleFreq);
      |                           ~^   ~~~~~~~~~~~~~~~~~~
      |                            |         |
      |                            int       uint32_t {aka long unsigned int}
      |                           %ld
../Core/Src/main.c:197:27: warning: format '%d' expects argument of type 'int', but argument 3 has type 'uint32_t' {aka 'long unsigned int'} [-Wformat=]
  197 |     sprintf(buff, "data: %d", header->dataChunkLength);
      |                          ~^   ~~~~~~~~~~~~~~~~~~~~~~~
      |                           |         |
      |                           int       uint32_t {aka long unsigned int}
      |                          %ld
../Core/Src/main.c:261:11: warning: unused variable 'sample_sum' [-Wunused-variable]
  261 |   int16_t sample_sum = 0;
      |           ^~~~~~~~~~
arm-none-eabi-gcc -o "AUDIO.elf" @"objects.list"   -mcpu=cortex-m3 -T"C:\Users\pinkp\Documents\GitHub\ELEC3300-Project\AUDIO\STM32F103VETX_FLASH.ld" --specs=nosys.specs -Wl,-Map="AUDIO.map" -Wl,--gc-sections -static --specs=nano.specs -mfloat-abi=soft -mthumb -Wl,--start-group -lc -lm -Wl,--end-group
Finished building target: AUDIO.elf
 
arm-none-eabi-size   AUDIO.elf 
arm-none-eabi-objdump -h -S  AUDIO.elf  > "AUDIO.list"
   text	   data	    bss	    dec	    hex	filename
  40720	    124	   8332	  49176	   c018	AUDIO.elf
Finished building: default.size.stdout
 
Finished building: AUDIO.list
 
04:27:32 **** Incremental Build of configuration Debug for project AUDIO ****
make -j16 all 
arm-none-eabi-gcc "../Core/Src/main.c" -mcpu=cortex-m3 -std=gnu11 -g3 -DDEBUG -DUSE_HAL_DRIVER -DSTM32F103xE -c -I../Core/Inc -I../Drivers/STM32F1xx_HAL_Driver/Inc/Legacy -I../Drivers/STM32F1xx_HAL_Driver/Inc -I../Drivers/CMSIS/Device/ST/STM32F1xx/Include -I../Drivers/CMSIS/Include -I../FATFS/Target -I../FATFS/App -I../Middlewares/Third_Party/FatFs/src -I../Middlewares/Third_Party/FatFs/src/drivers -O0 -ffunction-sections -fdata-sections -Wall -fstack-usage -MMD -MP -MF"Core/Src/main.d" -MT"Core/Src/main.o" --specs=nano.specs -mfloat-abi=soft -mthumb -o "Core/Src/main.o"
In file included from ../Core/Src/main.c:28:
../Core/Inc/fileBuff.h: In function 'initFileHeader':
../Core/Inc/fileBuff.h:71:80: warning: pointer targets in passing argument 4 of 'f_read' differ in signedness [-Wpointer-sign]
   71 |  return f_read(&(fileStruct->file), &(fileStruct->header), sizeof(WAV_HEADER), &bytes_read);
      |                                                                                ^~~~~~~~~~~
      |                                                                                |
      |                                                                                int *
In file included from ../FATFS/App/fatfs.h:26,
                 from ../Core/Src/main.c:21:
../Middlewares/Third_Party/FatFs/src/ff.h:228:54: note: expected 'UINT *' {aka 'unsigned int *'} but argument is of type 'int *'
  228 | FRESULT f_read (FIL* fp, void* buff, UINT btr, UINT* br);   /* Read data from a file */
      |                                                ~~~~~~^~
In file included from ../Core/Src/main.c:28:
../Core/Inc/fileBuff.h: In function 'readFile':
../Core/Inc/fileBuff.h:79:84: warning: passing argument 4 of 'f_read' from incompatible pointer type [-Wincompatible-pointer-types]
   79 |   FRESULT res = f_read(&(f->file), f->structs[f->currWriting].data.raw, BUFF_SIZE, &(f->structs[f->currWriting].buffSize));
      |                                                                                    ^~~~~~~~~~~~~~~~~~~~~~~~~~~~~~~~~~~~~~
      |                                                                                    |
      |                                                                                    uint16_t * {aka short unsigned int *}
In file included from ../FATFS/App/fatfs.h:26,
                 from ../Core/Src/main.c:21:
../Middlewares/Third_Party/FatFs/src/ff.h:228:54: note: expected 'UINT *' {aka 'unsigned int *'} but argument is of type 'uint16_t *' {aka 'short unsigned int *'}
  228 | FRESULT f_read (FIL* fp, void* buff, UINT btr, UINT* br);   /* Read data from a file */
      |                                                ~~~~~~^~
../Core/Src/main.c: In function 'error_handler':
../Core/Src/main.c:78:3: warning: implicit declaration of function 'sprintf' [-Wimplicit-function-declaration]
   78 |   sprintf(buff, "%d %s", res, msg);
      |   ^~~~~~~
../Core/Src/main.c:78:3: warning: incompatible implicit declaration of built-in function 'sprintf'
../Core/Src/main.c:29:1: note: include '<stdio.h>' or provide a declaration of 'sprintf'
   28 | #include "fileBuff.h"
  +++ |+#include <stdio.h>
   29 | /* USER CODE END Includes */
../Core/Src/main.c: In function 'display_success':
../Core/Src/main.c:84:3: warning: incompatible implicit declaration of built-in function 'sprintf'
   84 |   sprintf(buff, "%d %s", num, msg);
      |   ^~~~~~~
../Core/Src/main.c:84:3: note: include '<stdio.h>' or provide a declaration of 'sprintf'
../Core/Src/main.c: In function 'main':
../Core/Src/main.c:168:5: warning: incompatible implicit declaration of built-in function 'sprintf'
  168 |     sprintf(buff, "%d no more :(", res);
      |     ^~~~~~~
../Core/Src/main.c:168:5: note: include '<stdio.h>' or provide a declaration of 'sprintf'
../Core/Src/main.c:191:5: warning: incompatible implicit declaration of built-in function 'sprintf'
  191 |     sprintf(buff, "hertz: %d", header->sampleFreq);
      |     ^~~~~~~
../Core/Src/main.c:191:5: note: include '<stdio.h>' or provide a declaration of 'sprintf'
../Core/Src/main.c:191:28: warning: format '%d' expects argument of type 'int', but argument 3 has type 'uint32_t' {aka 'long unsigned int'} [-Wformat=]
  191 |     sprintf(buff, "hertz: %d", header->sampleFreq);
      |                           ~^   ~~~~~~~~~~~~~~~~~~
      |                            |         |
      |                            int       uint32_t {aka long unsigned int}
      |                           %ld
../Core/Src/main.c:197:27: warning: format '%d' expects argument of type 'int', but argument 3 has type 'uint32_t' {aka 'long unsigned int'} [-Wformat=]
  197 |     sprintf(buff, "data: %d", header->dataChunkLength);
      |                          ~^   ~~~~~~~~~~~~~~~~~~~~~~~
      |                           |         |
      |                           int       uint32_t {aka long unsigned int}
      |                          %ld
../Core/Src/main.c:261:11: warning: unused variable 'sample_sum' [-Wunused-variable]
  261 |   int16_t sample_sum = 0;
      |           ^~~~~~~~~~
In file included from ../Core/Src/main.c:28:
../Core/Inc/fileBuff.h: In function 'readSample':
../Core/Inc/fileBuff.h:103:1: warning: control reaches end of non-void function [-Wreturn-type]
  103 | }
      | ^
arm-none-eabi-gcc -o "AUDIO.elf" @"objects.list"   -mcpu=cortex-m3 -T"C:\Users\pinkp\Documents\GitHub\ELEC3300-Project\AUDIO\STM32F103VETX_FLASH.ld" --specs=nosys.specs -Wl,-Map="AUDIO.map" -Wl,--gc-sections -static --specs=nano.specs -mfloat-abi=soft -mthumb -Wl,--start-group -lc -lm -Wl,--end-group
Finished building target: AUDIO.elf
 
arm-none-eabi-size   AUDIO.elf 
arm-none-eabi-objdump -h -S  AUDIO.elf  > "AUDIO.list"
   text	   data	    bss	    dec	    hex	filename
  41224	    120	   8336	  49680	   c210	AUDIO.elf
Finished building: default.size.stdout
 
Finished building: AUDIO.list
 
14:38:02 **** Incremental Build of configuration Debug for project AUDIO ****
make -j16 all 
arm-none-eabi-gcc "../Core/Src/main.c" -mcpu=cortex-m3 -std=gnu11 -g3 -DDEBUG -DUSE_HAL_DRIVER -DSTM32F103xE -c -I../Core/Inc -I../Drivers/STM32F1xx_HAL_Driver/Inc/Legacy -I../Drivers/STM32F1xx_HAL_Driver/Inc -I../Drivers/CMSIS/Device/ST/STM32F1xx/Include -I../Drivers/CMSIS/Include -I../FATFS/Target -I../FATFS/App -I../Middlewares/Third_Party/FatFs/src -I../Middlewares/Third_Party/FatFs/src/drivers -O0 -ffunction-sections -fdata-sections -Wall -fstack-usage -MMD -MP -MF"Core/Src/main.d" -MT"Core/Src/main.o" --specs=nano.specs -mfloat-abi=soft -mthumb -o "Core/Src/main.o"
In file included from ../Core/Src/main.c:28:
../Core/Inc/fileBuff.h: In function 'initFileHeader':
../Core/Inc/fileBuff.h:71:80: warning: pointer targets in passing argument 4 of 'f_read' differ in signedness [-Wpointer-sign]
   71 |  return f_read(&(fileStruct->file), &(fileStruct->header), sizeof(WAV_HEADER), &bytes_read);
      |                                                                                ^~~~~~~~~~~
      |                                                                                |
      |                                                                                int *
In file included from ../FATFS/App/fatfs.h:26,
                 from ../Core/Src/main.c:21:
../Middlewares/Third_Party/FatFs/src/ff.h:228:54: note: expected 'UINT *' {aka 'unsigned int *'} but argument is of type 'int *'
  228 | FRESULT f_read (FIL* fp, void* buff, UINT btr, UINT* br);   /* Read data from a file */
      |                                                ~~~~~~^~
In file included from ../Core/Src/main.c:28:
../Core/Inc/fileBuff.h: In function 'readFile':
../Core/Inc/fileBuff.h:79:84: warning: passing argument 4 of 'f_read' from incompatible pointer type [-Wincompatible-pointer-types]
   79 |   FRESULT res = f_read(&(f->file), f->structs[f->currWriting].data.raw, BUFF_SIZE, &(f->structs[f->currWriting].buffSize));
      |                                                                                    ^~~~~~~~~~~~~~~~~~~~~~~~~~~~~~~~~~~~~~
      |                                                                                    |
      |                                                                                    uint16_t * {aka short unsigned int *}
In file included from ../FATFS/App/fatfs.h:26,
                 from ../Core/Src/main.c:21:
../Middlewares/Third_Party/FatFs/src/ff.h:228:54: note: expected 'UINT *' {aka 'unsigned int *'} but argument is of type 'uint16_t *' {aka 'short unsigned int *'}
  228 | FRESULT f_read (FIL* fp, void* buff, UINT btr, UINT* br);   /* Read data from a file */
      |                                                ~~~~~~^~
../Core/Src/main.c: In function 'error_handler':
../Core/Src/main.c:78:3: warning: implicit declaration of function 'sprintf' [-Wimplicit-function-declaration]
   78 |   sprintf(buff, "%d %s", res, msg);
      |   ^~~~~~~
../Core/Src/main.c:78:3: warning: incompatible implicit declaration of built-in function 'sprintf'
../Core/Src/main.c:29:1: note: include '<stdio.h>' or provide a declaration of 'sprintf'
   28 | #include "fileBuff.h"
  +++ |+#include <stdio.h>
   29 | /* USER CODE END Includes */
../Core/Src/main.c: In function 'display_success':
../Core/Src/main.c:84:3: warning: incompatible implicit declaration of built-in function 'sprintf'
   84 |   sprintf(buff, "%d %s", num, msg);
      |   ^~~~~~~
../Core/Src/main.c:84:3: note: include '<stdio.h>' or provide a declaration of 'sprintf'
../Core/Src/main.c: In function 'main':
../Core/Src/main.c:168:5: warning: incompatible implicit declaration of built-in function 'sprintf'
  168 |     sprintf(buff, "%d no more :(", res);
      |     ^~~~~~~
../Core/Src/main.c:168:5: note: include '<stdio.h>' or provide a declaration of 'sprintf'
../Core/Src/main.c:192:5: warning: incompatible implicit declaration of built-in function 'sprintf'
  192 |     sprintf(buff, "hertz: %d", header->sampleFreq);
      |     ^~~~~~~
../Core/Src/main.c:192:5: note: include '<stdio.h>' or provide a declaration of 'sprintf'
../Core/Src/main.c:192:28: warning: format '%d' expects argument of type 'int', but argument 3 has type 'uint32_t' {aka 'long unsigned int'} [-Wformat=]
  192 |     sprintf(buff, "hertz: %d", header->sampleFreq);
      |                           ~^   ~~~~~~~~~~~~~~~~~~
      |                            |         |
      |                            int       uint32_t {aka long unsigned int}
      |                           %ld
../Core/Src/main.c:198:27: warning: format '%d' expects argument of type 'int', but argument 3 has type 'uint32_t' {aka 'long unsigned int'} [-Wformat=]
  198 |     sprintf(buff, "data: %d", header->dataChunkLength);
      |                          ~^   ~~~~~~~~~~~~~~~~~~~~~~~
      |                           |         |
      |                           int       uint32_t {aka long unsigned int}
      |                          %ld
../Core/Src/main.c:264:11: warning: unused variable 'sample_sum' [-Wunused-variable]
  264 |   int16_t sample_sum = 0;
      |           ^~~~~~~~~~
In file included from ../Core/Src/main.c:28:
../Core/Inc/fileBuff.h: In function 'readSample':
../Core/Inc/fileBuff.h:103:1: warning: control reaches end of non-void function [-Wreturn-type]
  103 | }
      | ^
arm-none-eabi-gcc -o "AUDIO.elf" @"objects.list"   -mcpu=cortex-m3 -T"C:\Users\pinkp\Documents\GitHub\ELEC3300-Project\AUDIO\STM32F103VETX_FLASH.ld" --specs=nosys.specs -Wl,-Map="AUDIO.map" -Wl,--gc-sections -static --specs=nano.specs -mfloat-abi=soft -mthumb -Wl,--start-group -lc -lm -Wl,--end-group
Finished building target: AUDIO.elf
 
arm-none-eabi-size   AUDIO.elf 
arm-none-eabi-objdump -h -S  AUDIO.elf  > "AUDIO.list"
   text	   data	    bss	    dec	    hex	filename
  41232	    120	   8336	  49688	   c218	AUDIO.elf
Finished building: default.size.stdout
 
Finished building: AUDIO.list
 
14:45:23 **** Incremental Build of configuration Debug for project AUDIO ****
make -j16 all 
arm-none-eabi-gcc "../Middlewares/Third_Party/FatFs/src/option/syscall.c" -mcpu=cortex-m3 -std=gnu11 -g3 -DDEBUG -DUSE_HAL_DRIVER -DSTM32F103xE -c -I../Core/Inc -I../Drivers/STM32F1xx_HAL_Driver/Inc/Legacy -I../Drivers/STM32F1xx_HAL_Driver/Inc -I../Drivers/CMSIS/Device/ST/STM32F1xx/Include -I../Drivers/CMSIS/Include -I../FATFS/Target -I../FATFS/App -I../Middlewares/Third_Party/FatFs/src -I../Middlewares/Third_Party/FatFs/src/drivers -O0 -ffunction-sections -fdata-sections -Wall -fstack-usage -MMD -MP -MF"Middlewares/Third_Party/FatFs/src/option/syscall.d" -MT"Middlewares/Third_Party/FatFs/src/option/syscall.o" --specs=nano.specs -mfloat-abi=soft -mthumb -o "Middlewares/Third_Party/FatFs/src/option/syscall.o"
arm-none-eabi-gcc "../Middlewares/Third_Party/FatFs/src/drivers/sd_diskio.c" -mcpu=cortex-m3 -std=gnu11 -g3 -DDEBUG -DUSE_HAL_DRIVER -DSTM32F103xE -c -I../Core/Inc -I../Drivers/STM32F1xx_HAL_Driver/Inc/Legacy -I../Drivers/STM32F1xx_HAL_Driver/Inc -I../Drivers/CMSIS/Device/ST/STM32F1xx/Include -I../Drivers/CMSIS/Include -I../FATFS/Target -I../FATFS/App -I../Middlewares/Third_Party/FatFs/src -I../Middlewares/Third_Party/FatFs/src/drivers -O0 -ffunction-sections -fdata-sections -Wall -fstack-usage -MMD -MP -MF"Middlewares/Third_Party/FatFs/src/drivers/sd_diskio.d" -MT"Middlewares/Third_Party/FatFs/src/drivers/sd_diskio.o" --specs=nano.specs -mfloat-abi=soft -mthumb -o "Middlewares/Third_Party/FatFs/src/drivers/sd_diskio.o"
arm-none-eabi-gcc "../Middlewares/Third_Party/FatFs/src/diskio.c" -mcpu=cortex-m3 -std=gnu11 -g3 -DDEBUG -DUSE_HAL_DRIVER -DSTM32F103xE -c -I../Core/Inc -I../Drivers/STM32F1xx_HAL_Driver/Inc/Legacy -I../Drivers/STM32F1xx_HAL_Driver/Inc -I../Drivers/CMSIS/Device/ST/STM32F1xx/Include -I../Drivers/CMSIS/Include -I../FATFS/Target -I../FATFS/App -I../Middlewares/Third_Party/FatFs/src -I../Middlewares/Third_Party/FatFs/src/drivers -O0 -ffunction-sections -fdata-sections -Wall -fstack-usage -MMD -MP -MF"Middlewares/Third_Party/FatFs/src/diskio.d" -MT"Middlewares/Third_Party/FatFs/src/diskio.o" --specs=nano.specs -mfloat-abi=soft -mthumb -o "Middlewares/Third_Party/FatFs/src/diskio.o"
arm-none-eabi-gcc "../Middlewares/Third_Party/FatFs/src/ff.c" -mcpu=cortex-m3 -std=gnu11 -g3 -DDEBUG -DUSE_HAL_DRIVER -DSTM32F103xE -c -I../Core/Inc -I../Drivers/STM32F1xx_HAL_Driver/Inc/Legacy -I../Drivers/STM32F1xx_HAL_Driver/Inc -I../Drivers/CMSIS/Device/ST/STM32F1xx/Include -I../Drivers/CMSIS/Include -I../FATFS/Target -I../FATFS/App -I../Middlewares/Third_Party/FatFs/src -I../Middlewares/Third_Party/FatFs/src/drivers -O0 -ffunction-sections -fdata-sections -Wall -fstack-usage -MMD -MP -MF"Middlewares/Third_Party/FatFs/src/ff.d" -MT"Middlewares/Third_Party/FatFs/src/ff.o" --specs=nano.specs -mfloat-abi=soft -mthumb -o "Middlewares/Third_Party/FatFs/src/ff.o"
arm-none-eabi-gcc "../Middlewares/Third_Party/FatFs/src/ff_gen_drv.c" -mcpu=cortex-m3 -std=gnu11 -g3 -DDEBUG -DUSE_HAL_DRIVER -DSTM32F103xE -c -I../Core/Inc -I../Drivers/STM32F1xx_HAL_Driver/Inc/Legacy -I../Drivers/STM32F1xx_HAL_Driver/Inc -I../Drivers/CMSIS/Device/ST/STM32F1xx/Include -I../Drivers/CMSIS/Include -I../FATFS/Target -I../FATFS/App -I../Middlewares/Third_Party/FatFs/src -I../Middlewares/Third_Party/FatFs/src/drivers -O0 -ffunction-sections -fdata-sections -Wall -fstack-usage -MMD -MP -MF"Middlewares/Third_Party/FatFs/src/ff_gen_drv.d" -MT"Middlewares/Third_Party/FatFs/src/ff_gen_drv.o" --specs=nano.specs -mfloat-abi=soft -mthumb -o "Middlewares/Third_Party/FatFs/src/ff_gen_drv.o"
arm-none-eabi-gcc "../FATFS/Target/bsp_driver_sd.c" -mcpu=cortex-m3 -std=gnu11 -g3 -DDEBUG -DUSE_HAL_DRIVER -DSTM32F103xE -c -I../Core/Inc -I../Drivers/STM32F1xx_HAL_Driver/Inc/Legacy -I../Drivers/STM32F1xx_HAL_Driver/Inc -I../Drivers/CMSIS/Device/ST/STM32F1xx/Include -I../Drivers/CMSIS/Include -I../FATFS/Target -I../FATFS/App -I../Middlewares/Third_Party/FatFs/src -I../Middlewares/Third_Party/FatFs/src/drivers -O0 -ffunction-sections -fdata-sections -Wall -fstack-usage -MMD -MP -MF"FATFS/Target/bsp_driver_sd.d" -MT"FATFS/Target/bsp_driver_sd.o" --specs=nano.specs -mfloat-abi=soft -mthumb -o "FATFS/Target/bsp_driver_sd.o"
arm-none-eabi-gcc "../FATFS/App/fatfs.c" -mcpu=cortex-m3 -std=gnu11 -g3 -DDEBUG -DUSE_HAL_DRIVER -DSTM32F103xE -c -I../Core/Inc -I../Drivers/STM32F1xx_HAL_Driver/Inc/Legacy -I../Drivers/STM32F1xx_HAL_Driver/Inc -I../Drivers/CMSIS/Device/ST/STM32F1xx/Include -I../Drivers/CMSIS/Include -I../FATFS/Target -I../FATFS/App -I../Middlewares/Third_Party/FatFs/src -I../Middlewares/Third_Party/FatFs/src/drivers -O0 -ffunction-sections -fdata-sections -Wall -fstack-usage -MMD -MP -MF"FATFS/App/fatfs.d" -MT"FATFS/App/fatfs.o" --specs=nano.specs -mfloat-abi=soft -mthumb -o "FATFS/App/fatfs.o"
arm-none-eabi-gcc "../Drivers/STM32F1xx_HAL_Driver/Src/stm32f1xx_hal.c" -mcpu=cortex-m3 -std=gnu11 -g3 -DDEBUG -DUSE_HAL_DRIVER -DSTM32F103xE -c -I../Core/Inc -I../Drivers/STM32F1xx_HAL_Driver/Inc/Legacy -I../Drivers/STM32F1xx_HAL_Driver/Inc -I../Drivers/CMSIS/Device/ST/STM32F1xx/Include -I../Drivers/CMSIS/Include -I../FATFS/Target -I../FATFS/App -I../Middlewares/Third_Party/FatFs/src -I../Middlewares/Third_Party/FatFs/src/drivers -O0 -ffunction-sections -fdata-sections -Wall -fstack-usage -MMD -MP -MF"Drivers/STM32F1xx_HAL_Driver/Src/stm32f1xx_hal.d" -MT"Drivers/STM32F1xx_HAL_Driver/Src/stm32f1xx_hal.o" --specs=nano.specs -mfloat-abi=soft -mthumb -o "Drivers/STM32F1xx_HAL_Driver/Src/stm32f1xx_hal.o"
arm-none-eabi-gcc "../Drivers/STM32F1xx_HAL_Driver/Src/stm32f1xx_hal_cortex.c" -mcpu=cortex-m3 -std=gnu11 -g3 -DDEBUG -DUSE_HAL_DRIVER -DSTM32F103xE -c -I../Core/Inc -I../Drivers/STM32F1xx_HAL_Driver/Inc/Legacy -I../Drivers/STM32F1xx_HAL_Driver/Inc -I../Drivers/CMSIS/Device/ST/STM32F1xx/Include -I../Drivers/CMSIS/Include -I../FATFS/Target -I../FATFS/App -I../Middlewares/Third_Party/FatFs/src -I../Middlewares/Third_Party/FatFs/src/drivers -O0 -ffunction-sections -fdata-sections -Wall -fstack-usage -MMD -MP -MF"Drivers/STM32F1xx_HAL_Driver/Src/stm32f1xx_hal_cortex.d" -MT"Drivers/STM32F1xx_HAL_Driver/Src/stm32f1xx_hal_cortex.o" --specs=nano.specs -mfloat-abi=soft -mthumb -o "Drivers/STM32F1xx_HAL_Driver/Src/stm32f1xx_hal_cortex.o"
arm-none-eabi-gcc "../Drivers/STM32F1xx_HAL_Driver/Src/stm32f1xx_hal_dac.c" -mcpu=cortex-m3 -std=gnu11 -g3 -DDEBUG -DUSE_HAL_DRIVER -DSTM32F103xE -c -I../Core/Inc -I../Drivers/STM32F1xx_HAL_Driver/Inc/Legacy -I../Drivers/STM32F1xx_HAL_Driver/Inc -I../Drivers/CMSIS/Device/ST/STM32F1xx/Include -I../Drivers/CMSIS/Include -I../FATFS/Target -I../FATFS/App -I../Middlewares/Third_Party/FatFs/src -I../Middlewares/Third_Party/FatFs/src/drivers -O0 -ffunction-sections -fdata-sections -Wall -fstack-usage -MMD -MP -MF"Drivers/STM32F1xx_HAL_Driver/Src/stm32f1xx_hal_dac.d" -MT"Drivers/STM32F1xx_HAL_Driver/Src/stm32f1xx_hal_dac.o" --specs=nano.specs -mfloat-abi=soft -mthumb -o "Drivers/STM32F1xx_HAL_Driver/Src/stm32f1xx_hal_dac.o"
arm-none-eabi-gcc "../Drivers/STM32F1xx_HAL_Driver/Src/stm32f1xx_hal_dac_ex.c" -mcpu=cortex-m3 -std=gnu11 -g3 -DDEBUG -DUSE_HAL_DRIVER -DSTM32F103xE -c -I../Core/Inc -I../Drivers/STM32F1xx_HAL_Driver/Inc/Legacy -I../Drivers/STM32F1xx_HAL_Driver/Inc -I../Drivers/CMSIS/Device/ST/STM32F1xx/Include -I../Drivers/CMSIS/Include -I../FATFS/Target -I../FATFS/App -I../Middlewares/Third_Party/FatFs/src -I../Middlewares/Third_Party/FatFs/src/drivers -O0 -ffunction-sections -fdata-sections -Wall -fstack-usage -MMD -MP -MF"Drivers/STM32F1xx_HAL_Driver/Src/stm32f1xx_hal_dac_ex.d" -MT"Drivers/STM32F1xx_HAL_Driver/Src/stm32f1xx_hal_dac_ex.o" --specs=nano.specs -mfloat-abi=soft -mthumb -o "Drivers/STM32F1xx_HAL_Driver/Src/stm32f1xx_hal_dac_ex.o"
arm-none-eabi-gcc "../Drivers/STM32F1xx_HAL_Driver/Src/stm32f1xx_hal_dma.c" -mcpu=cortex-m3 -std=gnu11 -g3 -DDEBUG -DUSE_HAL_DRIVER -DSTM32F103xE -c -I../Core/Inc -I../Drivers/STM32F1xx_HAL_Driver/Inc/Legacy -I../Drivers/STM32F1xx_HAL_Driver/Inc -I../Drivers/CMSIS/Device/ST/STM32F1xx/Include -I../Drivers/CMSIS/Include -I../FATFS/Target -I../FATFS/App -I../Middlewares/Third_Party/FatFs/src -I../Middlewares/Third_Party/FatFs/src/drivers -O0 -ffunction-sections -fdata-sections -Wall -fstack-usage -MMD -MP -MF"Drivers/STM32F1xx_HAL_Driver/Src/stm32f1xx_hal_dma.d" -MT"Drivers/STM32F1xx_HAL_Driver/Src/stm32f1xx_hal_dma.o" --specs=nano.specs -mfloat-abi=soft -mthumb -o "Drivers/STM32F1xx_HAL_Driver/Src/stm32f1xx_hal_dma.o"
arm-none-eabi-gcc "../Drivers/STM32F1xx_HAL_Driver/Src/stm32f1xx_hal_exti.c" -mcpu=cortex-m3 -std=gnu11 -g3 -DDEBUG -DUSE_HAL_DRIVER -DSTM32F103xE -c -I../Core/Inc -I../Drivers/STM32F1xx_HAL_Driver/Inc/Legacy -I../Drivers/STM32F1xx_HAL_Driver/Inc -I../Drivers/CMSIS/Device/ST/STM32F1xx/Include -I../Drivers/CMSIS/Include -I../FATFS/Target -I../FATFS/App -I../Middlewares/Third_Party/FatFs/src -I../Middlewares/Third_Party/FatFs/src/drivers -O0 -ffunction-sections -fdata-sections -Wall -fstack-usage -MMD -MP -MF"Drivers/STM32F1xx_HAL_Driver/Src/stm32f1xx_hal_exti.d" -MT"Drivers/STM32F1xx_HAL_Driver/Src/stm32f1xx_hal_exti.o" --specs=nano.specs -mfloat-abi=soft -mthumb -o "Drivers/STM32F1xx_HAL_Driver/Src/stm32f1xx_hal_exti.o"
arm-none-eabi-gcc "../Drivers/STM32F1xx_HAL_Driver/Src/stm32f1xx_hal_flash.c" -mcpu=cortex-m3 -std=gnu11 -g3 -DDEBUG -DUSE_HAL_DRIVER -DSTM32F103xE -c -I../Core/Inc -I../Drivers/STM32F1xx_HAL_Driver/Inc/Legacy -I../Drivers/STM32F1xx_HAL_Driver/Inc -I../Drivers/CMSIS/Device/ST/STM32F1xx/Include -I../Drivers/CMSIS/Include -I../FATFS/Target -I../FATFS/App -I../Middlewares/Third_Party/FatFs/src -I../Middlewares/Third_Party/FatFs/src/drivers -O0 -ffunction-sections -fdata-sections -Wall -fstack-usage -MMD -MP -MF"Drivers/STM32F1xx_HAL_Driver/Src/stm32f1xx_hal_flash.d" -MT"Drivers/STM32F1xx_HAL_Driver/Src/stm32f1xx_hal_flash.o" --specs=nano.specs -mfloat-abi=soft -mthumb -o "Drivers/STM32F1xx_HAL_Driver/Src/stm32f1xx_hal_flash.o"
arm-none-eabi-gcc "../Drivers/STM32F1xx_HAL_Driver/Src/stm32f1xx_hal_flash_ex.c" -mcpu=cortex-m3 -std=gnu11 -g3 -DDEBUG -DUSE_HAL_DRIVER -DSTM32F103xE -c -I../Core/Inc -I../Drivers/STM32F1xx_HAL_Driver/Inc/Legacy -I../Drivers/STM32F1xx_HAL_Driver/Inc -I../Drivers/CMSIS/Device/ST/STM32F1xx/Include -I../Drivers/CMSIS/Include -I../FATFS/Target -I../FATFS/App -I../Middlewares/Third_Party/FatFs/src -I../Middlewares/Third_Party/FatFs/src/drivers -O0 -ffunction-sections -fdata-sections -Wall -fstack-usage -MMD -MP -MF"Drivers/STM32F1xx_HAL_Driver/Src/stm32f1xx_hal_flash_ex.d" -MT"Drivers/STM32F1xx_HAL_Driver/Src/stm32f1xx_hal_flash_ex.o" --specs=nano.specs -mfloat-abi=soft -mthumb -o "Drivers/STM32F1xx_HAL_Driver/Src/stm32f1xx_hal_flash_ex.o"
arm-none-eabi-gcc "../Drivers/STM32F1xx_HAL_Driver/Src/stm32f1xx_hal_gpio.c" -mcpu=cortex-m3 -std=gnu11 -g3 -DDEBUG -DUSE_HAL_DRIVER -DSTM32F103xE -c -I../Core/Inc -I../Drivers/STM32F1xx_HAL_Driver/Inc/Legacy -I../Drivers/STM32F1xx_HAL_Driver/Inc -I../Drivers/CMSIS/Device/ST/STM32F1xx/Include -I../Drivers/CMSIS/Include -I../FATFS/Target -I../FATFS/App -I../Middlewares/Third_Party/FatFs/src -I../Middlewares/Third_Party/FatFs/src/drivers -O0 -ffunction-sections -fdata-sections -Wall -fstack-usage -MMD -MP -MF"Drivers/STM32F1xx_HAL_Driver/Src/stm32f1xx_hal_gpio.d" -MT"Drivers/STM32F1xx_HAL_Driver/Src/stm32f1xx_hal_gpio.o" --specs=nano.specs -mfloat-abi=soft -mthumb -o "Drivers/STM32F1xx_HAL_Driver/Src/stm32f1xx_hal_gpio.o"
arm-none-eabi-gcc "../Drivers/STM32F1xx_HAL_Driver/Src/stm32f1xx_hal_gpio_ex.c" -mcpu=cortex-m3 -std=gnu11 -g3 -DDEBUG -DUSE_HAL_DRIVER -DSTM32F103xE -c -I../Core/Inc -I../Drivers/STM32F1xx_HAL_Driver/Inc/Legacy -I../Drivers/STM32F1xx_HAL_Driver/Inc -I../Drivers/CMSIS/Device/ST/STM32F1xx/Include -I../Drivers/CMSIS/Include -I../FATFS/Target -I../FATFS/App -I../Middlewares/Third_Party/FatFs/src -I../Middlewares/Third_Party/FatFs/src/drivers -O0 -ffunction-sections -fdata-sections -Wall -fstack-usage -MMD -MP -MF"Drivers/STM32F1xx_HAL_Driver/Src/stm32f1xx_hal_gpio_ex.d" -MT"Drivers/STM32F1xx_HAL_Driver/Src/stm32f1xx_hal_gpio_ex.o" --specs=nano.specs -mfloat-abi=soft -mthumb -o "Drivers/STM32F1xx_HAL_Driver/Src/stm32f1xx_hal_gpio_ex.o"
arm-none-eabi-gcc "../Drivers/STM32F1xx_HAL_Driver/Src/stm32f1xx_hal_pwr.c" -mcpu=cortex-m3 -std=gnu11 -g3 -DDEBUG -DUSE_HAL_DRIVER -DSTM32F103xE -c -I../Core/Inc -I../Drivers/STM32F1xx_HAL_Driver/Inc/Legacy -I../Drivers/STM32F1xx_HAL_Driver/Inc -I../Drivers/CMSIS/Device/ST/STM32F1xx/Include -I../Drivers/CMSIS/Include -I../FATFS/Target -I../FATFS/App -I../Middlewares/Third_Party/FatFs/src -I../Middlewares/Third_Party/FatFs/src/drivers -O0 -ffunction-sections -fdata-sections -Wall -fstack-usage -MMD -MP -MF"Drivers/STM32F1xx_HAL_Driver/Src/stm32f1xx_hal_pwr.d" -MT"Drivers/STM32F1xx_HAL_Driver/Src/stm32f1xx_hal_pwr.o" --specs=nano.specs -mfloat-abi=soft -mthumb -o "Drivers/STM32F1xx_HAL_Driver/Src/stm32f1xx_hal_pwr.o"
arm-none-eabi-gcc "../Drivers/STM32F1xx_HAL_Driver/Src/stm32f1xx_hal_rcc.c" -mcpu=cortex-m3 -std=gnu11 -g3 -DDEBUG -DUSE_HAL_DRIVER -DSTM32F103xE -c -I../Core/Inc -I../Drivers/STM32F1xx_HAL_Driver/Inc/Legacy -I../Drivers/STM32F1xx_HAL_Driver/Inc -I../Drivers/CMSIS/Device/ST/STM32F1xx/Include -I../Drivers/CMSIS/Include -I../FATFS/Target -I../FATFS/App -I../Middlewares/Third_Party/FatFs/src -I../Middlewares/Third_Party/FatFs/src/drivers -O0 -ffunction-sections -fdata-sections -Wall -fstack-usage -MMD -MP -MF"Drivers/STM32F1xx_HAL_Driver/Src/stm32f1xx_hal_rcc.d" -MT"Drivers/STM32F1xx_HAL_Driver/Src/stm32f1xx_hal_rcc.o" --specs=nano.specs -mfloat-abi=soft -mthumb -o "Drivers/STM32F1xx_HAL_Driver/Src/stm32f1xx_hal_rcc.o"
arm-none-eabi-gcc "../Drivers/STM32F1xx_HAL_Driver/Src/stm32f1xx_hal_rcc_ex.c" -mcpu=cortex-m3 -std=gnu11 -g3 -DDEBUG -DUSE_HAL_DRIVER -DSTM32F103xE -c -I../Core/Inc -I../Drivers/STM32F1xx_HAL_Driver/Inc/Legacy -I../Drivers/STM32F1xx_HAL_Driver/Inc -I../Drivers/CMSIS/Device/ST/STM32F1xx/Include -I../Drivers/CMSIS/Include -I../FATFS/Target -I../FATFS/App -I../Middlewares/Third_Party/FatFs/src -I../Middlewares/Third_Party/FatFs/src/drivers -O0 -ffunction-sections -fdata-sections -Wall -fstack-usage -MMD -MP -MF"Drivers/STM32F1xx_HAL_Driver/Src/stm32f1xx_hal_rcc_ex.d" -MT"Drivers/STM32F1xx_HAL_Driver/Src/stm32f1xx_hal_rcc_ex.o" --specs=nano.specs -mfloat-abi=soft -mthumb -o "Drivers/STM32F1xx_HAL_Driver/Src/stm32f1xx_hal_rcc_ex.o"
arm-none-eabi-gcc "../Drivers/STM32F1xx_HAL_Driver/Src/stm32f1xx_hal_sd.c" -mcpu=cortex-m3 -std=gnu11 -g3 -DDEBUG -DUSE_HAL_DRIVER -DSTM32F103xE -c -I../Core/Inc -I../Drivers/STM32F1xx_HAL_Driver/Inc/Legacy -I../Drivers/STM32F1xx_HAL_Driver/Inc -I../Drivers/CMSIS/Device/ST/STM32F1xx/Include -I../Drivers/CMSIS/Include -I../FATFS/Target -I../FATFS/App -I../Middlewares/Third_Party/FatFs/src -I../Middlewares/Third_Party/FatFs/src/drivers -O0 -ffunction-sections -fdata-sections -Wall -fstack-usage -MMD -MP -MF"Drivers/STM32F1xx_HAL_Driver/Src/stm32f1xx_hal_sd.d" -MT"Drivers/STM32F1xx_HAL_Driver/Src/stm32f1xx_hal_sd.o" --specs=nano.specs -mfloat-abi=soft -mthumb -o "Drivers/STM32F1xx_HAL_Driver/Src/stm32f1xx_hal_sd.o"
arm-none-eabi-gcc "../Drivers/STM32F1xx_HAL_Driver/Src/stm32f1xx_hal_sram.c" -mcpu=cortex-m3 -std=gnu11 -g3 -DDEBUG -DUSE_HAL_DRIVER -DSTM32F103xE -c -I../Core/Inc -I../Drivers/STM32F1xx_HAL_Driver/Inc/Legacy -I../Drivers/STM32F1xx_HAL_Driver/Inc -I../Drivers/CMSIS/Device/ST/STM32F1xx/Include -I../Drivers/CMSIS/Include -I../FATFS/Target -I../FATFS/App -I../Middlewares/Third_Party/FatFs/src -I../Middlewares/Third_Party/FatFs/src/drivers -O0 -ffunction-sections -fdata-sections -Wall -fstack-usage -MMD -MP -MF"Drivers/STM32F1xx_HAL_Driver/Src/stm32f1xx_hal_sram.d" -MT"Drivers/STM32F1xx_HAL_Driver/Src/stm32f1xx_hal_sram.o" --specs=nano.specs -mfloat-abi=soft -mthumb -o "Drivers/STM32F1xx_HAL_Driver/Src/stm32f1xx_hal_sram.o"
arm-none-eabi-gcc "../Drivers/STM32F1xx_HAL_Driver/Src/stm32f1xx_hal_tim.c" -mcpu=cortex-m3 -std=gnu11 -g3 -DDEBUG -DUSE_HAL_DRIVER -DSTM32F103xE -c -I../Core/Inc -I../Drivers/STM32F1xx_HAL_Driver/Inc/Legacy -I../Drivers/STM32F1xx_HAL_Driver/Inc -I../Drivers/CMSIS/Device/ST/STM32F1xx/Include -I../Drivers/CMSIS/Include -I../FATFS/Target -I../FATFS/App -I../Middlewares/Third_Party/FatFs/src -I../Middlewares/Third_Party/FatFs/src/drivers -O0 -ffunction-sections -fdata-sections -Wall -fstack-usage -MMD -MP -MF"Drivers/STM32F1xx_HAL_Driver/Src/stm32f1xx_hal_tim.d" -MT"Drivers/STM32F1xx_HAL_Driver/Src/stm32f1xx_hal_tim.o" --specs=nano.specs -mfloat-abi=soft -mthumb -o "Drivers/STM32F1xx_HAL_Driver/Src/stm32f1xx_hal_tim.o"
arm-none-eabi-gcc "../Drivers/STM32F1xx_HAL_Driver/Src/stm32f1xx_hal_tim_ex.c" -mcpu=cortex-m3 -std=gnu11 -g3 -DDEBUG -DUSE_HAL_DRIVER -DSTM32F103xE -c -I../Core/Inc -I../Drivers/STM32F1xx_HAL_Driver/Inc/Legacy -I../Drivers/STM32F1xx_HAL_Driver/Inc -I../Drivers/CMSIS/Device/ST/STM32F1xx/Include -I../Drivers/CMSIS/Include -I../FATFS/Target -I../FATFS/App -I../Middlewares/Third_Party/FatFs/src -I../Middlewares/Third_Party/FatFs/src/drivers -O0 -ffunction-sections -fdata-sections -Wall -fstack-usage -MMD -MP -MF"Drivers/STM32F1xx_HAL_Driver/Src/stm32f1xx_hal_tim_ex.d" -MT"Drivers/STM32F1xx_HAL_Driver/Src/stm32f1xx_hal_tim_ex.o" --specs=nano.specs -mfloat-abi=soft -mthumb -o "Drivers/STM32F1xx_HAL_Driver/Src/stm32f1xx_hal_tim_ex.o"
arm-none-eabi-gcc "../Drivers/STM32F1xx_HAL_Driver/Src/stm32f1xx_ll_fsmc.c" -mcpu=cortex-m3 -std=gnu11 -g3 -DDEBUG -DUSE_HAL_DRIVER -DSTM32F103xE -c -I../Core/Inc -I../Drivers/STM32F1xx_HAL_Driver/Inc/Legacy -I../Drivers/STM32F1xx_HAL_Driver/Inc -I../Drivers/CMSIS/Device/ST/STM32F1xx/Include -I../Drivers/CMSIS/Include -I../FATFS/Target -I../FATFS/App -I../Middlewares/Third_Party/FatFs/src -I../Middlewares/Third_Party/FatFs/src/drivers -O0 -ffunction-sections -fdata-sections -Wall -fstack-usage -MMD -MP -MF"Drivers/STM32F1xx_HAL_Driver/Src/stm32f1xx_ll_fsmc.d" -MT"Drivers/STM32F1xx_HAL_Driver/Src/stm32f1xx_ll_fsmc.o" --specs=nano.specs -mfloat-abi=soft -mthumb -o "Drivers/STM32F1xx_HAL_Driver/Src/stm32f1xx_ll_fsmc.o"
arm-none-eabi-gcc "../Drivers/STM32F1xx_HAL_Driver/Src/stm32f1xx_ll_sdmmc.c" -mcpu=cortex-m3 -std=gnu11 -g3 -DDEBUG -DUSE_HAL_DRIVER -DSTM32F103xE -c -I../Core/Inc -I../Drivers/STM32F1xx_HAL_Driver/Inc/Legacy -I../Drivers/STM32F1xx_HAL_Driver/Inc -I../Drivers/CMSIS/Device/ST/STM32F1xx/Include -I../Drivers/CMSIS/Include -I../FATFS/Target -I../FATFS/App -I../Middlewares/Third_Party/FatFs/src -I../Middlewares/Third_Party/FatFs/src/drivers -O0 -ffunction-sections -fdata-sections -Wall -fstack-usage -MMD -MP -MF"Drivers/STM32F1xx_HAL_Driver/Src/stm32f1xx_ll_sdmmc.d" -MT"Drivers/STM32F1xx_HAL_Driver/Src/stm32f1xx_ll_sdmmc.o" --specs=nano.specs -mfloat-abi=soft -mthumb -o "Drivers/STM32F1xx_HAL_Driver/Src/stm32f1xx_ll_sdmmc.o"
arm-none-eabi-gcc "../Core/Src/lcd.c" -mcpu=cortex-m3 -std=gnu11 -g3 -DDEBUG -DUSE_HAL_DRIVER -DSTM32F103xE -c -I../Core/Inc -I../Drivers/STM32F1xx_HAL_Driver/Inc/Legacy -I../Drivers/STM32F1xx_HAL_Driver/Inc -I../Drivers/CMSIS/Device/ST/STM32F1xx/Include -I../Drivers/CMSIS/Include -I../FATFS/Target -I../FATFS/App -I../Middlewares/Third_Party/FatFs/src -I../Middlewares/Third_Party/FatFs/src/drivers -O0 -ffunction-sections -fdata-sections -Wall -fstack-usage -MMD -MP -MF"Core/Src/lcd.d" -MT"Core/Src/lcd.o" --specs=nano.specs -mfloat-abi=soft -mthumb -o "Core/Src/lcd.o"
arm-none-eabi-gcc "../Core/Src/main.c" -mcpu=cortex-m3 -std=gnu11 -g3 -DDEBUG -DUSE_HAL_DRIVER -DSTM32F103xE -c -I../Core/Inc -I../Drivers/STM32F1xx_HAL_Driver/Inc/Legacy -I../Drivers/STM32F1xx_HAL_Driver/Inc -I../Drivers/CMSIS/Device/ST/STM32F1xx/Include -I../Drivers/CMSIS/Include -I../FATFS/Target -I../FATFS/App -I../Middlewares/Third_Party/FatFs/src -I../Middlewares/Third_Party/FatFs/src/drivers -O0 -ffunction-sections -fdata-sections -Wall -fstack-usage -MMD -MP -MF"Core/Src/main.d" -MT"Core/Src/main.o" --specs=nano.specs -mfloat-abi=soft -mthumb -o "Core/Src/main.o"
arm-none-eabi-gcc "../Core/Src/stm32f1xx_hal_msp.c" -mcpu=cortex-m3 -std=gnu11 -g3 -DDEBUG -DUSE_HAL_DRIVER -DSTM32F103xE -c -I../Core/Inc -I../Drivers/STM32F1xx_HAL_Driver/Inc/Legacy -I../Drivers/STM32F1xx_HAL_Driver/Inc -I../Drivers/CMSIS/Device/ST/STM32F1xx/Include -I../Drivers/CMSIS/Include -I../FATFS/Target -I../FATFS/App -I../Middlewares/Third_Party/FatFs/src -I../Middlewares/Third_Party/FatFs/src/drivers -O0 -ffunction-sections -fdata-sections -Wall -fstack-usage -MMD -MP -MF"Core/Src/stm32f1xx_hal_msp.d" -MT"Core/Src/stm32f1xx_hal_msp.o" --specs=nano.specs -mfloat-abi=soft -mthumb -o "Core/Src/stm32f1xx_hal_msp.o"
arm-none-eabi-gcc "../Core/Src/stm32f1xx_it.c" -mcpu=cortex-m3 -std=gnu11 -g3 -DDEBUG -DUSE_HAL_DRIVER -DSTM32F103xE -c -I../Core/Inc -I../Drivers/STM32F1xx_HAL_Driver/Inc/Legacy -I../Drivers/STM32F1xx_HAL_Driver/Inc -I../Drivers/CMSIS/Device/ST/STM32F1xx/Include -I../Drivers/CMSIS/Include -I../FATFS/Target -I../FATFS/App -I../Middlewares/Third_Party/FatFs/src -I../Middlewares/Third_Party/FatFs/src/drivers -O0 -ffunction-sections -fdata-sections -Wall -fstack-usage -MMD -MP -MF"Core/Src/stm32f1xx_it.d" -MT"Core/Src/stm32f1xx_it.o" --specs=nano.specs -mfloat-abi=soft -mthumb -o "Core/Src/stm32f1xx_it.o"
arm-none-eabi-gcc "../Core/Src/system_stm32f1xx.c" -mcpu=cortex-m3 -std=gnu11 -g3 -DDEBUG -DUSE_HAL_DRIVER -DSTM32F103xE -c -I../Core/Inc -I../Drivers/STM32F1xx_HAL_Driver/Inc/Legacy -I../Drivers/STM32F1xx_HAL_Driver/Inc -I../Drivers/CMSIS/Device/ST/STM32F1xx/Include -I../Drivers/CMSIS/Include -I../FATFS/Target -I../FATFS/App -I../Middlewares/Third_Party/FatFs/src -I../Middlewares/Third_Party/FatFs/src/drivers -O0 -ffunction-sections -fdata-sections -Wall -fstack-usage -MMD -MP -MF"Core/Src/system_stm32f1xx.d" -MT"Core/Src/system_stm32f1xx.o" --specs=nano.specs -mfloat-abi=soft -mthumb -o "Core/Src/system_stm32f1xx.o"
In file included from ../Core/Src/main.c:28:
../Core/Inc/fileBuff.h: In function 'initFileHeader':
../Core/Inc/fileBuff.h:71:80: warning: pointer targets in passing argument 4 of 'f_read' differ in signedness [-Wpointer-sign]
   71 |  return f_read(&(fileStruct->file), &(fileStruct->header), sizeof(WAV_HEADER), &bytes_read);
      |                                                                                ^~~~~~~~~~~
      |                                                                                |
      |                                                                                int *
In file included from ../FATFS/App/fatfs.h:26,
                 from ../Core/Src/main.c:21:
../Middlewares/Third_Party/FatFs/src/ff.h:228:54: note: expected 'UINT *' {aka 'unsigned int *'} but argument is of type 'int *'
  228 | FRESULT f_read (FIL* fp, void* buff, UINT btr, UINT* br);   /* Read data from a file */
      |                                                ~~~~~~^~
In file included from ../Core/Src/main.c:28:
../Core/Inc/fileBuff.h: In function 'readFile':
../Core/Inc/fileBuff.h:79:84: warning: passing argument 4 of 'f_read' from incompatible pointer type [-Wincompatible-pointer-types]
   79 |   FRESULT res = f_read(&(f->file), f->structs[f->currWriting].data.raw, BUFF_SIZE, &(f->structs[f->currWriting].buffSize));
      |                                                                                    ^~~~~~~~~~~~~~~~~~~~~~~~~~~~~~~~~~~~~~
      |                                                                                    |
      |                                                                                    uint16_t * {aka short unsigned int *}
In file included from ../FATFS/App/fatfs.h:26,
                 from ../Core/Src/main.c:21:
../Middlewares/Third_Party/FatFs/src/ff.h:228:54: note: expected 'UINT *' {aka 'unsigned int *'} but argument is of type 'uint16_t *' {aka 'short unsigned int *'}
  228 | FRESULT f_read (FIL* fp, void* buff, UINT btr, UINT* br);   /* Read data from a file */
      |                                                ~~~~~~^~
../Core/Src/main.c: In function 'error_handler':
../Core/Src/main.c:78:3: warning: implicit declaration of function 'sprintf' [-Wimplicit-function-declaration]
   78 |   sprintf(buff, "%d %s", res, msg);
      |   ^~~~~~~
../Core/Src/main.c:78:3: warning: incompatible implicit declaration of built-in function 'sprintf'
../Core/Src/main.c:29:1: note: include '<stdio.h>' or provide a declaration of 'sprintf'
   28 | #include "fileBuff.h"
  +++ |+#include <stdio.h>
   29 | /* USER CODE END Includes */
../Core/Src/main.c: In function 'display_success':
../Core/Src/main.c:84:3: warning: incompatible implicit declaration of built-in function 'sprintf'
   84 |   sprintf(buff, "%d %s", num, msg);
      |   ^~~~~~~
../Core/Src/main.c:84:3: note: include '<stdio.h>' or provide a declaration of 'sprintf'
../Core/Src/main.c: In function 'main':
../Core/Src/main.c:168:5: warning: incompatible implicit declaration of built-in function 'sprintf'
  168 |     sprintf(buff, "%d no more :(", res);
      |     ^~~~~~~
../Core/Src/main.c:168:5: note: include '<stdio.h>' or provide a declaration of 'sprintf'
../Core/Src/main.c:192:5: warning: incompatible implicit declaration of built-in function 'sprintf'
  192 |     sprintf(buff, "hertz: %d", header->sampleFreq);
      |     ^~~~~~~
../Core/Src/main.c:192:5: note: include '<stdio.h>' or provide a declaration of 'sprintf'
../Core/Src/main.c:192:28: warning: format '%d' expects argument of type 'int', but argument 3 has type 'uint32_t' {aka 'long unsigned int'} [-Wformat=]
  192 |     sprintf(buff, "hertz: %d", header->sampleFreq);
      |                           ~^   ~~~~~~~~~~~~~~~~~~
      |                            |         |
      |                            int       uint32_t {aka long unsigned int}
      |                           %ld
../Core/Src/main.c:198:27: warning: format '%d' expects argument of type 'int', but argument 3 has type 'uint32_t' {aka 'long unsigned int'} [-Wformat=]
  198 |     sprintf(buff, "data: %d", header->dataChunkLength);
      |                          ~^   ~~~~~~~~~~~~~~~~~~~~~~~
      |                           |         |
      |                           int       uint32_t {aka long unsigned int}
      |                          %ld
../Core/Src/main.c:264:11: warning: unused variable 'sample_sum' [-Wunused-variable]
  264 |   int16_t sample_sum = 0;
      |           ^~~~~~~~~~
In file included from ../Core/Src/main.c:28:
../Core/Inc/fileBuff.h: In function 'readSample':
../Core/Inc/fileBuff.h:106:1: warning: control reaches end of non-void function [-Wreturn-type]
  106 | }
      | ^
arm-none-eabi-gcc -o "AUDIO.elf" @"objects.list"   -mcpu=cortex-m3 -T"C:\Users\pinkp\Documents\GitHub\ELEC3300-Project\AUDIO\STM32F103VETX_FLASH.ld" --specs=nosys.specs -Wl,-Map="AUDIO.map" -Wl,--gc-sections -static --specs=nano.specs -mfloat-abi=soft -mthumb -Wl,--start-group -lc -lm -Wl,--end-group
Finished building target: AUDIO.elf
 
arm-none-eabi-size   AUDIO.elf 
arm-none-eabi-objdump -h -S  AUDIO.elf  > "AUDIO.list"
   text	   data	    bss	    dec	    hex	filename
  41268	    120	   8336	  49724	   c23c	AUDIO.elf
Finished building: default.size.stdout
 
Finished building: AUDIO.list
 
[...]
   text	   data	    bss	    dec	    hex	filename
  39520	    144	  11472	  51136	   c7c0	AUDIO.elf
Finished building: default.size.stdout
 
02:33:00 **** Incremental Build of configuration Debug for project AUDIO ****
make -j16 all 
arm-none-eabi-size   AUDIO.elf 
   text	   data	    bss	    dec	    hex	filename
  39520	    144	  11472	  51136	   c7c0	AUDIO.elf
Finished building: default.size.stdout
 
02:33:16 **** Incremental Build of configuration Debug for project AUDIO ****
make -j16 all 
arm-none-eabi-size   AUDIO.elf 
   text	   data	    bss	    dec	    hex	filename
  39520	    144	  11472	  51136	   c7c0	AUDIO.elf
Finished building: default.size.stdout
 
02:39:07 **** Incremental Build of configuration Debug for project AUDIO ****
make -j16 all 
arm-none-eabi-gcc "../Core/Src/main.c" -mcpu=cortex-m3 -std=gnu11 -g3 -DDEBUG -DUSE_HAL_DRIVER -DSTM32F103xE -c -I../Core/Inc -I../Drivers/STM32F1xx_HAL_Driver/Inc/Legacy -I../Drivers/STM32F1xx_HAL_Driver/Inc -I../Drivers/CMSIS/Device/ST/STM32F1xx/Include -I../Drivers/CMSIS/Include -I../FATFS/Target -I../FATFS/App -I../Middlewares/Third_Party/FatFs/src -O0 -ffunction-sections -fdata-sections -Wall -fstack-usage -MMD -MP -MF"Core/Src/main.d" -MT"Core/Src/main.o" --specs=nano.specs -mfloat-abi=soft -mthumb -o "Core/Src/main.o"
In file included from ../Core/Src/main.c:28:
../Core/Inc/fileBuff.h: In function 'initFileHeader':
../Core/Inc/fileBuff.h:70:80: warning: pointer targets in passing argument 4 of 'f_read' differ in signedness [-Wpointer-sign]
   70 |  return f_read(&(fileStruct->file), &(fileStruct->header), sizeof(WAV_HEADER), &bytes_read);
      |                                                                                ^~~~~~~~~~~
      |                                                                                |
      |                                                                                int *
In file included from ../FATFS/App/fatfs.h:26,
                 from ../Core/Src/main.c:21:
../Middlewares/Third_Party/FatFs/src/ff.h:228:54: note: expected 'UINT *' {aka 'unsigned int *'} but argument is of type 'int *'
  228 | FRESULT f_read (FIL* fp, void* buff, UINT btr, UINT* br);   /* Read data from a file */
      |                                                ~~~~~~^~
In file included from ../Core/Src/main.c:28:
../Core/Inc/fileBuff.h: In function 'readFile':
../Core/Inc/fileBuff.h:78:79: warning: passing argument 4 of 'f_read' from incompatible pointer type [-Wincompatible-pointer-types]
   78 |   FRESULT res = f_read(&(f->file), f->structs[f->currWriting].raw, BUFF_SIZE, &(f->structs[f->currWriting].buffSize));
      |                                                                               ^~~~~~~~~~~~~~~~~~~~~~~~~~~~~~~~~~~~~~
      |                                                                               |
      |                                                                               uint16_t * {aka short unsigned int *}
In file included from ../FATFS/App/fatfs.h:26,
                 from ../Core/Src/main.c:21:
../Middlewares/Third_Party/FatFs/src/ff.h:228:54: note: expected 'UINT *' {aka 'unsigned int *'} but argument is of type 'uint16_t *' {aka 'short unsigned int *'}
  228 | FRESULT f_read (FIL* fp, void* buff, UINT btr, UINT* br);   /* Read data from a file */
      |                                                ~~~~~~^~
../Core/Src/main.c: In function 'error_handler':
../Core/Src/main.c:81:3: warning: implicit declaration of function 'sprintf' [-Wimplicit-function-declaration]
   81 |   sprintf(buff, "%d %s", res, msg);
      |   ^~~~~~~
../Core/Src/main.c:81:3: warning: incompatible implicit declaration of built-in function 'sprintf'
../Core/Src/main.c:29:1: note: include '<stdio.h>' or provide a declaration of 'sprintf'
   28 | #include "fileBuff.h"
  +++ |+#include <stdio.h>
   29 | /* USER CODE END Includes */
../Core/Src/main.c: In function 'display_success':
../Core/Src/main.c:87:3: warning: incompatible implicit declaration of built-in function 'sprintf'
   87 |   sprintf(buff, "%d %s", num, msg);
      |   ^~~~~~~
../Core/Src/main.c:87:3: note: include '<stdio.h>' or provide a declaration of 'sprintf'
../Core/Src/main.c: In function 'main':
../Core/Src/main.c:177:5: warning: incompatible implicit declaration of built-in function 'sprintf'
  177 |     sprintf(buff, "%d no more :(", res);
      |     ^~~~~~~
../Core/Src/main.c:177:5: note: include '<stdio.h>' or provide a declaration of 'sprintf'
../Core/Src/main.c:201:5: warning: incompatible implicit declaration of built-in function 'sprintf'
  201 |     sprintf(buff, "hertz: %d", header->sampleFreq);
      |     ^~~~~~~
../Core/Src/main.c:201:5: note: include '<stdio.h>' or provide a declaration of 'sprintf'
../Core/Src/main.c:201:28: warning: format '%d' expects argument of type 'int', but argument 3 has type 'uint32_t' {aka 'long unsigned int'} [-Wformat=]
  201 |     sprintf(buff, "hertz: %d", header->sampleFreq);
      |                           ~^   ~~~~~~~~~~~~~~~~~~
      |                            |         |
      |                            int       uint32_t {aka long unsigned int}
      |                           %ld
../Core/Src/main.c:207:27: warning: format '%d' expects argument of type 'int', but argument 3 has type 'uint32_t' {aka 'long unsigned int'} [-Wformat=]
  207 |     sprintf(buff, "data: %d", header->dataChunkLength);
      |                          ~^   ~~~~~~~~~~~~~~~~~~~~~~~
      |                           |         |
      |                           int       uint32_t {aka long unsigned int}
      |                          %ld
../Core/Src/main.c:237:29: warning: format '%d' expects argument of type 'int', but argument 3 has type 'uint32_t' {aka 'long unsigned int'} [-Wformat=]
  237 |     sprintf(buff, "count: %6d     ", sampleFile.sampleCount);
      |                           ~~^        ~~~~~~~~~~~~~~~~~~~~~~
      |                             |                  |
      |                             int                uint32_t {aka long unsigned int}
      |                           %6ld
In file included from ../Core/Src/main.c:28:
../Core/Inc/fileBuff.h: In function 'readSample':
../Core/Inc/fileBuff.h:106:1: warning: control reaches end of non-void function [-Wreturn-type]
  106 | }
      | ^
At top level:
../Core/Src/main.c:504:13: warning: 'MX_SDIO_SD_Init' defined but not used [-Wunused-function]
  504 | static void MX_SDIO_SD_Init(void)
      |             ^~~~~~~~~~~~~~~
arm-none-eabi-gcc -o "AUDIO.elf" @"objects.list"   -mcpu=cortex-m3 -T"C:\Users\pinkp\Documents\GitHub\ELEC3300-Project\AUDIO\STM32F103VETX_FLASH.ld" --specs=nosys.specs -Wl,-Map="AUDIO.map" -Wl,--gc-sections -static --specs=nano.specs -mfloat-abi=soft -mthumb -Wl,--start-group -lc -lm -Wl,--end-group
Finished building target: AUDIO.elf
 
arm-none-eabi-size   AUDIO.elf 
arm-none-eabi-objdump -h -S  AUDIO.elf  > "AUDIO.list"
   text	   data	    bss	    dec	    hex	filename
  39520	    144	  11472	  51136	   c7c0	AUDIO.elf
Finished building: default.size.stdout
 
Finished building: AUDIO.list
 
02:39:44 **** Incremental Build of configuration Debug for project AUDIO ****
make -j16 all 
arm-none-eabi-gcc "../Core/Src/main.c" -mcpu=cortex-m3 -std=gnu11 -g3 -DDEBUG -DUSE_HAL_DRIVER -DSTM32F103xE -c -I../Core/Inc -I../Drivers/STM32F1xx_HAL_Driver/Inc/Legacy -I../Drivers/STM32F1xx_HAL_Driver/Inc -I../Drivers/CMSIS/Device/ST/STM32F1xx/Include -I../Drivers/CMSIS/Include -I../FATFS/Target -I../FATFS/App -I../Middlewares/Third_Party/FatFs/src -O0 -ffunction-sections -fdata-sections -Wall -fstack-usage -MMD -MP -MF"Core/Src/main.d" -MT"Core/Src/main.o" --specs=nano.specs -mfloat-abi=soft -mthumb -o "Core/Src/main.o"
In file included from ../Core/Src/main.c:28:
../Core/Inc/fileBuff.h: In function 'initFileHeader':
../Core/Inc/fileBuff.h:70:80: warning: pointer targets in passing argument 4 of 'f_read' differ in signedness [-Wpointer-sign]
   70 |  return f_read(&(fileStruct->file), &(fileStruct->header), sizeof(WAV_HEADER), &bytes_read);
      |                                                                                ^~~~~~~~~~~
      |                                                                                |
      |                                                                                int *
In file included from ../FATFS/App/fatfs.h:26,
                 from ../Core/Src/main.c:21:
../Middlewares/Third_Party/FatFs/src/ff.h:228:54: note: expected 'UINT *' {aka 'unsigned int *'} but argument is of type 'int *'
  228 | FRESULT f_read (FIL* fp, void* buff, UINT btr, UINT* br);   /* Read data from a file */
      |                                                ~~~~~~^~
In file included from ../Core/Src/main.c:28:
../Core/Inc/fileBuff.h: In function 'readFile':
../Core/Inc/fileBuff.h:78:79: warning: passing argument 4 of 'f_read' from incompatible pointer type [-Wincompatible-pointer-types]
   78 |   FRESULT res = f_read(&(f->file), f->structs[f->currWriting].raw, BUFF_SIZE, &(f->structs[f->currWriting].buffSize));
      |                                                                               ^~~~~~~~~~~~~~~~~~~~~~~~~~~~~~~~~~~~~~
      |                                                                               |
      |                                                                               uint16_t * {aka short unsigned int *}
In file included from ../FATFS/App/fatfs.h:26,
                 from ../Core/Src/main.c:21:
../Middlewares/Third_Party/FatFs/src/ff.h:228:54: note: expected 'UINT *' {aka 'unsigned int *'} but argument is of type 'uint16_t *' {aka 'short unsigned int *'}
  228 | FRESULT f_read (FIL* fp, void* buff, UINT btr, UINT* br);   /* Read data from a file */
      |                                                ~~~~~~^~
../Core/Src/main.c: In function 'error_handler':
../Core/Src/main.c:81:3: warning: implicit declaration of function 'sprintf' [-Wimplicit-function-declaration]
   81 |   sprintf(buff, "%d %s", res, msg);
      |   ^~~~~~~
../Core/Src/main.c:81:3: warning: incompatible implicit declaration of built-in function 'sprintf'
../Core/Src/main.c:29:1: note: include '<stdio.h>' or provide a declaration of 'sprintf'
   28 | #include "fileBuff.h"
  +++ |+#include <stdio.h>
   29 | /* USER CODE END Includes */
../Core/Src/main.c: In function 'display_success':
../Core/Src/main.c:87:3: warning: incompatible implicit declaration of built-in function 'sprintf'
   87 |   sprintf(buff, "%d %s", num, msg);
      |   ^~~~~~~
../Core/Src/main.c:87:3: note: include '<stdio.h>' or provide a declaration of 'sprintf'
../Core/Src/main.c: In function 'main':
../Core/Src/main.c:177:5: warning: incompatible implicit declaration of built-in function 'sprintf'
  177 |     sprintf(buff, "%d no more :(", res);
      |     ^~~~~~~
../Core/Src/main.c:177:5: note: include '<stdio.h>' or provide a declaration of 'sprintf'
../Core/Src/main.c:201:5: warning: incompatible implicit declaration of built-in function 'sprintf'
  201 |     sprintf(buff, "hertz: %d", header->sampleFreq);
      |     ^~~~~~~
../Core/Src/main.c:201:5: note: include '<stdio.h>' or provide a declaration of 'sprintf'
../Core/Src/main.c:201:28: warning: format '%d' expects argument of type 'int', but argument 3 has type 'uint32_t' {aka 'long unsigned int'} [-Wformat=]
  201 |     sprintf(buff, "hertz: %d", header->sampleFreq);
      |                           ~^   ~~~~~~~~~~~~~~~~~~
      |                            |         |
      |                            int       uint32_t {aka long unsigned int}
      |                           %ld
../Core/Src/main.c:207:27: warning: format '%d' expects argument of type 'int', but argument 3 has type 'uint32_t' {aka 'long unsigned int'} [-Wformat=]
  207 |     sprintf(buff, "data: %d", header->dataChunkLength);
      |                          ~^   ~~~~~~~~~~~~~~~~~~~~~~~
      |                           |         |
      |                           int       uint32_t {aka long unsigned int}
      |                          %ld
../Core/Src/main.c:237:29: warning: format '%d' expects argument of type 'int', but argument 3 has type 'uint32_t' {aka 'long unsigned int'} [-Wformat=]
  237 |     sprintf(buff, "count: %6d     ", sampleFile.sampleCount);
      |                           ~~^        ~~~~~~~~~~~~~~~~~~~~~~
      |                             |                  |
      |                             int                uint32_t {aka long unsigned int}
      |                           %6ld
In file included from ../Core/Src/main.c:28:
../Core/Inc/fileBuff.h: In function 'readSample':
../Core/Inc/fileBuff.h:106:1: warning: control reaches end of non-void function [-Wreturn-type]
  106 | }
      | ^
At top level:
../Core/Src/main.c:504:13: warning: 'MX_SDIO_SD_Init' defined but not used [-Wunused-function]
  504 | static void MX_SDIO_SD_Init(void)
      |             ^~~~~~~~~~~~~~~
arm-none-eabi-gcc -o "AUDIO.elf" @"objects.list"   -mcpu=cortex-m3 -T"C:\Users\pinkp\Documents\GitHub\ELEC3300-Project\AUDIO\STM32F103VETX_FLASH.ld" --specs=nosys.specs -Wl,-Map="AUDIO.map" -Wl,--gc-sections -static --specs=nano.specs -mfloat-abi=soft -mthumb -Wl,--start-group -lc -lm -Wl,--end-group
Finished building target: AUDIO.elf
 
arm-none-eabi-size   AUDIO.elf 
arm-none-eabi-objdump -h -S  AUDIO.elf  > "AUDIO.list"
   text	   data	    bss	    dec	    hex	filename
  39520	    144	  11472	  51136	   c7c0	AUDIO.elf
Finished building: default.size.stdout
 
Finished building: AUDIO.list
 
02:40:08 **** Incremental Build of configuration Debug for project AUDIO ****
make -j16 all 
arm-none-eabi-gcc "../Core/Src/main.c" -mcpu=cortex-m3 -std=gnu11 -g3 -DDEBUG -DUSE_HAL_DRIVER -DSTM32F103xE -c -I../Core/Inc -I../Drivers/STM32F1xx_HAL_Driver/Inc/Legacy -I../Drivers/STM32F1xx_HAL_Driver/Inc -I../Drivers/CMSIS/Device/ST/STM32F1xx/Include -I../Drivers/CMSIS/Include -I../FATFS/Target -I../FATFS/App -I../Middlewares/Third_Party/FatFs/src -O0 -ffunction-sections -fdata-sections -Wall -fstack-usage -MMD -MP -MF"Core/Src/main.d" -MT"Core/Src/main.o" --specs=nano.specs -mfloat-abi=soft -mthumb -o "Core/Src/main.o"
In file included from ../Core/Src/main.c:28:
../Core/Inc/fileBuff.h: In function 'initFileHeader':
../Core/Inc/fileBuff.h:70:80: warning: pointer targets in passing argument 4 of 'f_read' differ in signedness [-Wpointer-sign]
   70 |  return f_read(&(fileStruct->file), &(fileStruct->header), sizeof(WAV_HEADER), &bytes_read);
      |                                                                                ^~~~~~~~~~~
      |                                                                                |
      |                                                                                int *
In file included from ../FATFS/App/fatfs.h:26,
                 from ../Core/Src/main.c:21:
../Middlewares/Third_Party/FatFs/src/ff.h:228:54: note: expected 'UINT *' {aka 'unsigned int *'} but argument is of type 'int *'
  228 | FRESULT f_read (FIL* fp, void* buff, UINT btr, UINT* br);   /* Read data from a file */
      |                                                ~~~~~~^~
In file included from ../Core/Src/main.c:28:
../Core/Inc/fileBuff.h: In function 'readFile':
../Core/Inc/fileBuff.h:78:79: warning: passing argument 4 of 'f_read' from incompatible pointer type [-Wincompatible-pointer-types]
   78 |   FRESULT res = f_read(&(f->file), f->structs[f->currWriting].raw, BUFF_SIZE, &(f->structs[f->currWriting].buffSize));
      |                                                                               ^~~~~~~~~~~~~~~~~~~~~~~~~~~~~~~~~~~~~~
      |                                                                               |
      |                                                                               uint16_t * {aka short unsigned int *}
In file included from ../FATFS/App/fatfs.h:26,
                 from ../Core/Src/main.c:21:
../Middlewares/Third_Party/FatFs/src/ff.h:228:54: note: expected 'UINT *' {aka 'unsigned int *'} but argument is of type 'uint16_t *' {aka 'short unsigned int *'}
  228 | FRESULT f_read (FIL* fp, void* buff, UINT btr, UINT* br);   /* Read data from a file */
      |                                                ~~~~~~^~
../Core/Src/main.c: In function 'error_handler':
../Core/Src/main.c:81:3: warning: implicit declaration of function 'sprintf' [-Wimplicit-function-declaration]
   81 |   sprintf(buff, "%d %s", res, msg);
      |   ^~~~~~~
../Core/Src/main.c:81:3: warning: incompatible implicit declaration of built-in function 'sprintf'
../Core/Src/main.c:29:1: note: include '<stdio.h>' or provide a declaration of 'sprintf'
   28 | #include "fileBuff.h"
  +++ |+#include <stdio.h>
   29 | /* USER CODE END Includes */
../Core/Src/main.c: In function 'display_success':
../Core/Src/main.c:87:3: warning: incompatible implicit declaration of built-in function 'sprintf'
   87 |   sprintf(buff, "%d %s", num, msg);
      |   ^~~~~~~
../Core/Src/main.c:87:3: note: include '<stdio.h>' or provide a declaration of 'sprintf'
../Core/Src/main.c: In function 'main':
../Core/Src/main.c:177:5: warning: incompatible implicit declaration of built-in function 'sprintf'
  177 |     sprintf(buff, "%d no more :(", res);
      |     ^~~~~~~
../Core/Src/main.c:177:5: note: include '<stdio.h>' or provide a declaration of 'sprintf'
../Core/Src/main.c:201:5: warning: incompatible implicit declaration of built-in function 'sprintf'
  201 |     sprintf(buff, "hertz: %d", header->sampleFreq);
      |     ^~~~~~~
../Core/Src/main.c:201:5: note: include '<stdio.h>' or provide a declaration of 'sprintf'
../Core/Src/main.c:201:28: warning: format '%d' expects argument of type 'int', but argument 3 has type 'uint32_t' {aka 'long unsigned int'} [-Wformat=]
  201 |     sprintf(buff, "hertz: %d", header->sampleFreq);
      |                           ~^   ~~~~~~~~~~~~~~~~~~
      |                            |         |
      |                            int       uint32_t {aka long unsigned int}
      |                           %ld
../Core/Src/main.c:207:27: warning: format '%d' expects argument of type 'int', but argument 3 has type 'uint32_t' {aka 'long unsigned int'} [-Wformat=]
  207 |     sprintf(buff, "data: %d", header->dataChunkLength);
      |                          ~^   ~~~~~~~~~~~~~~~~~~~~~~~
      |                           |         |
      |                           int       uint32_t {aka long unsigned int}
      |                          %ld
../Core/Src/main.c:237:29: warning: format '%d' expects argument of type 'int', but argument 3 has type 'uint32_t' {aka 'long unsigned int'} [-Wformat=]
  237 |     sprintf(buff, "count: %6d     ", sampleFile.sampleCount);
      |                           ~~^        ~~~~~~~~~~~~~~~~~~~~~~
      |                             |                  |
      |                             int                uint32_t {aka long unsigned int}
      |                           %6ld
In file included from ../Core/Src/main.c:28:
../Core/Inc/fileBuff.h: In function 'readSample':
../Core/Inc/fileBuff.h:106:1: warning: control reaches end of non-void function [-Wreturn-type]
  106 | }
      | ^
At top level:
../Core/Src/main.c:504:13: warning: 'MX_SDIO_SD_Init' defined but not used [-Wunused-function]
  504 | static void MX_SDIO_SD_Init(void)
      |             ^~~~~~~~~~~~~~~
arm-none-eabi-gcc -o "AUDIO.elf" @"objects.list"   -mcpu=cortex-m3 -T"C:\Users\pinkp\Documents\GitHub\ELEC3300-Project\AUDIO\STM32F103VETX_FLASH.ld" --specs=nosys.specs -Wl,-Map="AUDIO.map" -Wl,--gc-sections -static --specs=nano.specs -mfloat-abi=soft -mthumb -Wl,--start-group -lc -lm -Wl,--end-group
Finished building target: AUDIO.elf
 
arm-none-eabi-size   AUDIO.elf 
arm-none-eabi-objdump -h -S  AUDIO.elf  > "AUDIO.list"
   text	   data	    bss	    dec	    hex	filename
  39520	    144	  11472	  51136	   c7c0	AUDIO.elf
Finished building: default.size.stdout
 
Finished building: AUDIO.list
 
